 AxleSplitHEVv5_sfun

 Timestamp is 5582bee2 (Thu Jun 18 14:51:46 2015)

 Preferred load address is 10000000

 Start         Length     Name                   Class
 0001:00000000 000420d4H .text                   CODE
 0002:00000000 00000244H .idata$5                DATA
 0002:00000244 00000004H .CRT$XCA                DATA
 0002:00000248 00000004H .CRT$XCZ                DATA
 0002:0000024c 00000004H .CRT$XIA                DATA
 0002:00000250 00000004H .CRT$XIAA               DATA
 0002:00000254 00000004H .CRT$XIC                DATA
 0002:00000258 00000004H .CRT$XIZ                DATA
 0002:00000260 00004680H .rdata                  DATA
 0002:000048e0 00000004H .rdata$sxdata           DATA
 0002:000048e4 00000004H .rtc$IAA                DATA
 0002:000048e8 00000004H .rtc$IZZ                DATA
 0002:000048ec 00000004H .rtc$TAA                DATA
 0002:000048f0 00000004H .rtc$TZZ                DATA
 0002:000048f8 00000064H .xdata$x                DATA
 0002:0000495c 0000008cH .idata$2                DATA
 0002:000049e8 00000014H .idata$3                DATA
 0002:000049fc 00000244H .idata$4                DATA
 0002:00004c40 00000ab0H .idata$6                DATA
 0002:000056f0 00000059H .edata                  DATA
 0003:00000000 000035a0H .data                   DATA
 0003:000035a0 000020e8H .bss                    DATA

  Address         Publics by Value              Rva+Base       Lib:Object

 0000:00000000       __except_list              00000000     <absolute>
 0000:00000001       ___safe_se_handler_count   00000001     <absolute>
 0000:00009876       __fltused                  00009876     <absolute>
 0000:00009876       __ldused                   00009876     <absolute>
 0000:00000000       ___ImageBase               10000000     <linker-defined>
 0001:00000030       _sf_c1_AxleSplitHEVv5_get_eml_resolved_functions_info 10001030 f   c1_AxleSplitHEVv5.obj
 0001:00000080       _sf_c1_AxleSplitHEVv5_get_check_sum 10001080 f   c1_AxleSplitHEVv5.obj
 0001:000000e0       _sf_c1_AxleSplitHEVv5_get_autoinheritance_info 100010e0 f   c1_AxleSplitHEVv5.obj
 0001:000004e0       _sf_c1_AxleSplitHEVv5_third_party_uses_info 100014e0 f   c1_AxleSplitHEVv5.obj
 0001:00000500       _sf_internal_get_sim_state_c1_AxleSplitHEVv5 10001500 f   c1_AxleSplitHEVv5.obj
 0001:000007f0       _sf_internal_set_sim_state_c1_AxleSplitHEVv5 100017f0 f   c1_AxleSplitHEVv5.obj
 0001:000010f0       _c1_AxleSplitHEVv5_method_dispatcher 100020f0 f   c1_AxleSplitHEVv5.obj
 0001:0000b2f0       _sf_c2_AxleSplitHEVv5_get_eml_resolved_functions_info 1000c2f0 f   c2_AxleSplitHEVv5.obj
 0001:0000b340       _sf_c2_AxleSplitHEVv5_get_check_sum 1000c340 f   c2_AxleSplitHEVv5.obj
 0001:0000b3a0       _sf_c2_AxleSplitHEVv5_get_autoinheritance_info 1000c3a0 f   c2_AxleSplitHEVv5.obj
 0001:0000bcf0       _sf_c2_AxleSplitHEVv5_third_party_uses_info 1000ccf0 f   c2_AxleSplitHEVv5.obj
 0001:0000bd10       _sf_internal_get_sim_state_c2_AxleSplitHEVv5 1000cd10 f   c2_AxleSplitHEVv5.obj
 0001:0000c110       _sf_internal_set_sim_state_c2_AxleSplitHEVv5 1000d110 f   c2_AxleSplitHEVv5.obj
 0001:0000cd50       _c2_AxleSplitHEVv5_method_dispatcher 1000dd50 f   c2_AxleSplitHEVv5.obj
 0001:00014080       _sf_c4_AxleSplitHEVv5_get_eml_resolved_functions_info 10015080 f   c4_AxleSplitHEVv5.obj
 0001:000140d0       _sf_c4_AxleSplitHEVv5_get_check_sum 100150d0 f   c4_AxleSplitHEVv5.obj
 0001:00014130       _sf_c4_AxleSplitHEVv5_get_autoinheritance_info 10015130 f   c4_AxleSplitHEVv5.obj
 0001:00014790       _sf_c4_AxleSplitHEVv5_third_party_uses_info 10015790 f   c4_AxleSplitHEVv5.obj
 0001:000147b0       _sf_internal_get_sim_state_c4_AxleSplitHEVv5 100157b0 f   c4_AxleSplitHEVv5.obj
 0001:00014bc0       _sf_internal_set_sim_state_c4_AxleSplitHEVv5 10015bc0 f   c4_AxleSplitHEVv5.obj
 0001:00015400       _c4_AxleSplitHEVv5_method_dispatcher 10016400 f   c4_AxleSplitHEVv5.obj
 0001:00018d70       _sf_process_check_sum_call 10019d70 f   AxleSplitHEVv5_sfun_registry.obj
 0001:00018da0       _sf_process_autoinheritance_call 10019da0 f   AxleSplitHEVv5_sfun_registry.obj
 0001:00018ee0       _sf_process_get_third_party_uses_info_call 10019ee0 f   AxleSplitHEVv5_sfun_registry.obj
 0001:00019020       _sf_process_get_eml_resolved_functions_info_call 1001a020 f   AxleSplitHEVv5_sfun_registry.obj
 0001:00019140       _sf_mex_unlock_call        1001a140 f   AxleSplitHEVv5_sfun_registry.obj
 0001:000191d0       _sf_machine_global_initializer_called 1001a1d0 f   AxleSplitHEVv5_sfun_registry.obj
 0001:000191f0       _sf_machine_global_method_dispatcher 1001a1f0 f   AxleSplitHEVv5_sfun_registry.obj
 0001:00019230       _sf_machine_global_terminator 1001a230 f   AxleSplitHEVv5_sfun_registry.obj
 0001:00019270       _sf_register_machine_exported_symbols 1001a270 f   AxleSplitHEVv5_sfun_registry.obj
 0001:00019290       _callCustomFcn             1001a290 f   AxleSplitHEVv5_sfun_registry.obj
 0001:000192a0       _sf_machine_global_initializer 1001a2a0 f   AxleSplitHEVv5_sfun_registry.obj
 0001:00019310       __ssSetStateAbsTol         1001a310 f   AxleSplitHEVv5_sfun_registry.obj
 0001:000193b0       __ssGetAbsTol              1001a3b0 f   AxleSplitHEVv5_sfun_registry.obj
 0001:00019400       __ssSetInputPortMatrixDimensions 1001a400 f   AxleSplitHEVv5_sfun_registry.obj
 0001:000194b0       __ssSetOutputPortMatrixDimensions 1001a4b0 f   AxleSplitHEVv5_sfun_registry.obj
 0001:00019560       __ssSetInputPortVectorDimension 1001a560 f   AxleSplitHEVv5_sfun_registry.obj
 0001:000195e0       __ssSetOutputPortVectorDimension 1001a5e0 f   AxleSplitHEVv5_sfun_registry.obj
 0001:00019660       _ssIsRunTimeParamTunable   1001a660 f   AxleSplitHEVv5_sfun_registry.obj
 0001:000196c0       _ssGetSFuncBlockHandle     1001a6c0 f   AxleSplitHEVv5_sfun_registry.obj
 0001:00019710       __ssGetCurrentInputPortWidth 1001a710 f   AxleSplitHEVv5_sfun_registry.obj
 0001:000197e0       __ssGetCurrentOutputPortWidth 1001a7e0 f   AxleSplitHEVv5_sfun_registry.obj
 0001:000198b0       __ssGetCallSystemNumFcnCallDestinations 1001a8b0 f   AxleSplitHEVv5_sfun_registry.obj
 0001:00019910       _ssWarning                 1001a910 f   AxleSplitHEVv5_sfun_registry.obj
 0001:000199f0       _ssGetIsZeroCrossControlDisabled 1001a9f0 f   AxleSplitHEVv5_sfun_registry.obj
 0001:00019a50       _ssSetIsInputPortUsedForContZcSignal 1001aa50 f   AxleSplitHEVv5_sfun_registry.obj
 0001:00019aa0       _ssSetZcSignalIsZcElementDisc 1001aaa0 f   AxleSplitHEVv5_sfun_registry.obj
 0001:00019b20       _ssSetZcSignalName         1001ab20 f   AxleSplitHEVv5_sfun_registry.obj
 0001:00019b70       _ssSetZcSignalWidth        1001ab70 f   AxleSplitHEVv5_sfun_registry.obj
 0001:00019bc0       _ssSetZcSignalZcEventType  1001abc0 f   AxleSplitHEVv5_sfun_registry.obj
 0001:00019c10       _ssSetZcSignalType         1001ac10 f   AxleSplitHEVv5_sfun_registry.obj
 0001:00019c60       _ssSetZcSignalZcTol        1001ac60 f   AxleSplitHEVv5_sfun_registry.obj
 0001:00019cb0       _ssSetZcSignalNeedsEventNotification 1001acb0 f   AxleSplitHEVv5_sfun_registry.obj
 0001:00019d00       _ssCreateAndAddZcSignalInfo 1001ad00 f   AxleSplitHEVv5_sfun_registry.obj
 0001:00019d60       _ssCloneAndAddZcSignalInfo 1001ad60 f   AxleSplitHEVv5_sfun_registry.obj
 0001:00019dc0       _ssGetNumZcSignals         1001adc0 f   AxleSplitHEVv5_sfun_registry.obj
 0001:00019e20       _ssGetZcSignalVector       1001ae20 f   AxleSplitHEVv5_sfun_registry.obj
 0001:00019e80       _ssGetZcSignalZcEvents     1001ae80 f   AxleSplitHEVv5_sfun_registry.obj
 0001:00019ee0       _ssGetZcSignalName         1001aee0 f   AxleSplitHEVv5_sfun_registry.obj
 0001:00019f40       _ssGetZcSignalWidth        1001af40 f   AxleSplitHEVv5_sfun_registry.obj
 0001:00019fa0       _ssGetZcSignalZcEventType  1001afa0 f   AxleSplitHEVv5_sfun_registry.obj
 0001:0001a000       _ssGetZcSignalType         1001b000 f   AxleSplitHEVv5_sfun_registry.obj
 0001:0001a060       _ssGetZcSignalZcTol        1001b060 f   AxleSplitHEVv5_sfun_registry.obj
 0001:0001a0c0       _ssGetZcSignalNeedsEventNotification 1001b0c0 f   AxleSplitHEVv5_sfun_registry.obj
 0001:0001a120       _ssGetZcSignalIsZcElementDisc 1001b120 f   AxleSplitHEVv5_sfun_registry.obj
 0001:0001a1a0       _ssGetIsInputPortElementContinuous 1001b1a0 f   AxleSplitHEVv5_sfun_registry.obj
 0001:0001a220       __ssGetInputPortSignalPtrsFcn 1001b220 f   AxleSplitHEVv5_sfun_registry.obj
 0001:0001a420       __ssGetInputPortSignalFcn  1001b420 f   AxleSplitHEVv5_sfun_registry.obj
 0001:0001a5b0       __ssSetInputPortDirectFeedThroughFcn 1001b5b0 f   AxleSplitHEVv5_sfun_registry.obj
 0001:0001a6e0       __ssSetInputPortReusableFcn 1001b6e0 f   AxleSplitHEVv5_sfun_registry.obj
 0001:0001a770       __ssSetOutputPortReusableFcn 1001b770 f   AxleSplitHEVv5_sfun_registry.obj
 0001:0001a800       _ssGetDTypeIdFromMxArray   1001b800 f   AxleSplitHEVv5_sfun_registry.obj
 0001:0001a8f0       _ssWriteRTWStr             1001b8f0 f   AxleSplitHEVv5_sfun_registry.obj
 0001:0001a930       _ssWriteRTWMxVectParam     1001b930 f   AxleSplitHEVv5_sfun_registry.obj
 0001:0001a970       _ssWriteRTWMx2dMatParam    1001b970 f   AxleSplitHEVv5_sfun_registry.obj
 0001:0001a9b0       _ssWriteRTWNameValuePair   1001b9b0 f   AxleSplitHEVv5_sfun_registry.obj
 0001:0001ad20       _ssWriteRTWParameters      1001bd20 f   AxleSplitHEVv5_sfun_registry.obj
 0001:0001b0c0       _ssWriteRTWParamSettings   1001c0c0 f   AxleSplitHEVv5_sfun_registry.obj
 0001:0001b570       _ssWriteRTWWorkVect        1001c570 f   AxleSplitHEVv5_sfun_registry.obj
 0001:0001b900       _mexFunction               1001c900 f   AxleSplitHEVv5_sfun_registry.obj
 0001:0001d080       _ProcessMexSfunctionEveryCall 1001e080 f   AxleSplitHEVv5_sfun_registry.obj
 0001:0001d190       _AxleSplitHEVv5_initializer 1001e190 f   AxleSplitHEVv5_sfun.obj
 0001:0001d1a0       _AxleSplitHEVv5_terminator 1001e1a0 f   AxleSplitHEVv5_sfun.obj
 0001:0001d1b0       _sf_AxleSplitHEVv5_method_dispatcher 1001e1b0 f   AxleSplitHEVv5_sfun.obj
 0001:0001d220       _sf_AxleSplitHEVv5_process_check_sum_call 1001e220 f   AxleSplitHEVv5_sfun.obj
 0001:0001d5f0       _sf_AxleSplitHEVv5_autoinheritance_info 1001e5f0 f   AxleSplitHEVv5_sfun.obj
 0001:0001d790       _sf_AxleSplitHEVv5_get_eml_resolved_functions_info 1001e790 f   AxleSplitHEVv5_sfun.obj
 0001:0001d8e0       _sf_AxleSplitHEVv5_third_party_uses_info 1001e8e0 f   AxleSplitHEVv5_sfun.obj
 0001:0001da70       _AxleSplitHEVv5_debug_initialize 1001ea70 f   AxleSplitHEVv5_sfun.obj
 0001:0001dad0       _AxleSplitHEVv5_register_exported_symbols 1001ead0 f   AxleSplitHEVv5_sfun.obj
 0001:0001dae0       _load_AxleSplitHEVv5_optimization_info 1001eae0 f   AxleSplitHEVv5_sfun.obj
 0001:0001db20       _unload_AxleSplitHEVv5_optimization_info 1001eb20 f   AxleSplitHEVv5_sfun.obj
 0001:0001dbf0       _sf_mex_mx_is_numeric      1001ebf0 f   sfc_mexmsvc80:sfc_mex.obj
 0001:0001dc30       _strcmp_ignore_ws          1001ec30 f   sfc_mexmsvc80:sfc_mex.obj
 0001:0001dd50       _sf_mex_duplicatearraysafe 1001ed50 f   sfc_mexmsvc80:sfc_mex.obj
 0001:0001df30       _sf_set_error_debugger_context_message_fcn 1001ef30 f   sfc_mexmsvc80:sfc_mex.obj
 0001:0001df50       _sf_set_debugger_matlab_error_fcn 1001ef50 f   sfc_mexmsvc80:sfc_mex.obj
 0001:0001df80       _sf_set_error_prefix_string 1001ef80 f   sfc_mexmsvc80:sfc_mex.obj
 0001:0001dfb0       _sf_get_error_prefix_string 1001efb0 f   sfc_mexmsvc80:sfc_mex.obj
 0001:0001dfc0       _sf_mex_enter_parallel_region 1001efc0 f   sfc_mexmsvc80:sfc_mex.obj
 0001:0001dfd0       _sf_mex_exit_parallel_region 1001efd0 f   sfc_mexmsvc80:sfc_mex.obj
 0001:0001dfe0       _sf_get_current_jmp_buf_ptr 1001efe0 f   sfc_mexmsvc80:sfc_mex.obj
 0001:0001dff0       _sf_set_current_jmp_buf_ptr 1001eff0 f   sfc_mexmsvc80:sfc_mex.obj
 0001:0001e000       _sf_mex_set_halt_simulation 1001f000 f   sfc_mexmsvc80:sfc_mex.obj
 0001:0001e010       _sf_mex_get_halt_simulation 1001f010 f   sfc_mexmsvc80:sfc_mex.obj
 0001:0001e020       _sf_mex_clear_error_message 1001f020 f   sfc_mexmsvc80:sfc_mex.obj
 0001:0001e040       _sf_mex_get_error_message_for_read 1001f040 f   sfc_mexmsvc80:sfc_mex.obj
 0001:0001e050       _sf_mex_get_error_message_buffer_length 1001f050 f   sfc_mexmsvc80:sfc_mex.obj
 0001:0001e120       _sf_mex_warning_message    1001f120 f   sfc_mexmsvc80:sfc_mex.obj
 0001:0001e170       _sf_mex_v_errbuf_createf   1001f170 f   sfc_mexmsvc80:sfc_mex.obj
 0001:0001e190       _sf_mex_errbuf_createf     1001f190 f   sfc_mexmsvc80:sfc_mex.obj
 0001:0001e1b0       _sf_mex_v_errbuf_catf      1001f1b0 f   sfc_mexmsvc80:sfc_mex.obj
 0001:0001e1f0       _sf_mex_errbuf_catf        1001f1f0 f   sfc_mexmsvc80:sfc_mex.obj
 0001:0001e230       _sf_mex_errbuf_copy        1001f230 f   sfc_mexmsvc80:sfc_mex.obj
 0001:0001e250       _sf_mex_errbuf_clear       1001f250 f   sfc_mexmsvc80:sfc_mex.obj
 0001:0001e260       _sf_mex_errbuf_isempty     1001f260 f   sfc_mexmsvc80:sfc_mex.obj
 0001:0001e2f0       _sf_mex_set_error_status   1001f2f0 f   sfc_mexmsvc80:sfc_mex.obj
 0001:0001e320       _sf_mex_error_direct_call  1001f320 f   sfc_mexmsvc80:sfc_mex.obj
 0001:0001e340       _sf_mex_error_message_no_long_jump 1001f340 f   sfc_mexmsvc80:sfc_mex.obj
 0001:0001e370       _sf_mex_long_jump_on_error 1001f370 f   sfc_mexmsvc80:sfc_mex.obj
 0001:0001e3a0       _sf_mex_call_matlab        1001f3a0 f   sfc_mexmsvc80:sfc_mex.obj
 0001:0001e470       _sf_mex_check_builtin      1001f470 f   sfc_mexmsvc80:sfc_mex.obj
 0001:0001e4d0       _sf_mex_check_builtin_vs   1001f4d0 f   sfc_mexmsvc80:sfc_mex.obj
 0001:0001e530       _sf_mex_check_enum         1001f530 f   sfc_mexmsvc80:sfc_mex.obj
 0001:0001e580       _sf_mex_create_enum        1001f580 f   sfc_mexmsvc80:sfc_mex.obj
 0001:0001e5d0       _sf_mex_get_enum_element   1001f5d0 f   sfc_mexmsvc80:sfc_mex.obj
 0001:0001e5e0       _sf_mex_createcellarray    1001f5e0 f   sfc_mexmsvc80:sfc_mex.obj
 0001:0001e600       _sf_mex_setcell            1001f600 f   sfc_mexmsvc80:sfc_mex.obj
 0001:0001e610       _sf_mex_getcell            1001f610 f   sfc_mexmsvc80:sfc_mex.obj
 0001:0001e620       _sf_mex_dup                1001f620 f   sfc_mexmsvc80:sfc_mex.obj
 0001:0001e650       _sf_mex_assign             1001f650 f   sfc_mexmsvc80:sfc_mex.obj
 0001:0001e6a0       _sf_mex_destroy            1001f6a0 f   sfc_mexmsvc80:sfc_mex.obj
 0001:0001e6c0       _mx_array_has_fi_type      1001f6c0 f   sfc_mexmsvc80:sfc_mex.obj
 0001:0001e6f0       _sf_mex_convert_from_fi    1001f6f0 f   sfc_mexmsvc80:sfc_mex.obj
 0001:0001e7d0       _sf_mex_convert_to_double  1001f7d0 f   sfc_mexmsvc80:sfc_mex.obj
 0001:0001e810       _sf_mex_import_fi_vs       1001f810 f   sfc_mexmsvc80:sfc_mex.obj
 0001:0001e970       _sf_matrix_matrix_index_ok 1001f970 f   sfc_mexmsvc80:sfc_mex.obj
 0001:0001e9e0       _sf_vector_vector_index_ok 1001f9e0 f   sfc_mexmsvc80:sfc_mex.obj
 0001:0001ea10       _ssGetCurrentInputPortDimensions_wrapper 1001fa10 f   sfc_mexmsvc80:sfc_mex.obj
 0001:0001ea30       _ssGetCurrentOutputPortDimensions_wrapper 1001fa30 f   sfc_mexmsvc80:sfc_mex.obj
 0001:0001ea50       _sf_mex_emlrt_context_is_debug_mode 1001fa50 f   sfc_mexmsvc80:sfc_mex.obj
 0001:0001ea60       _sf_mex_emlrt_context_set_debug_mode 1001fa60 f   sfc_mexmsvc80:sfc_mex.obj
 0001:0001ea70       _sf_mex_emlrtNameCapturePostProcessR2012a 1001fa70 f   sfc_mexmsvc80:sfc_mex.obj
 0001:0001ead0       _sf_clear_error_manager_info 1001fad0 f   sfc_mexmsvc80:sfc_mex.obj
 0001:0001eb20       _sf_mex_stop_simulation_abruptly_wo_error 1001fb20 f   sfc_mexmsvc80:sfc_mex.obj
 0001:0001eb50       _sf_mex_error_message      1001fb50 f   sfc_mexmsvc80:sfc_mex.obj
 0001:0001eba0       _sf_react_to_error_in_matlab_call 1001fba0 f   sfc_mexmsvc80:sfc_mex.obj
 0001:0001ebd0       _sf_mex_addfield           1001fbd0 f   sfc_mexmsvc80:sfc_mex.obj
 0001:0001ec50       _sf_mex_getfield           1001fc50 f   sfc_mexmsvc80:sfc_mex.obj
 0001:0001eed0       _sf_mex_check_class        1001fed0 f   sfc_mexmsvc80:sfc_mex.obj
 0001:0001ef50       _sf_mex_is_real            1001ff50 f   sfc_mexmsvc80:sfc_mex.obj
 0001:0001f160       _sf_mex_decode_encoded_mx_struct_array 10020160 f   sfc_mexmsvc80:sfc_mex.obj
 0001:0001f300       _sf_mex_lw_bounds_check    10020300 f   sfc_mexmsvc80:sfc_mex.obj
 0001:0001f330       _sf_mex_lw_size_eq_check_1d 10020330 f   sfc_mexmsvc80:sfc_mex.obj
 0001:0001f350       _sf_mex_lw_size_eq_check_nd 10020350 f   sfc_mexmsvc80:sfc_mex.obj
 0001:0001f430       _sf_mex_lw_dim_size_eq_check 10020430 f   sfc_mexmsvc80:sfc_mex.obj
 0001:0001f460       _sf_mex_lw_dim_size_geq_check 10020460 f   sfc_mexmsvc80:sfc_mex.obj
 0001:0001f490       _sf_mex_lw_sub_assign_size_check_nd 10020490 f   sfc_mexmsvc80:sfc_mex.obj
 0001:0001f5c0       _sf_mex_lw_runtime_error_msgid 100205c0 f   sfc_mexmsvc80:sfc_mex.obj
 0001:0001f670       _sf_mex_lw_matrix_matrix_index_check 10020670 f   sfc_mexmsvc80:sfc_mex.obj
 0001:0001f6a0       _sf_mex_lw_vector_vector_index_check 100206a0 f   sfc_mexmsvc80:sfc_mex.obj
 0001:0001f6e0       _sf_mex_lw_for_loop_vector_check 100206e0 f   sfc_mexmsvc80:sfc_mex.obj
 0001:0001f740       _sf_mex_lw_non_negative_check 10020740 f   sfc_mexmsvc80:sfc_mex.obj
 0001:0001f770       _sf_mex_overflow_error     10020770 f   sfc_mexmsvc80:sfc_mex.obj
 0001:0001f780       _sf_mex_dividebyzero_error 10020780 f   sfc_mexmsvc80:sfc_mex.obj
 0001:0001f790       _sf_mex_unsafe_enum_error  10020790 f   sfc_mexmsvc80:sfc_mex.obj
 0001:0001f7a0       _sf_emlrtErrHandler        100207a0 f   sfc_mexmsvc80:sfc_mex.obj
 0001:0001f860       _sf_mex_size_one_check     10020860 f   sfc_mexmsvc80:sfc_mex.obj
 0001:0001f880       _sf_mex_printf             10020880 f   sfc_mexmsvc80:sfc_mex.obj
 0001:0001f960       _sf_mex_check_size         10020960 f   sfc_mexmsvc80:sfc_mex.obj
 0001:0001fbe0       _sf_mex_check_struct       10020be0 f   sfc_mexmsvc80:sfc_mex.obj
 0001:0001fe30       _sf_mex_check_struct_vs    10020e30 f   sfc_mexmsvc80:sfc_mex.obj
 0001:0001fe70       _sf_mex_check_fi           10020e70 f   sfc_mexmsvc80:sfc_mex.obj
 0001:0001ff40       _sf_mex_check_fi_vs        10020f40 f   sfc_mexmsvc80:sfc_mex.obj
 0001:0001ff90       _sf_echo_expression        10020f90 f   sfc_mexmsvc80:sfc_mex.obj
 0001:0001ffe0       _sf_assertion_failed       10020fe0 f   sfc_mexmsvc80:sfc_mex.obj
 0001:00020270       _sf_mex_evalin             10021270 f   sfc_mexmsvc80:sfc_mex.obj
 0001:000204d0       _sf_mex_export             100214d0 f   sfc_mexmsvc80:sfc_mex.obj
 0001:00020580       _sf_mex_get_ml_var_no_error 10021580 f   sfc_mexmsvc80:sfc_mex.obj
 0001:000206e0       _sf_mex_get_ml_var         100216e0 f   sfc_mexmsvc80:sfc_mex.obj
 0001:00020bb0       _ml_set_element_value_in_array 10021bb0 f   sfc_mexmsvc80:sfc_mex.obj
 0001:00021ce0       _sf_mex_call_impl          10022ce0 f   sfc_mexmsvc80:sfc_mex.obj
 0001:00022080       _sf_mex_call_debug         10023080 f   sfc_mexmsvc80:sfc_mex.obj
 0001:000220a0       _sf_mex_call               100230a0 f   sfc_mexmsvc80:sfc_mex.obj
 0001:000227b0       _sf_mex_createstruct       100237b0 f   sfc_mexmsvc80:sfc_mex.obj
 0001:00022850       _sf_mex_createstructarray  10023850 f   sfc_mexmsvc80:sfc_mex.obj
 0001:000228b0       _sf_mex_get_mx_datatype_from_sf_datatype 100238b0 f   sfc_mexmsvc80:sfc_mex.obj
 0001:00022b40       _sf_mex_ml_var_sub         10023b40 f   sfc_mexmsvc80:sfc_mex.obj
 0001:00022cb0       _sf_mex_ml_var_subsasgn    10023cb0 f   sfc_mexmsvc80:sfc_mex.obj
 0001:00022fc0       _sf_mex_sub                10023fc0 f   sfc_mexmsvc80:sfc_mex.obj
 0001:00023160       _sf_mex_subsasgn           10024160 f   sfc_mexmsvc80:sfc_mex.obj
 0001:00023550       _sf_mex_create             10024550 f   sfc_mexmsvc80:sfc_mex.obj
 0001:00023e40       _sf_mex_import_named       10024e40 f   sfc_mexmsvc80:sfc_mex.obj
 0001:00023e90       _sf_mex_import             10024e90 f   sfc_mexmsvc80:sfc_mex.obj
 0001:00023ed0       _sf_mex_import_vs          10024ed0 f   sfc_mexmsvc80:sfc_mex.obj
 0001:00023f80       _sf_mex_lower_fixpt_mx_array 10024f80 f   sfc_mexmsvc80:sfc_mex.obj
 0001:00024150       _sf_send_message_wrapper   10025150 f   sfc_mexmsvc80:sfc_sf.obj
 0001:00024180       _sf_receive_message_wrapper 10025180 f   sfc_mexmsvc80:sfc_sf.obj
 0001:000241c0       _sf_check_out_message_wrapper 100251c0 f   sfc_mexmsvc80:sfc_sf.obj
 0001:00024200       _sf_check_in_message_wrapper 10025200 f   sfc_mexmsvc80:sfc_sf.obj
 0001:00024240       _sf_no_message_wrapper     10025240 f   sfc_mexmsvc80:sfc_sf.obj
 0001:000244b0       _sim_mode_is_rtw_gen       100254b0 f   sfc_mexmsvc80:sfc_sf.obj
 0001:000244f0       _sim_mode_is_external      100254f0 f   sfc_mexmsvc80:sfc_sf.obj
 0001:00024510       _sim_mode_is_modelref_sim  10025510 f   sfc_mexmsvc80:sfc_sf.obj
 0001:00024540       _mdlInitializeSizes        10025540 f   sfc_mexmsvc80:sfc_sf.obj
 0001:00024560       _mdlInitializeSampleTimes  10025560 f   sfc_mexmsvc80:sfc_sf.obj
 0001:000245a0       _mdlZeroCrossings          100255a0 f   sfc_mexmsvc80:sfc_sf.obj
 0001:00024650       _mdlDerivatives            10025650 f   sfc_mexmsvc80:sfc_sf.obj
 0001:000246f0       _mdl_initialize_conditions_processing 100256f0 f   sfc_mexmsvc80:sfc_sf.obj
 0001:00024720       _mdlInitializeConditions   10025720 f   sfc_mexmsvc80:sfc_sf.obj
 0001:000247c0       _mdlGetSimState            100257c0 f   sfc_mexmsvc80:sfc_sf.obj
 0001:000247e0       _mdlSetSimState            100257e0 f   sfc_mexmsvc80:sfc_sf.obj
 0001:00024800       _mdl_ext_mode_exec_processing 10025800 f   sfc_mexmsvc80:sfc_sf.obj
 0001:00024820       _mdlExtModeExec            10025820 f   sfc_mexmsvc80:sfc_sf.obj
 0001:000249b0       _mdlTerminate              100259b0 f   sfc_mexmsvc80:sfc_sf.obj
 0001:00024a10       _mdlRTW                    10025a10 f   sfc_mexmsvc80:sfc_sf.obj
 0001:00024a40       _mdlSetWorkWidths          10025a40 f   sfc_mexmsvc80:sfc_sf.obj
 0001:00024a60       _mdlProcessParameters      10025a60 f   sfc_mexmsvc80:sfc_sf.obj
 0001:00024a80       _mdl_start_processing      10025a80 f   sfc_mexmsvc80:sfc_sf.obj
 0001:00024ad0       _mdlStart                  10025ad0 f   sfc_mexmsvc80:sfc_sf.obj
 0001:00024b80       _mdlEnable                 10025b80 f   sfc_mexmsvc80:sfc_sf.obj
 0001:00024c30       _mdlDisable                10025c30 f   sfc_mexmsvc80:sfc_sf.obj
 0001:00024cc0       _sf_get_chart_instance_ptr 10025cc0 f   sfc_mexmsvc80:sfc_sf.obj
 0001:00024ce0       _sf_load_rtw_optimization_info 10025ce0 f   sfc_mexmsvc80:sfc_sf.obj
 0001:00024d80       _sf_update_buildInfo       10025d80 f   sfc_mexmsvc80:sfc_sf.obj
 0001:00024e40       _sf_rtw_info_uint_prop     10025e40 f   sfc_mexmsvc80:sfc_sf.obj
 0001:00024f60       _sf_is_chart_inlinable     10025f60 f   sfc_mexmsvc80:sfc_sf.obj
 0001:00024f90       _sf_mark_output_events_with_multiple_callers 10025f90 f   sfc_mexmsvc80:sfc_sf.obj
 0001:000250f0       _sf_mark_chart_reusable_outputs 100260f0 f   sfc_mexmsvc80:sfc_sf.obj
 0001:00025250       _sf_mark_chart_expressionable_inputs 10026250 f   sfc_mexmsvc80:sfc_sf.obj
 0001:000253b0       _sf_get_subchart_simstruct 100263b0 f   sfc_mexmsvc80:sfc_sf.obj
 0001:000253f0       _sf_get_fixpt_data_type_id 100263f0 f   sfc_mexmsvc80:sfc_sf.obj
 0001:00025430       _sf_get_enum_data_type_id  10026430 f   sfc_mexmsvc80:sfc_sf.obj
 0001:00025470       _sf_get_param_data_type_id 10026470 f   sfc_mexmsvc80:sfc_sf.obj
 0001:000254a0       _sf_mex_listen_for_ctrl_c_force 100264a0 f   sfc_mexmsvc80:sfc_sf.obj
 0001:000255a0       _sf_mex_draw_now           100265a0 f   sfc_mexmsvc80:sfc_sf.obj
 0001:000255e0       _sf_mex_set_debugger_sim_status_listener_fcn 100265e0 f   sfc_mexmsvc80:sfc_sf.obj
 0001:000255f0       _sf_mex_listen_for_ctrl_c  100265f0 f   sfc_mexmsvc80:sfc_sf.obj
 0001:00025680       _sf_mex_get_sfun_param     10026680 f   sfc_mexmsvc80:sfc_sf.obj
 0001:000256d0       _sf_get_runtime_param_data 100266d0 f   sfc_mexmsvc80:sfc_sf.obj
 0001:00025710       _sf_call_output_fcn_call   10026710 f   sfc_mexmsvc80:sfc_sf.obj
 0001:00025830       _sf_call_output_fcn_enable 10026830 f   sfc_mexmsvc80:sfc_sf.obj
 0001:000258b0       _sf_call_output_fcn_disable 100268b0 f   sfc_mexmsvc80:sfc_sf.obj
 0001:00025930       _sf_clear_rtw_identifier   10026930 f   sfc_mexmsvc80:sfc_sf.obj
 0001:00026220       _sf_set_encoded_dwork_info 10027220 f   sfc_mexmsvc80:sfc_sf.obj
 0001:00026260       _sf_get_dwork_info_from_mat_file 10027260 f   sfc_mexmsvc80:sfc_sf.obj
 0001:000263b0       _sf_set_rtw_dwork_info     100273b0 f   sfc_mexmsvc80:sfc_sf.obj
 0001:000264e0       _mdlOutputs                100274e0 f   sfc_mexmsvc80:sfc_sf.obj
 0001:00026580       _sf_debug_chart_instance_initialized_quick 10027580 f   sfc_debugmsvc80:sfcdebug.obj
 0001:00026600       _sf_debug_disp             10027600 f   sfc_debugmsvc80:sfcdebug.obj
 0001:00026800       _sf_debug_data_runtime_size_mismatch_error_check 10027800 f   sfc_debugmsvc80:sfcdebug.obj
 0001:00026850       _sf_debug_try_loading_machine 10027850 f   sfc_debugmsvc80:sfcdebug.obj
 0001:00026930       _sf_debug_reset_current_state_configuration 10027930 f   sfc_debugmsvc80:sfcdebug.obj
 0001:00026970       _sf_debug_store_current_state_configuration 10027970 f   sfc_debugmsvc80:sfcdebug.obj
 0001:000269b0       _sf_debug_restore_previous_state_configuration 100279b0 f   sfc_debugmsvc80:sfcdebug.obj
 0001:000269f0       _sf_debug_restore_previous_state_configuration2 100279f0 f   sfc_debugmsvc80:sfcdebug.obj
 0001:00026a30       _sf_debug_get_event_scope  10027a30 f   sfc_debugmsvc80:sfcdebug.obj
 0001:00026b50       _use_debugger_step_animation 10027b50 f   sfc_debugmsvc80:sfcdebug.obj
 0001:00026b80       _sf_debug_get_script_id    10027b80 f   sfc_debugmsvc80:sfcdebug.obj
 0001:00026c10       _sf_debug_set_script_translation 10027c10 f   sfc_debugmsvc80:sfcdebug.obj
 0001:00026d40       _sf_debug_extract_message_post_receive_info 10027d40 f   sfc_debugmsvc80:sfcdebug.obj
 0001:00026e00       _sf_debug_get_current_machine_id 10027e00 f   sfc_debugmsvc80:sfcdebug.obj
 0001:00026e20       _sf_debug_get_current_optional_integer 10027e20 f   sfc_debugmsvc80:sfcdebug.obj
 0001:00026e30       _sf_debug_get_current_machine_number 10027e30 f   sfc_debugmsvc80:sfcdebug.obj
 0001:00026e50       _sf_debug_get_current_machine_name 10027e50 f   sfc_debugmsvc80:sfcdebug.obj
 0001:00026e70       _sf_debug_get_current_chart_id 10027e70 f   sfc_debugmsvc80:sfcdebug.obj
 0001:00026eb0       _sf_debug_get_current_chart_number 10027eb0 f   sfc_debugmsvc80:sfcdebug.obj
 0001:00026ec0       _sf_debug_get_current_instance_number 10027ec0 f   sfc_debugmsvc80:sfcdebug.obj
 0001:00026ed0       _sf_debug_get_current_is_minor_time_step 10027ed0 f   sfc_debugmsvc80:sfcdebug.obj
 0001:00026f50       _sf_debug_get_current_object_type 10027f50 f   sfc_debugmsvc80:sfcdebug.obj
 0001:00026f60       _sf_debug_get_current_instance_handle 10027f60 f   sfc_debugmsvc80:sfcdebug.obj
 0001:00026fc0       _sf_debug_get_current_event_type 10027fc0 f   sfc_debugmsvc80:sfcdebug.obj
 0001:00026fd0       _sf_debug_get_current_object_id 10027fd0 f   sfc_debugmsvc80:sfcdebug.obj
 0001:00027000       _sf_debug_get_current_active_event_type 10028000 f   sfc_debugmsvc80:sfcdebug.obj
 0001:00027010       _sf_debug_get_current_active_event_id 10028010 f   sfc_debugmsvc80:sfcdebug.obj
 0001:00027040       _sf_debug_get_current_tag_type 10028040 f   sfc_debugmsvc80:sfcdebug.obj
 0001:00027050       _sf_debug_get_current_simulation_time 10028050 f   sfc_debugmsvc80:sfcdebug.obj
 0001:00027060       _sf_debug_get_current_coverage_percentage 10028060 f   sfc_debugmsvc80:sfcdebug.obj
 0001:00027070       _sf_debug_current_statement_context 10028070 f   sfc_debugmsvc80:sfcdebug.obj
 0001:00027100       _sf_debug_get_current_statement_info 10028100 f   sfc_debugmsvc80:sfcdebug.obj
 0001:00027250       _sf_debug_terminate_instance 10028250 f   sfc_debugmsvc80:sfcdebug.obj
 0001:00027500       _sf_debug_assertion_failed 10028500 f   sfc_debugmsvc80:sfcdebug.obj
 0001:000276d0       _sf_debug_create_debug_instance_struct 100286d0 f   sfc_debugmsvc80:sfcdebug.obj
 0001:00027710       _sf_debug_set_number_of_data_with_change_event_for_machine 10028710 f   sfc_debugmsvc80:sfcdebug.obj
 0001:00027760       _sf_debug_set_machine_event_thresholds 10028760 f   sfc_debugmsvc80:sfcdebug.obj
 0001:00027790       _sf_debug_set_machine_event_scope 10028790 f   sfc_debugmsvc80:sfcdebug.obj
 0001:000277e0       _sf_debug_set_machine_data_thresholds 100287e0 f   sfc_debugmsvc80:sfcdebug.obj
 0001:00027830       _sf_debug_set_machine_data_scope 10028830 f   sfc_debugmsvc80:sfcdebug.obj
 0001:000278c0       _sf_debug_set_machine_data_name 100288c0 f   sfc_debugmsvc80:sfcdebug.obj
 0001:00027910       _sf_debug_set_machine_data_size 10028910 f   sfc_debugmsvc80:sfcdebug.obj
 0001:00027a10       _sf_debug_set_machine_data_type 10028a10 f   sfc_debugmsvc80:sfcdebug.obj
 0001:00027b40       _sf_debug_get_chart_data_number 10028b40 f   sfc_debugmsvc80:sfcdebug.obj
 0001:00027b70       _sf_debug_get_chart_event_number 10028b70 f   sfc_debugmsvc80:sfcdebug.obj
 0001:00027ba0       _sf_debug_set_chart_state_info 10028ba0 f   sfc_debugmsvc80:sfcdebug.obj
 0001:00027c20       _sf_debug_set_chart_decomposition 10028c20 f   sfc_debugmsvc80:sfcdebug.obj
 0001:00027c90       _sf_debug_set_chart_substate_count 10028c90 f   sfc_debugmsvc80:sfcdebug.obj
 0001:00027d60       _sf_debug_set_chart_substate_index 10028d60 f   sfc_debugmsvc80:sfcdebug.obj
 0001:00027de0       _sf_debug_set_chart_state_substate_count 10028de0 f   sfc_debugmsvc80:sfcdebug.obj
 0001:00027ed0       _sf_debug_set_chart_state_substate_index 10028ed0 f   sfc_debugmsvc80:sfcdebug.obj
 0001:00027f50       _sf_debug_set_number_of_data_with_change_event_for_chart 10028f50 f   sfc_debugmsvc80:sfcdebug.obj
 0001:00027fd0       _sf_debug_set_number_of_states_with_entry_event_for_chart 10028fd0 f   sfc_debugmsvc80:sfcdebug.obj
 0001:00028050       _sf_debug_set_number_of_states_with_exit_event_for_chart 10029050 f   sfc_debugmsvc80:sfcdebug.obj
 0001:000280d0       _sf_debug_set_chart_disable_implicit_casting 100290d0 f   sfc_debugmsvc80:sfcdebug.obj
 0001:00028140       _sf_debug_set_chart_event_thresholds 10029140 f   sfc_debugmsvc80:sfcdebug.obj
 0001:000281c0       _sf_debug_set_chart_data_compiled_props 100291c0 f   sfc_debugmsvc80:sfcdebug.obj
 0001:00028440       _sf_debug_set_chart_data_props 10029440 f   sfc_debugmsvc80:sfcdebug.obj
 0001:000286c0       _sf_debug_check_fi_license 100296c0 f   sfc_debugmsvc80:sfcdebug.obj
 0001:00028850       _sf_debug_symbol_scope_push 10029850 f   sfc_debugmsvc80:sfcdebug.obj
 0001:00028880       _sf_debug_symbol_scope_push_eml 10029880 f   sfc_debugmsvc80:sfcdebug.obj
 0001:000288c0       _sf_debug_symbol_scope_pop 100298c0 f   sfc_debugmsvc80:sfcdebug.obj
 0001:00028900       _sf_debug_symbol_scope_add_importable 10029900 f   sfc_debugmsvc80:sfcdebug.obj
 0001:00028960       _sf_debug_symbol_scope_add 10029960 f   sfc_debugmsvc80:sfcdebug.obj
 0001:000289b0       _sf_debug_symbol_scope_add_dyn_importable 100299b0 f   sfc_debugmsvc80:sfcdebug.obj
 0001:00028a20       _sf_debug_symbol_scope_add_dyn 10029a20 f   sfc_debugmsvc80:sfcdebug.obj
 0001:00028a50       _sf_debug_symbol_scope_add_eml_importable 10029a50 f   sfc_debugmsvc80:sfcdebug.obj
 0001:00028a80       _sf_debug_symbol_scope_add_eml 10029a80 f   sfc_debugmsvc80:sfcdebug.obj
 0001:00028ab0       _sf_debug_symbol_scope_add_eml_dyn_importable 10029ab0 f   sfc_debugmsvc80:sfcdebug.obj
 0001:00028b00       _sf_debug_symbol_scope_add_eml_dyn 10029b00 f   sfc_debugmsvc80:sfcdebug.obj
 0001:00028b50       _sf_debug_symbol_switch    10029b50 f   sfc_debugmsvc80:sfcdebug.obj
 0001:00028b70       _sf_debug_symbol_scope_add_verbose 10029b70 f   sfc_debugmsvc80:sfcdebug.obj
 0001:00028be0       _sf_debug_set_machine_data_value_ptr 10029be0 f   sfc_debugmsvc80:sfcdebug.obj
 0001:00028c20       _sf_debug_set_instance_data_value_ptr 10029c20 f   sfc_debugmsvc80:sfcdebug.obj
 0001:00028c80       _sf_debug_unset_instance_data_value_ptr 10029c80 f   sfc_debugmsvc80:sfcdebug.obj
 0001:00028cd0       _sf_debug_set_chart_event_scope 10029cd0 f   sfc_debugmsvc80:sfcdebug.obj
 0001:00028d50       _sf_debug_set_chart_transition_coverage_maps 10029d50 f   sfc_debugmsvc80:sfcdebug.obj
 0001:00028de0       _sf_debug_set_chart_state_coverage_maps 10029de0 f   sfc_debugmsvc80:sfcdebug.obj
 0001:00028e60       _sf_debug_set_instance_transition_coverage_weights 10029e60 f   sfc_debugmsvc80:sfcdebug.obj
 0001:00028ed0       _sf_debug_set_instance_state_coverage_weights 10029ed0 f   sfc_debugmsvc80:sfcdebug.obj
 0001:000290d0       _sf_debug_unload_machine   1002a0d0 f   sfc_debugmsvc80:sfcdebug.obj
 0001:00029120       _sf_debug_load_machine     1002a120 f   sfc_debugmsvc80:sfcdebug.obj
 0001:000291c0       _sf_debug_set_active_instance_in_data_dictionary 1002a1c0 f   sfc_debugmsvc80:sfcdebug.obj
 0001:00029340       _sf_debug_set_active_instance 1002a340 f   sfc_debugmsvc80:sfcdebug.obj
 0001:00029440       _sf_debug_chart_visiblity_change 1002a440 f   sfc_debugmsvc80:sfcdebug.obj
 0001:000294e0       _sf_debug_select_chart     1002a4e0 f   sfc_debugmsvc80:sfcdebug.obj
 0001:000295d0       _sf_debug_set_instance_cv_ids 1002a5d0 f   sfc_debugmsvc80:sfcdebug.obj
 0001:00029790       _sf_debug_select_charts    1002a790 f   sfc_debugmsvc80:sfcdebug.obj
 0001:000298e0       _sf_debug_initialized      1002a8e0 f   sfc_debugmsvc80:sfcdebug.obj
 0001:00029900       _sf_debug_is_uninterruptible 1002a900 f   sfc_debugmsvc80:sfcdebug.obj
 0001:00029940       _sf_debug_initialize_debugger_gui 1002a940 f   sfc_debugmsvc80:sfcdebug.obj
 0001:00029cd0       _sf_debug_resume           1002acd0 f   sfc_debugmsvc80:sfcdebug.obj
 0001:00029d00       _sf_debug_go               1002ad00 f   sfc_debugmsvc80:sfcdebug.obj
 0001:00029d20       _sf_debug_break            1002ad20 f   sfc_debugmsvc80:sfcdebug.obj
 0001:00029d40       _sf_debug_step_over        1002ad40 f   sfc_debugmsvc80:sfcdebug.obj
 0001:00029d60       _sf_debug_step_out         1002ad60 f   sfc_debugmsvc80:sfcdebug.obj
 0001:00029d80       _sf_debug_set_disable_all_breakpoints 1002ad80 f   sfc_debugmsvc80:sfcdebug.obj
 0001:00029da0       _sf_debug_disable_all_breakpoints_and_go 1002ada0 f   sfc_debugmsvc80:sfcdebug.obj
 0001:00029dc0       _sf_debug_break_on_chart_entry 1002adc0 f   sfc_debugmsvc80:sfcdebug.obj
 0001:00029de0       _sf_debug_break_on_event_broadcast 1002ade0 f   sfc_debugmsvc80:sfcdebug.obj
 0001:00029e00       _sf_debug_break_on_state_entry 1002ae00 f   sfc_debugmsvc80:sfcdebug.obj
 0001:00029e20       _sf_debug_break_between_times 1002ae20 f   sfc_debugmsvc80:sfcdebug.obj
 0001:00029e50       _sf_debug_browse_data      1002ae50 f   sfc_debugmsvc80:sfcdebug.obj
 0001:00029e60       _sf_debug_watch_data       1002ae60 f   sfc_debugmsvc80:sfcdebug.obj
 0001:00029e90       _sf_debug_assign_data      1002ae90 f   sfc_debugmsvc80:sfcdebug.obj
 0001:00029ea0       _sf_debug_whos             1002aea0 f   sfc_debugmsvc80:sfcdebug.obj
 0001:00029ec0       _sf_debug_get_consistency_info 1002aec0 f   sfc_debugmsvc80:sfcdebug.obj
 0001:00029ed0       _sf_debug_browse_trace     1002aed0 f   sfc_debugmsvc80:sfcdebug.obj
 0001:00029ee0       _sf_debug_set_breakpoints  1002aee0 f   sfc_debugmsvc80:sfcdebug.obj
 0001:00029fa0       _sf_debug_set_eml_breakpoints 1002afa0 f   sfc_debugmsvc80:sfcdebug.obj
 0001:0002a0b0       _sf_debug_set_script_breakpoints 1002b0b0 f   sfc_debugmsvc80:sfcdebug.obj
 0001:0002a130       _sf_debug_add_script_breakpoints 1002b130 f   sfc_debugmsvc80:sfcdebug.obj
 0001:0002a1a0       _sf_debug_clear_script_breakpoints 1002b1a0 f   sfc_debugmsvc80:sfcdebug.obj
 0001:0002a210       _sf_debug_query_script_breakpoints 1002b210 f   sfc_debugmsvc80:sfcdebug.obj
 0001:0002a2a0       _sf_debug_get_eml_script_id 1002b2a0 f   sfc_debugmsvc80:sfcdebug.obj
 0001:0002a2f0       _sf_debug_set_watch        1002b2f0 f   sfc_debugmsvc80:sfcdebug.obj
 0001:0002a480       _sf_debug_get_instance_handle 1002b480 f   sfc_debugmsvc80:sfcdebug.obj
 0001:0002a500       _sf_debug_get_active_states 1002b500 f   sfc_debugmsvc80:sfcdebug.obj
 0001:0002a520       _sf_debug_set_honor_breakpoints 1002b520 f   sfc_debugmsvc80:sfcdebug.obj
 0001:0002a540       _sf_debug_get_animation    1002b540 f   sfc_debugmsvc80:sfcdebug.obj
 0001:0002a550       _sf_debug_set_animation    1002b550 f   sfc_debugmsvc80:sfcdebug.obj
 0001:0002a570       _sf_debug_animate          1002b570 f   sfc_debugmsvc80:sfcdebug.obj
 0001:0002a5a0       _sf_debug_cycle_detection_check 1002b5a0 f   sfc_debugmsvc80:sfcdebug.obj
 0001:0002a5c0       _sf_debug_data_range_check 1002b5c0 f   sfc_debugmsvc80:sfcdebug.obj
 0001:0002a5e0       _sf_debug_transition_conflict_check 1002b5e0 f   sfc_debugmsvc80:sfcdebug.obj
 0001:0002a600       _sf_debug_state_consistency_check 1002b600 f   sfc_debugmsvc80:sfcdebug.obj
 0001:0002a620       _sf_debug_data_range_check_enabled 1002b620 f   sfc_debugmsvc80:sfcdebug.obj
 0001:0002a640       _sf_debug_transition_conflict_check_enabled 1002b640 f   sfc_debugmsvc80:sfcdebug.obj
 0001:0002a660       _sf_debug_transition_conflict_check_begin 1002b660 f   sfc_debugmsvc80:sfcdebug.obj
 0001:0002a680       _sf_debug_transition_conflict_check_end 1002b680 f   sfc_debugmsvc80:sfcdebug.obj
 0001:0002a6a0       _sf_debug_stop_debugging   1002b6a0 f   sfc_debugmsvc80:sfcdebug.obj
 0001:0002a6d0       _sf_debug_is_cycle_detected 1002b6d0 f   sfc_debugmsvc80:sfcdebug.obj
 0001:0002a6e0       _sf_debug_is_array_bounds_detected 1002b6e0 f   sfc_debugmsvc80:sfcdebug.obj
 0001:0002a6f0       _sf_debug_get_state_vectors_data_size 1002b6f0 f   sfc_debugmsvc80:sfcdebug.obj
 0001:0002a740       _sf_debug_get_state_vectors_data 1002b740 f   sfc_debugmsvc80:sfcdebug.obj
 0001:0002a810       _sf_debug_set_state_vectors_data 1002b810 f   sfc_debugmsvc80:sfcdebug.obj
 0001:0002aa40       _sf_debug_get_script_index 1002ba40 f   sfc_debugmsvc80:sfcdebug.obj
 0001:0002ab70       _sf_debug_add_script       1002bb70 f   sfc_debugmsvc80:sfcdebug.obj
 0001:0002acc0       _cv_eval_point             1002bcc0 f   sfc_debugmsvc80:sfcdebug.obj
 0001:0002ad90       _cv_eval_testobjective     1002bd90 f   sfc_debugmsvc80:sfcdebug.obj
 0001:0002ae50       _sf_debug_cv_init_state    1002be50 f   sfc_debugmsvc80:sfcdebug.obj
 0001:0002aef0       _sf_debug_cv_init_chart    1002bef0 f   sfc_debugmsvc80:sfcdebug.obj
 0001:0002af70       _sf_debug_cv_init_trans    1002bf70 f   sfc_debugmsvc80:sfcdebug.obj
 0001:0002b000       _sf_debug_cv_init_saturation 1002c000 f   sfc_debugmsvc80:sfcdebug.obj
 0001:0002b0a0       _sf_debug_cv_init_testobjectives 1002c0a0 f   sfc_debugmsvc80:sfcdebug.obj
 0001:0002b1e0       _cv_eml_init_script        1002c1e0 f   sfc_debugmsvc80:sfcdebug.obj
 0001:0002b270       _cv_eml_init_fcn           1002c270 f   sfc_debugmsvc80:sfcdebug.obj
 0001:0002b2d0       _cv_eml_init_testobjective 1002c2d0 f   sfc_debugmsvc80:sfcdebug.obj
 0001:0002b350       _cv_eml_init_saturation    1002c350 f   sfc_debugmsvc80:sfcdebug.obj
 0001:0002b3d0       _cv_eml_init_if            1002c3d0 f   sfc_debugmsvc80:sfcdebug.obj
 0001:0002b450       _cv_eml_init_for           1002c450 f   sfc_debugmsvc80:sfcdebug.obj
 0001:0002b4d0       _cv_eml_init_while         1002c4d0 f   sfc_debugmsvc80:sfcdebug.obj
 0001:0002b550       _cv_eml_init_mcdc          1002c550 f   sfc_debugmsvc80:sfcdebug.obj
 0001:0002b5e0       _cv_eml_init_switch        1002c5e0 f   sfc_debugmsvc80:sfcdebug.obj
 0001:0002b670       _cv_eml_eval               1002c670 f   sfc_debugmsvc80:sfcdebug.obj
 0001:0002b700       _sf_debug_bm_is_a_eml_breakpoint 1002c700 f   sfc_debugmsvc80:sfcdebug.obj
 0001:0002b830       _sf_debug_temporal_threshold 1002c830 f   sfc_debugmsvc80:sfcdebug.obj
 0001:0002bb20       _sf_debug_transition_conflict_error 1002cb20 f   sfc_debugmsvc80:sfcdebug.obj
 0001:0002bdc0       _sf_debug_state_inconsistency_error 1002cdc0 f   sfc_debugmsvc80:sfcdebug.obj
 0001:0002bec0       _sf_debug_check_for_state_inconsistency 1002cec0 f   sfc_debugmsvc80:sfcdebug.obj
 0001:0002bf00       _sf_debug_cycle_detecton_error 1002cf00 f   sfc_debugmsvc80:sfcdebug.obj
 0001:0002c540       _sf_debug_size_eq_check_1d 1002d540 f   sfc_debugmsvc80:sfcdebug.obj
 0001:0002c570       _sf_debug_size_eq_check_nd 1002d570 f   sfc_debugmsvc80:sfcdebug.obj
 0001:0002c650       _sf_debug_dim_size_eq_check 1002d650 f   sfc_debugmsvc80:sfcdebug.obj
 0001:0002c680       _sf_debug_dim_size_geq_check 1002d680 f   sfc_debugmsvc80:sfcdebug.obj
 0001:0002c6b0       _sf_debug_sub_assign_size_check_nd 1002d6b0 f   sfc_debugmsvc80:sfcdebug.obj
 0001:0002c7f0       _sf_debug_matrix_matrix_index_check 1002d7f0 f   sfc_debugmsvc80:sfcdebug.obj
 0001:0002c830       _sf_debug_vector_vector_index_check 1002d830 f   sfc_debugmsvc80:sfcdebug.obj
 0001:0002c870       _sf_debug_for_loop_vector_check 1002d870 f   sfc_debugmsvc80:sfcdebug.obj
 0001:0002c8d0       _sf_debug_runtime_error_msgid 1002d8d0 f   sfc_debugmsvc80:sfcdebug.obj
 0001:0002c960       _sf_debug_data_array_bounds_error_check 1002d960 f   sfc_debugmsvc80:sfcdebug.obj
 0001:0002c9d0       _sf_debug_eml_data_array_bounds_error_check 1002d9d0 f   sfc_debugmsvc80:sfcdebug.obj
 0001:0002ccd0       _sf_debug_integer_check    1002dcd0 f   sfc_debugmsvc80:sfcdebug.obj
 0001:0002cd50       _sf_debug_not_nan_check    1002dd50 f   sfc_debugmsvc80:sfcdebug.obj
 0001:0002cdb0       _sf_debug_non_negative_check 1002ddb0 f   sfc_debugmsvc80:sfcdebug.obj
 0001:0002ce10       _sf_debug_overflow_detection 1002de10 f   sfc_debugmsvc80:sfcdebug.obj
 0001:0002d350       _sf_debug_cast_to_real32_T 1002e350 f   sfc_debugmsvc80:sfcdebug.obj
 0001:0002d3c0       _sf_debug_cast_to_int8_T   1002e3c0 f   sfc_debugmsvc80:sfcdebug.obj
 0001:0002d440       _sf_debug_cast_to_uint8_T  1002e440 f   sfc_debugmsvc80:sfcdebug.obj
 0001:0002d4d0       _sf_debug_cast_to_int16_T  1002e4d0 f   sfc_debugmsvc80:sfcdebug.obj
 0001:0002d550       _sf_debug_cast_to_uint16_T 1002e550 f   sfc_debugmsvc80:sfcdebug.obj
 0001:0002d5f0       _sf_debug_cast_to_int32_T  1002e5f0 f   sfc_debugmsvc80:sfcdebug.obj
 0001:0002d660       _sf_debug_cast_to_uint32_T 1002e660 f   sfc_debugmsvc80:sfcdebug.obj
 0001:0002d700       _sf_debug_data_range_error 1002e700 f   sfc_debugmsvc80:sfcdebug.obj
 0001:0002d980       _sf_debug_read_before_write_check 1002e980 f   sfc_debugmsvc80:sfcdebug.obj
 0001:0002dce0       _sf_debug_data_range_error_wrapper_min_max 1002ece0 f   sfc_debugmsvc80:sfcdebug.obj
 0001:0002dd60       _sf_debug_data_range_error_wrapper_min 1002ed60 f   sfc_debugmsvc80:sfcdebug.obj
 0001:0002ddd0       _sf_debug_data_range_error_wrapper_max 1002edd0 f   sfc_debugmsvc80:sfcdebug.obj
 0001:0002de40       _sf_debug_data_range_wrapper 1002ee40 f   sfc_debugmsvc80:sfcdebug.obj
 0001:0002de90       _sf_debug_set_current_status_info 1002ee90 f   sfc_debugmsvc80:sfcdebug.obj
 0001:0002e1f0       _sf_debug_register_message_post_receive_info 1002f1f0 f   sfc_debugmsvc80:sfcdebug.obj
 0001:0002e3b0       _sf_debug_call             1002f3b0 f   sfc_debugmsvc80:sfcdebug.obj
 0001:0002ebb0       _sf_debug_initialize_machine 1002fbb0 f   sfc_debugmsvc80:sfcdebug.obj
 0001:0002ee30       _sf_debug_initialize_chart 1002fe30 f   sfc_debugmsvc80:sfcdebug.obj
 0001:0002f130       _sf_debug_ensure_script    10030130 f   sfc_debugmsvc80:sfcdebug.obj
 0001:0002f1d0       _cv_eval_saturation        100301d0 f   sfc_debugmsvc80:sfcdebug.obj
 0001:0002f2b0       _cv_saturation_accum       100302b0 f   sfc_debugmsvc80:sfcdebug.obj
 0001:0002f370       _cv_script_init_script     10030370 f   sfc_debugmsvc80:sfcdebug.obj
 0001:0002f3e0       _cv_script_init_fcn        100303e0 f   sfc_debugmsvc80:sfcdebug.obj
 0001:0002f440       _cv_script_init_testobjective 10030440 f   sfc_debugmsvc80:sfcdebug.obj
 0001:0002f4a0       _cv_script_init_saturation 100304a0 f   sfc_debugmsvc80:sfcdebug.obj
 0001:0002f500       _cv_script_init_if         10030500 f   sfc_debugmsvc80:sfcdebug.obj
 0001:0002f560       _cv_script_init_for        10030560 f   sfc_debugmsvc80:sfcdebug.obj
 0001:0002f5c0       _cv_script_init_while      100305c0 f   sfc_debugmsvc80:sfcdebug.obj
 0001:0002f620       _cv_script_init_mcdc       10030620 f   sfc_debugmsvc80:sfcdebug.obj
 0001:0002f690       _cv_script_init_switch     10030690 f   sfc_debugmsvc80:sfcdebug.obj
 0001:0002f700       _cv_script_eval            10030700 f   sfc_debugmsvc80:sfcdebug.obj
 0001:0002f770       _eml_debug_line_call       10030770 f   sfc_debugmsvc80:sfcdebug.obj
 0001:0002f860       _sf_debug_terminate        10030860 f   sfc_debugmsvc80:sfcdebug.obj
 0001:0002f9a0       _sf_debug_set_script_cv_ids 100309a0 f   sfc_debugmsvc80:sfcdebug.obj
 0001:0002faa0       _sf_debug_api              10030aa0 f   sfc_debugmsvc80:sfc_api.obj
 0001:00031520       _sf_debug_sm_terminate     10032520 f   sfc_debugmsvc80:sfdb_animation.obj
 0001:00031680       _sf_debug_reset_path_objects 10032680 f   sfc_debugmsvc80:sfdb_animation.obj
 0001:000316f0       _sf_debug_sm_reset_object_selection_status 100326f0 f   sfc_debugmsvc80:sfdb_animation.obj
 0001:00031790       _sf_debug_sm_reset_state_buffer 10032790 f   sfc_debugmsvc80:sfdb_animation.obj
 0001:00031850       _sf_debug_sm_store_state_buffer 10032850 f   sfc_debugmsvc80:sfdb_animation.obj
 0001:000318d0       _sf_debug_sm_restore_state_buffer1 100328d0 f   sfc_debugmsvc80:sfdb_animation.obj
 0001:00031930       _sf_debug_sm_restore_state_buffer2 10032930 f   sfc_debugmsvc80:sfdb_animation.obj
 0001:00031990       _sf_debug_sm_chart_active  10032990 f   sfc_debugmsvc80:sfdb_animation.obj
 0001:000319e0       _sf_debug_sm_select_active_objects 100329e0 f   sfc_debugmsvc80:sfdb_animation.obj
 0001:00031da0       _sf_debug_sm_is_chart_active 10032da0 f   sfc_debugmsvc80:sfdb_animation.obj
 0001:00031de0       _sf_debug_sm_is_state_active 10032de0 f   sfc_debugmsvc80:sfdb_animation.obj
 0001:00031f90       _sf_debug_sm_get_active_states 10032f90 f   sfc_debugmsvc80:sfdb_animation.obj
 0001:000323c0       _sf_debug_sm_initialize_instance 100333c0 f   sfc_debugmsvc80:sfdb_animation.obj
 0001:000325d0       _sf_debug_sm_change_object_selection_status 100335d0 f   sfc_debugmsvc80:sfdb_animation.obj
 0001:000327c0       _cv_create_interface       100337c0 f   sfc_debugmsvc80:cv_sfinterface.obj
 0001:00032ab0       _cv_init_trans             10033ab0 f   sfc_debugmsvc80:cv_sfinterface.obj
 0001:00032b00       _cv_init_saturation        10033b00 f   sfc_debugmsvc80:cv_sfinterface.obj
 0001:00032b50       _cv_init_testobjective     10033b50 f   sfc_debugmsvc80:cv_sfinterface.obj
 0001:00032ba0       _cv_init_state             10033ba0 f   sfc_debugmsvc80:cv_sfinterface.obj
 0001:00032c00       _cv_init_chart             10033c00 f   sfc_debugmsvc80:cv_sfinterface.obj
 0001:00032c50       _cv_dec_update_call        10033c50 f   sfc_debugmsvc80:cv_sfinterface.obj
 0001:00032c90       _cv_cond_update_call       10033c90 f   sfc_debugmsvc80:cv_sfinterface.obj
 0001:00032cd0       _cv_saturation_update_call 10033cd0 f   sfc_debugmsvc80:cv_sfinterface.obj
 0001:00032d10       _cv_saturation_update_accum 10033d10 f   sfc_debugmsvc80:cv_sfinterface.obj
 0001:00032d50       _cv_testobjective_update_call 10033d50 f   sfc_debugmsvc80:cv_sfinterface.obj
 0001:00032d90       _cv_sigrange_update        10033d90 f   sfc_debugmsvc80:cv_sfinterface.obj
 0001:00032de0       _cvsf_eml_eval             10033de0 f   sfc_debugmsvc80:cv_sfinterface.obj
 0001:00032ec0       _cvsf_eml_init_script      10033ec0 f   sfc_debugmsvc80:cv_sfinterface.obj
 0001:00032f30       _cvsf_eml_init_fcn         10033f30 f   sfc_debugmsvc80:cv_sfinterface.obj
 0001:00032f90       _cvsf_eml_init_testobjective 10033f90 f   sfc_debugmsvc80:cv_sfinterface.obj
 0001:00033000       _cvsf_eml_init_saturation  10034000 f   sfc_debugmsvc80:cv_sfinterface.obj
 0001:00033060       _cvsf_eml_init_if          10034060 f   sfc_debugmsvc80:cv_sfinterface.obj
 0001:000330c0       _cvsf_eml_init_for         100340c0 f   sfc_debugmsvc80:cv_sfinterface.obj
 0001:00033120       _cvsf_eml_init_while       10034120 f   sfc_debugmsvc80:cv_sfinterface.obj
 0001:00033180       _cvsf_eml_init_mcdc        10034180 f   sfc_debugmsvc80:cv_sfinterface.obj
 0001:000331f0       _cvsf_eml_init_switch      100341f0 f   sfc_debugmsvc80:cv_sfinterface.obj
 0001:00033250       _cvsf_script_eval          10034250 f   sfc_debugmsvc80:cv_sfinterface.obj
 0001:00033330       _cvsf_script_init_script   10034330 f   sfc_debugmsvc80:cv_sfinterface.obj
 0001:000333a0       _cvsf_script_init_fcn      100343a0 f   sfc_debugmsvc80:cv_sfinterface.obj
 0001:00033400       _cvsf_script_init_testobjective 10034400 f   sfc_debugmsvc80:cv_sfinterface.obj
 0001:00033460       _cvsf_script_init_saturation 10034460 f   sfc_debugmsvc80:cv_sfinterface.obj
 0001:000334c0       _cvsf_script_init_if       100344c0 f   sfc_debugmsvc80:cv_sfinterface.obj
 0001:00033520       _cvsf_script_init_for      10034520 f   sfc_debugmsvc80:cv_sfinterface.obj
 0001:00033570       _cvsf_script_init_while    10034570 f   sfc_debugmsvc80:cv_sfinterface.obj
 0001:000335c0       _cvsf_script_init_mcdc     100345c0 f   sfc_debugmsvc80:cv_sfinterface.obj
 0001:00033630       _cvsf_script_init_switch   10034630 f   sfc_debugmsvc80:cv_sfinterface.obj
 0001:00033690       _cv_destroy_interface      10034690 f   sfc_debugmsvc80:cv_sfinterface.obj
 0001:000336b0       _cv_create_instance_objects 100346b0 f   sfc_debugmsvc80:cv_sfinterface.obj
 0001:000339e0       _cv_is_enabled             100349e0 f   sfc_debugmsvc80:cv_sfinterface.obj
 0001:000339f0       _sf_debug_cv_initialize_script 100349f0 f   sfc_debugmsvc80:cv_sfinterface.obj
 0001:00033b70       _sf_debug_cv_initialize_instance 10034b70 f   sfc_debugmsvc80:cv_sfinterface.obj
 0001:00033e60       _sf_debug_cv_terminate_chart 10034e60 f   sfc_debugmsvc80:cv_sfinterface.obj
 0001:00033f60       _cv_call_trans_test        10034f60 f   sfc_debugmsvc80:cv_sfinterface.obj
 0001:00033f70       _cv_call_sub_cond_test     10034f70 f   sfc_debugmsvc80:cv_sfinterface.obj
 0001:00033fb0       _sf_debug_st_initialize_machine 10034fb0 f   sfc_debugmsvc80:sfdb_data_browse.obj
 0001:00034060       _sf_debug_st_initialize_instance 10035060 f   sfc_debugmsvc80:sfdb_data_browse.obj
 0001:00034210       _sf_debug_st_terminate     10035210 f   sfc_debugmsvc80:sfdb_data_browse.obj
 0001:00034370       _sf_debug_st_set_data_value_ptr_in_machine 10035370 f   sfc_debugmsvc80:sfdb_data_browse.obj
 0001:000343e0       _sf_debug_st_set_data_value_ptr_in_instance 100353e0 f   sfc_debugmsvc80:sfdb_data_browse.obj
 0001:00034490       _sf_debug_st_unset_data_value_ptr_in_machine 10035490 f   sfc_debugmsvc80:sfdb_data_browse.obj
 0001:000344f0       _sf_debug_st_unset_data_value_ptr_in_instance 100354f0 f   sfc_debugmsvc80:sfdb_data_browse.obj
 0001:00034800       _sf_debug_mx_value         10035800 f   sfc_debugmsvc80:sfdb_data_browse.obj
 0001:00034850       _sf_debug_mx_packed_vector 10035850 f   sfc_debugmsvc80:sfdb_data_browse.obj
 0001:000348f0       _sf_debug_mx_uint_vector   100358f0 f   sfc_debugmsvc80:sfdb_data_browse.obj
 0001:00034970       _sf_debug_st_get_double_value_from_void_ptr_vector 10035970 f   sfc_debugmsvc80:sfdb_data_browse.obj
 0001:00035170       _sf_debug_st_browse_data   10036170 f   sfc_debugmsvc80:sfdb_data_browse.obj
 0001:00035850       _sf_debug_hm_initialize_instance 10036850 f   sfc_debugmsvc80:sfdb_handle_management.obj
 0001:00035cf0       _sf_debug_hm_get_object_id 10036cf0 f   sfc_debugmsvc80:sfdb_handle_management.obj
 0001:00036710       _sf_debug_hm_update_chart_visibility 10037710 f   sfc_debugmsvc80:sfdb_handle_management.obj
 0001:00037710       _sf_debug_object_is_eml_function 10038710 f   sfc_debugmsvc80:sfdb_handle_management.obj
 0001:00037770       _sf_debug_hm_initialize_ids_in_machine 10038770 f   sfc_debugmsvc80:sfdb_handle_management.obj
 0001:000378c0       _sf_debug_hm_initialize_ids_in_chart 100388c0 f   sfc_debugmsvc80:sfdb_handle_management.obj
 0001:000379b0       _sf_debug_hm_initialize_chart 100389b0 f   sfc_debugmsvc80:sfdb_handle_management.obj
 0001:00038070       _sf_debug_hm_terminate     10039070 f   sfc_debugmsvc80:sfdb_handle_management.obj
 0001:000380d0       _sf_debug_hm_initialize_machine 100390d0 f   sfc_debugmsvc80:sfdb_handle_management.obj
 0001:000387a0       _sf_debug_ss_initialize    100397a0 f   sfc_debugmsvc80:sfdb_symbol_scope.obj
 0001:000387c0       _sf_debug_ss_terminate     100397c0 f   sfc_debugmsvc80:sfdb_symbol_scope.obj
 0001:00038840       _sf_debug_ss_push_symbol_scope 10039840 f   sfc_debugmsvc80:sfdb_symbol_scope.obj
 0001:00038900       _sf_debug_ss_push_symbol_scope_eml 10039900 f   sfc_debugmsvc80:sfdb_symbol_scope.obj
 0001:00038950       _sf_debug_ss_pop_symbol_scope 10039950 f   sfc_debugmsvc80:sfdb_symbol_scope.obj
 0001:000389f0       _sf_debug_ss_add_symbol    100399f0 f   sfc_debugmsvc80:sfdb_symbol_scope.obj
 0001:00038ae0       _sf_debug_ss_add_symbol_eml 10039ae0 f   sfc_debugmsvc80:sfdb_symbol_scope.obj
 0001:000393f0       _sf_debug_ss_set_data_value 1003a3f0 f   sfc_debugmsvc80:sfdb_symbol_scope.obj
 0001:00039740       _getInstanceNumber         1003a740 f   sfc_debugmsvc80:sfdb_symbol_scope.obj
 0001:00039810       _sf_debug_ss_watch_data    1003a810 f   sfc_debugmsvc80:sfdb_symbol_scope.obj
 0001:00039900       _sf_debug_ss_assign_data   1003a900 f   sfc_debugmsvc80:sfdb_symbol_scope.obj
 0001:0003a1a0       _get_data_entry_name       1003b1a0 f   sfc_debugmsvc80:sfdb_symbol_scope.obj
 0001:0003a1f0       _sf_debug_ss_whos          1003b1f0 f   sfc_debugmsvc80:sfdb_symbol_scope.obj
 0001:0003a6a0       _sf_debug_cc_initialize_chart 1003b6a0 f   sfc_debugmsvc80:sfdb_coverage.obj
 0001:0003b000       _sf_debug_cc_initialize_instance 1003c000 f   sfc_debugmsvc80:sfdb_coverage.obj
 0001:0003bc30       _sf_debug_cc_terminate     1003cc30 f   sfc_debugmsvc80:sfdb_coverage.obj
 0001:0003bd00       _sf_debug_cc_set_transition_maps 1003cd00 f   sfc_debugmsvc80:sfdb_coverage.obj
 0001:0003be00       _sf_debug_cc_set_state_maps 1003ce00 f   sfc_debugmsvc80:sfdb_coverage.obj
 0001:0003bed0       _sf_debug_cc_set_transition_weights 1003ced0 f   sfc_debugmsvc80:sfdb_coverage.obj
 0001:0003c100       _sf_debug_cc_set_state_weights 1003d100 f   sfc_debugmsvc80:sfdb_coverage.obj
 0001:0003c330       _sf_debug_cc_mark_transition_guard 1003d330 f   sfc_debugmsvc80:sfdb_coverage.obj
 0001:0003c3b0       _sf_debug_cc_mark_transition_trigger 1003d3b0 f   sfc_debugmsvc80:sfdb_coverage.obj
 0001:0003c430       _sf_debug_cc_mark_transition_decision 1003d430 f   sfc_debugmsvc80:sfdb_coverage.obj
 0001:0003c490       _sf_debug_cc_mark_transition_condition_action 1003d490 f   sfc_debugmsvc80:sfdb_coverage.obj
 0001:0003c4e0       _sf_debug_cc_mark_transition_transition_action 1003d4e0 f   sfc_debugmsvc80:sfdb_coverage.obj
 0001:0003c530       _sf_debug_cc_mark_state_entry 1003d530 f   sfc_debugmsvc80:sfdb_coverage.obj
 0001:0003c580       _sf_debug_cc_mark_state_during 1003d580 f   sfc_debugmsvc80:sfdb_coverage.obj
 0001:0003c5d0       _sf_debug_cc_mark_state_exit 1003d5d0 f   sfc_debugmsvc80:sfdb_coverage.obj
 0001:0003c620       _sf_debug_bm_clear_script_breakpoints 1003d620 f   sfc_debugmsvc80:sfdb_breakpoints.obj
 0001:0003c660       _sf_debug_bm_set_script_breakpoint 1003d660 f   sfc_debugmsvc80:sfdb_breakpoints.obj
 0001:0003c6d0       _sf_debug_bm_clear_single_script_breakpoint 1003d6d0 f   sfc_debugmsvc80:sfdb_breakpoints.obj
 0001:0003c740       _sf_debug_bm_query_script_breakpoint 1003d740 f   sfc_debugmsvc80:sfdb_breakpoints.obj
 0001:0003c790       _sf_debug_bm_initialize_scripts 1003d790 f   sfc_debugmsvc80:sfdb_breakpoints.obj
 0001:0003cd30       _sf_debug_bm_terminate     1003dd30 f   sfc_debugmsvc80:sfdb_breakpoints.obj
 0001:0003cfe0       _sf_debug_bm_remove_all_breakpoints_in_machine 1003dfe0 f   sfc_debugmsvc80:sfdb_breakpoints.obj
 0001:0003d030       _sf_debug_bm_remove_all_breakpoints_in_chart 1003e030 f   sfc_debugmsvc80:sfdb_breakpoints.obj
 0001:0003d160       _sf_debug_bm_initialize_global_breakpoints 1003e160 f   sfc_debugmsvc80:sfdb_breakpoints.obj
 0001:0003d310       _sf_debug_bm_set_breakpoint 1003e310 f   sfc_debugmsvc80:sfdb_breakpoints.obj
 0001:0003d870       _sf_debug_bm_set_eml_breakpoint 1003e870 f   sfc_debugmsvc80:sfdb_breakpoints.obj
 0001:0003d8f0       _sf_debug_bm_initialize_machine_breakpoint_map 1003e8f0 f   sfc_debugmsvc80:sfdb_breakpoints.obj
 0001:0003dca0       _sf_debug_bm_is_a_breakpoint 1003eca0 f   sfc_debugmsvc80:sfdb_breakpoints.obj
 0001:0003e180       _sf_debug_bm_get_all_breakpoints_in_machine 1003f180 f   sfc_debugmsvc80:sfdb_breakpoints.obj
 0001:0003e420       _sf_debug_bm_get_all_breakpoints_in_chart 1003f420 f   sfc_debugmsvc80:sfdb_breakpoints.obj
 0001:0003ee50       _sf_debug_bm_initialize_machine 1003fe50 f   sfc_debugmsvc80:sfdb_breakpoints.obj
 0001:0003eef0       _sf_debug_bm_initialize_chart 1003fef0 f   sfc_debugmsvc80:sfdb_breakpoints.obj
 0001:0003f270       _sf_debug_sc_terminate     10040270 f   sfc_debugmsvc80:sfdb_state_consistency.obj
 0001:0003f4f0       _sf_debug_sc_is_chart_consistent 100404f0 f   sfc_debugmsvc80:sfdb_state_consistency.obj
 0001:0003f6d0       _sf_debug_sc_get_consistency_error_info 100406d0 f   sfc_debugmsvc80:sfdb_state_consistency.obj
 0001:0003fa40       _sf_debug_tm_terminate     10040a40 f   sfc_debugmsvc80:sfdb_call_stack.obj
 0001:0003fae0       _sf_debug_tm_push_chart_instance 10040ae0 f   sfc_debugmsvc80:sfdb_call_stack.obj
 0001:0003fc00       _sf_debug_tm_pop_chart_instance 10040c00 f   sfc_debugmsvc80:sfdb_call_stack.obj
 0001:0003fc60       _sf_debug_tm_push_trace_node 10040c60 f   sfc_debugmsvc80:sfdb_call_stack.obj
 0001:0003fd70       _sf_debug_tm_pop_trace_node 10040d70 f   sfc_debugmsvc80:sfdb_call_stack.obj
 0001:0003fdf0       _sf_debug_tm_get_current_global_trace_index 10040df0 f   sfc_debugmsvc80:sfdb_call_stack.obj
 0001:0003fe10       _sf_debug_tm_get_current_local_trace_index 10040e10 f   sfc_debugmsvc80:sfdb_call_stack.obj
 0001:0003fe40       _sf_debug_tm_set_cycle_detected_flag 10040e40 f   sfc_debugmsvc80:sfdb_call_stack.obj
 0001:0003fe90       _sf_debug_tm_set_cycle_started_flag 10040e90 f   sfc_debugmsvc80:sfdb_call_stack.obj
 0001:0003fee0       _sf_debug_tm_get_chart_number_from_stack 10040ee0 f   sfc_debugmsvc80:sfdb_call_stack.obj
 0001:00040080       _sf_debug_tm_browse_trace  10041080 f   sfc_debugmsvc80:sfdb_call_stack.obj
 0001:000402f0       _sf_debug_cd_initialize_instance 100412f0 f   sfc_debugmsvc80:sfdb_cycle_detection.obj
 0001:00040520       _sf_debug_cd_mark_processed_transition_in_instance 10041520 f   sfc_debugmsvc80:sfdb_cycle_detection.obj
 0001:000405a0       _sf_debug_cd_checksum_push 100415a0 f   sfc_debugmsvc80:sfdb_cycle_detection.obj
 0001:000408a0       _sf_debug_cd_checksum_pop  100418a0 f   sfc_debugmsvc80:sfdb_cycle_detection.obj
 0001:00040900       _sf_debug_cd_turn_off_cycle_detection 10041900 f   sfc_debugmsvc80:sfdb_cycle_detection.obj
 0001:00040940       _sf_debug_cd_terminate     10041940 f   sfc_debugmsvc80:sfdb_cycle_detection.obj
 0001:00040b10       _md5_initialize_state      10041b10 f   sfc_debugmsvc80:ckmd5.obj
 0001:000413a0       _md5_update_state          100423a0 f   sfc_debugmsvc80:ckmd5.obj
 0001:000413c0       _md5_get_hash              100423c0 f   sfc_debugmsvc80:ckmd5.obj
 0001:000413e0       _md5_get_hash_for_a_single_string 100423e0 f   sfc_debugmsvc80:ckmd5.obj
 0001:0004144a       _mxGetPr                   1004244a f   libmx:libmx.dll
 0001:00041450       _mxCreateDoubleScalar      10042450 f   libmx:libmx.dll
 0001:00041456       _mxCreateDoubleMatrix_730  10042456 f   libmx:libmx.dll
 0001:0004145c       _mxSetField_730            1004245c f   libmx:libmx.dll
 0001:00041462       _mxCreateString            10042462 f   libmx:libmx.dll
 0001:00041468       _mxCreateStructMatrix_730  10042468 f   libmx:libmx.dll
 0001:0004146e       _mxCreateCellMatrix_730    1004246e f   libmx:libmx.dll
 0001:00041474       _mxDestroyArray            10042474 f   libmx:libmx.dll
 0001:0004147a       _mxDuplicateArray          1004247a f   libmx:libmx.dll
 0001:00041480       _mxGetString_730           10042480 f   libmx:libmx.dll
 0001:00041486       _mxIsChar                  10042486 f   libmx:libmx.dll
 0001:0004148c       _mxGetClassID              1004248c f   libmx:libmx.dll
 0001:00041492       _mxIsNumeric               10042492 f   libmx:libmx.dll
 0001:00041498       _mxIsComplex               10042498 f   libmx:libmx.dll
 0001:0004149e       _mxGetN                    1004249e f   libmx:libmx.dll
 0001:000414a4       _mxGetM                    100424a4 f   libmx:libmx.dll
 0001:000414aa       _mxCalloc                  100424aa f   libmx:libmx.dll
 0001:000414b0       _mxGetScalar               100424b0 f   libmx:libmx.dll
 0001:000414b6       _mxIsLogical               100424b6 f   libmx:libmx.dll
 0001:000414bc       _mxCreateDoubleMatrix_700  100424bc f   libmx:libmx.dll
 0001:000414c2       _mxFree                    100424c2 f   libmx:libmx.dll
 0001:000414c8       _mxArrayToString           100424c8 f   libmx:libmx.dll
 0001:000414ce       _mxCreateCellMatrix_700    100424ce f   libmx:libmx.dll
 0001:000414d4       _mxSetCell_700             100424d4 f   libmx:libmx.dll
 0001:000414da       _mxGetCell_700             100424da f   libmx:libmx.dll
 0001:000414e0       _mxGetClassName            100424e0 f   libmx:libmx.dll
 0001:000414e6       _mxSetField_700            100424e6 f   libmx:libmx.dll
 0001:000414ec       _mxAddField                100424ec f   libmx:libmx.dll
 0001:000414f2       _mxGetField_700            100424f2 f   libmx:libmx.dll
 0001:000414f8       _mxGetNumberOfElements     100424f8 f   libmx:libmx.dll
 0001:000414fe       _mxIsStruct                100424fe f   libmx:libmx.dll
 0001:00041504       _mxIsA                     10042504 f   libmx:libmx.dll
 0001:0004150a       _mxIsClass                 1004250a f   libmx:libmx.dll
 0001:00041510       _mxGetLogicals             10042510 f   libmx:libmx.dll
 0001:00041516       _mxIsSparse                10042516 f   libmx:libmx.dll
 0001:0004151c       _mxSetFieldByNumber_700    1004251c f   libmx:libmx.dll
 0001:00041522       _mxGetFieldByNumber_700    10042522 f   libmx:libmx.dll
 0001:00041528       _mxGetFieldNameByNumber    10042528 f   libmx:libmx.dll
 0001:0004152e       _mxGetNumberOfFields       1004252e f   libmx:libmx.dll
 0001:00041534       _mxCreateStructMatrix_700  10042534 f   libmx:libmx.dll
 0001:0004153a       _mxGetFieldNumber          1004253a f   libmx:libmx.dll
 0001:00041540       _mxIsNaN                   10042540 f   libmx:libmx.dll
 0001:00041546       _mxIsEmpty                 10042546 f   libmx:libmx.dll
 0001:0004154c       _mxGetData                 1004254c f   libmx:libmx.dll
 0001:00041552       _mxGetImagData             10042552 f   libmx:libmx.dll
 0001:00041558       _mxArrayClassIDName        10042558 f   libmx:libmx.dll
 0001:0004155e       _mxCreateNumericMatrix_700 1004255e f   libmx:libmx.dll
 0001:00041564       _mxCreateStructArray_700   10042564 f   libmx:libmx.dll
 0001:0004156a       _mxCalcSingleSubscript_700 1004256a f   libmx:libmx.dll
 0001:00041570       _mxGetDimensions_700       10042570 f   libmx:libmx.dll
 0001:00041576       _mxGetNumberOfDimensions_700 10042576 f   libmx:libmx.dll
 0001:0004157c       _mxCreateNumericArray_700  1004257c f   libmx:libmx.dll
 0001:00041582       _mxGetElementSize          10042582 f   libmx:libmx.dll
 0001:00041588       _mxCreateStringFromNChars_700 10042588 f   libmx:libmx.dll
 0001:0004158e       _mxGetString_700           1004258e f   libmx:libmx.dll
 0001:00041594       _mxIsLogicalScalarTrue     10042594 f   libmx:libmx.dll
 0001:0004159a       _mxCreateLogicalScalar     1004259a f   libmx:libmx.dll
 0001:000415a0       _mexUnlock                 100425a0 f   libmex:libmex.dll
 0001:000415a6       _mexIsLocked               100425a6 f   libmex:libmex.dll
 0001:000415ac       _mexWarnMsgTxt             100425ac f   libmex:libmex.dll
 0001:000415b2       _mexCallMATLAB             100425b2 f   libmex:libmex.dll
 0001:000415b8       _mexErrMsgTxt              100425b8 f   libmex:libmex.dll
 0001:000415be       _mexMakeArrayPersistent    100425be f   libmex:libmex.dll
 0001:000415c4       _mexSetTrapFlag            100425c4 f   libmex:libmex.dll
 0001:000415ca       _mexPutVariable            100425ca f   libmex:libmex.dll
 0001:000415d0       _mexGetVariable            100425d0 f   libmex:libmex.dll
 0001:000415d6       _mexLock                   100425d6 f   libmex:libmex.dll
 0001:000415dc       _mexMakeMemoryPersistent   100425dc f   libmex:libmex.dll
 0001:000415e2       _mexFunctionName           100425e2 f   libmex:libmex.dll
 0001:000415e8       _ssRegisterDataTypeFxpFSlopeFixExpBias 100425e8 f   libfixedpoint:libfixedpoint.dll
 0001:000415ee       _ssRegisterDataTypeFxpScaledDouble 100425ee f   libfixedpoint:libfixedpoint.dll
 0001:000415f4       _utMalloc                  100425f4 f   libut:libut.dll
 0001:000415fa       _utFree                    100425fa f   libut:libut.dll
 0001:00041600       _utVSNprintf               10042600 f   libut:libut.dll
 0001:00041606       _utCPUtime                 10042606 f   libut:libut.dll
 0001:0004160c       _utCalloc                  1004260c f   libut:libut.dll
 0001:00041612       _utRealloc                 10042612 f   libut:libut.dll
 0001:00041618       _emlrtCreateRootTLS        10042618 f   libemlrt:libemlrt.dll
 0001:0004161e       _emlrtDestroyRootTLS       1004261e f   libemlrt:libemlrt.dll
 0001:00041624       _emlrtCheckBuiltInR2012b   10042624 f   libemlrt:libemlrt.dll
 0001:0004162a       _emlrtCheckVsBuiltInR2012b 1004262a f   libemlrt:libemlrt.dll
 0001:00041630       _emlrtCheckEnumR2012b      10042630 f   libemlrt:libemlrt.dll
 0001:00041636       _emlrtCreateEnumR2012b     10042636 f   libemlrt:libemlrt.dll
 0001:0004163c       _emlrtGetEnumElementR2009a 1004263c f   libemlrt:libemlrt.dll
 0001:00041642       _emlrtCreateReference      10042642 f   libemlrt:libemlrt.dll
 0001:00041648       _emlrtImportVsFiArrayR2009b 10042648 f   libemlrt:libemlrt.dll
 0001:0004164e       _emlrtNameCapturePostProcessR2012a 1004264e f   libemlrt:libemlrt.dll
 0001:00041654       _emlrtExtractMessageId     10042654 f   libemlrt:libemlrt.dll
 0001:0004165a       _emlrtTranslateMessageIDtoLCPstring 1004265a f   libemlrt:libemlrt.dll
 0001:00041660       _emlrtForLoopVectorIsValidR2011b 10042660 f   libemlrt:libemlrt.dll
 0001:00041666       _emlrtTranslateUTF16MessagetoLCPstring 10042666 f   libemlrt:libemlrt.dll
 0001:0004166c       _emlrtGetEnumUnderlyingArrayR2009a 1004266c f   libemlrt:libemlrt.dll
 0001:00041672       _emlrtIsEnumR2009a         10042672 f   libemlrt:libemlrt.dll
 0001:00041680       _memset                    10042680 f   MSVCRT:MSVCR100.dll
 0001:00041686       @__security_check_cookie@4 10042686 f   MSVCRT:secchk.obj
 0001:00041696       _strcmp                    10042696 f   MSVCRT:MSVCR100.dll
 0001:0004169c       _free                      1004269c f   MSVCRT:MSVCR100.dll
 0001:000416a2       _sprintf                   100426a2 f   MSVCRT:MSVCR100.dll
 0001:000416a8       _malloc                    100426a8 f   MSVCRT:MSVCR100.dll
 0001:000416ae       _strlen                    100426ae f   MSVCRT:MSVCR100.dll
 0001:000416b4       _strcat                    100426b4 f   MSVCRT:MSVCR100.dll
 0001:000416c0       __ftol2_sse                100426c0 f   MSVCRT:ftol2.obj
 0001:000416c9       __ftol2_pentium4           100426c9 f   MSVCRT:ftol2.obj
 0001:000416dc       __ftol2_sse_excpt          100426dc f   MSVCRT:ftol2.obj
 0001:000416f6       __ftol2                    100426f6 f   MSVCRT:ftol2.obj
 0001:0004176c       _memcpy                    1004276c f   MSVCRT:MSVCR100.dll
 0001:00041772       _NtCurrentTeb              10042772 f i MSVCRT:crtdll.obj
 0001:000417c7       __CRT_INIT@12              100427c7 f   MSVCRT:crtdll.obj
 0001:00041ae7       __DllMainCRTStartup@12     10042ae7 f   MSVCRT:crtdll.obj
 0001:00041b0a       _strncpy                   10042b0a f   MSVCRT:MSVCR100.dll
 0001:00041b10       __alloca_probe             10042b10     MSVCRT:chkstk.obj
 0001:00041b10       __chkstk                   10042b10 f   MSVCRT:chkstk.obj
 0001:00041b3c       _longjmp                   10042b3c f   MSVCRT:MSVCR100.dll
 0001:00041b42       _strncmp                   10042b42 f   MSVCRT:MSVCR100.dll
 0001:00041b48       _ceil                      10042b48 f   MSVCRT:MSVCR100.dll
 0001:00041b4e       _strrchr                   10042b4e f   MSVCRT:MSVCR100.dll
 0001:00041b54       __setjmp3                  10042b54 f   MSVCRT:MSVCR100.dll
 0001:00041b5a       _ldexp                     10042b5a f   MSVCRT:MSVCR100.dll
 0001:00041b60       ___report_gsfailure        10042b60 f   MSVCRT:gs_report.obj
 0001:00041c66       ___sse2_available_init     10042c66 f   MSVCRT:cpu_disp.obj
 0001:00041c76       ___clean_type_info_names   10042c76 f   MSVCRT:tncleanup.obj
 0001:00041c82       __onexit                   10042c82 f   MSVCRT:atonexit.obj
 0001:00041d23       _atexit                    10042d23 f   MSVCRT:atonexit.obj
 0001:00041d3a       __RTC_Initialize           10042d3a f   MSVCRT:_initsect_.obj
 0001:00041d60       __RTC_Terminate            10042d60 f   MSVCRT:_initsect_.obj
 0001:00041d86       __malloc_crt               10042d86 f   MSVCRT:MSVCR100.dll
 0001:00041d8c       __encoded_null             10042d8c f   MSVCRT:MSVCR100.dll
 0001:00041da0       __ValidateImageBase        10042da0 f   MSVCRT:pesect.obj
 0001:00041de0       __FindPESection            10042de0 f   MSVCRT:pesect.obj
 0001:00041e30       __IsNonwritableInCurrentImage 10042e30 f   MSVCRT:pesect.obj
 0001:00041eec       __initterm                 10042eec f   MSVCRT:MSVCR100.dll
 0001:00041ef2       __initterm_e               10042ef2 f   MSVCRT:MSVCR100.dll
 0001:00041ef8       __amsg_exit                10042ef8 f   MSVCRT:MSVCR100.dll
 0001:00041efe       ___CppXcptFilter           10042efe f   MSVCRT:MSVCR100.dll
 0001:00041f04       _DllMain@12                10042f04 f   MSVCRT:dllmain.obj
 0001:00041f30       __SEH_prolog4              10042f30 f   MSVCRT:sehprolg4.obj
 0001:00041f75       __SEH_epilog4              10042f75 f   MSVCRT:sehprolg4.obj
 0001:00041f89       __except_handler4          10042f89 f   MSVCRT:chandler4gs.obj
 0001:00041fae       ___security_init_cookie    10042fae f   MSVCRT:gs_support.obj
 0001:0004204a       __crt_debugger_hook        1004304a f   MSVCRT:MSVCR100.dll
 0001:00042050       ___clean_type_info_names_internal 10043050 f   MSVCRT:MSVCR100.dll
 0001:00042056       __unlock                   10043056 f   MSVCRT:MSVCR100.dll
 0001:0004205c       ___dllonexit               1004305c f   MSVCRT:MSVCR100.dll
 0001:00042062       __lock                     10043062 f   MSVCRT:MSVCR100.dll
 0001:00042068       __except_handler4_common   10043068 f   MSVCRT:MSVCR100.dll
 0001:0004206e       _EncodePointer@4           1004306e f   kernel32:KERNEL32.dll
 0001:00042074       _DecodePointer@4           10043074 f   kernel32:KERNEL32.dll
 0001:0004207a       _InterlockedExchange@8     1004307a f   kernel32:KERNEL32.dll
 0001:00042080       _Sleep@4                   10043080 f   kernel32:KERNEL32.dll
 0001:00042086       _InterlockedCompareExchange@12 10043086 f   kernel32:KERNEL32.dll
 0001:0004208c       _TerminateProcess@8        1004308c f   kernel32:KERNEL32.dll
 0001:00042092       _GetCurrentProcess@0       10043092 f   kernel32:KERNEL32.dll
 0001:00042098       _UnhandledExceptionFilter@4 10043098 f   kernel32:KERNEL32.dll
 0001:0004209e       _SetUnhandledExceptionFilter@4 1004309e f   kernel32:KERNEL32.dll
 0001:000420a4       _IsDebuggerPresent@0       100430a4 f   kernel32:KERNEL32.dll
 0001:000420aa       _IsProcessorFeaturePresent@4 100430aa f   kernel32:KERNEL32.dll
 0001:000420b0       _DisableThreadLibraryCalls@4 100430b0 f   kernel32:KERNEL32.dll
 0001:000420b6       _QueryPerformanceCounter@4 100430b6 f   kernel32:KERNEL32.dll
 0001:000420bc       _GetTickCount@0            100430bc f   kernel32:KERNEL32.dll
 0001:000420c2       _GetCurrentThreadId@0      100430c2 f   kernel32:KERNEL32.dll
 0001:000420c8       _GetCurrentProcessId@0     100430c8 f   kernel32:KERNEL32.dll
 0001:000420ce       _GetSystemTimeAsFileTime@4 100430ce f   kernel32:KERNEL32.dll
 0002:00000000       __imp__GetSystemTimeAsFileTime@4 10044000     kernel32:KERNEL32.dll
 0002:00000004       __imp__GetCurrentProcessId@0 10044004     kernel32:KERNEL32.dll
 0002:00000008       __imp__GetCurrentThreadId@0 10044008     kernel32:KERNEL32.dll
 0002:0000000c       __imp__GetTickCount@0      1004400c     kernel32:KERNEL32.dll
 0002:00000010       __imp__QueryPerformanceCounter@4 10044010     kernel32:KERNEL32.dll
 0002:00000014       __imp__DisableThreadLibraryCalls@4 10044014     kernel32:KERNEL32.dll
 0002:00000018       __imp__IsProcessorFeaturePresent@4 10044018     kernel32:KERNEL32.dll
 0002:0000001c       __imp__IsDebuggerPresent@0 1004401c     kernel32:KERNEL32.dll
 0002:00000020       __imp__SetUnhandledExceptionFilter@4 10044020     kernel32:KERNEL32.dll
 0002:00000024       __imp__UnhandledExceptionFilter@4 10044024     kernel32:KERNEL32.dll
 0002:00000028       __imp__GetCurrentProcess@0 10044028     kernel32:KERNEL32.dll
 0002:0000002c       __imp__TerminateProcess@8  1004402c     kernel32:KERNEL32.dll
 0002:00000030       __imp__InterlockedCompareExchange@12 10044030     kernel32:KERNEL32.dll
 0002:00000034       __imp__Sleep@4             10044034     kernel32:KERNEL32.dll
 0002:00000038       __imp__InterlockedExchange@8 10044038     kernel32:KERNEL32.dll
 0002:0000003c       __imp__DecodePointer@4     1004403c     kernel32:KERNEL32.dll
 0002:00000040       __imp__EncodePointer@4     10044040     kernel32:KERNEL32.dll
 0002:00000044       \177KERNEL32_NULL_THUNK_DATA 10044044     kernel32:KERNEL32.dll
 0002:00000048       __imp___except_handler4_common 10044048     MSVCRT:MSVCR100.dll
 0002:0000004c       __imp___onexit             1004404c     MSVCRT:MSVCR100.dll
 0002:00000050       __imp___lock               10044050     MSVCRT:MSVCR100.dll
 0002:00000054       __imp____dllonexit         10044054     MSVCRT:MSVCR100.dll
 0002:00000058       __imp___unlock             10044058     MSVCRT:MSVCR100.dll
 0002:0000005c       __imp____clean_type_info_names_internal 1004405c     MSVCRT:MSVCR100.dll
 0002:00000060       __imp___crt_debugger_hook  10044060     MSVCRT:MSVCR100.dll
 0002:00000064       __imp____CppXcptFilter     10044064     MSVCRT:MSVCR100.dll
 0002:00000068       __imp___amsg_exit          10044068     MSVCRT:MSVCR100.dll
 0002:0000006c       __imp___initterm_e         1004406c     MSVCRT:MSVCR100.dll
 0002:00000070       __imp___initterm           10044070     MSVCRT:MSVCR100.dll
 0002:00000074       __imp___encoded_null       10044074     MSVCRT:MSVCR100.dll
 0002:00000078       __imp___malloc_crt         10044078     MSVCRT:MSVCR100.dll
 0002:0000007c       __imp__ldexp               1004407c     MSVCRT:MSVCR100.dll
 0002:00000080       __imp___setjmp3            10044080     MSVCRT:MSVCR100.dll
 0002:00000084       __imp__strrchr             10044084     MSVCRT:MSVCR100.dll
 0002:00000088       __imp__ceil                10044088     MSVCRT:MSVCR100.dll
 0002:0000008c       __imp__strncmp             1004408c     MSVCRT:MSVCR100.dll
 0002:00000090       __imp__longjmp             10044090     MSVCRT:MSVCR100.dll
 0002:00000094       __imp__strncpy             10044094     MSVCRT:MSVCR100.dll
 0002:00000098       __imp__memcpy              10044098     MSVCRT:MSVCR100.dll
 0002:0000009c       __imp__strcat              1004409c     MSVCRT:MSVCR100.dll
 0002:000000a0       __imp__strlen              100440a0     MSVCRT:MSVCR100.dll
 0002:000000a4       __imp__malloc              100440a4     MSVCRT:MSVCR100.dll
 0002:000000a8       __imp__sprintf             100440a8     MSVCRT:MSVCR100.dll
 0002:000000ac       __imp__free                100440ac     MSVCRT:MSVCR100.dll
 0002:000000b0       __imp__strcmp              100440b0     MSVCRT:MSVCR100.dll
 0002:000000b4       __imp__memset              100440b4     MSVCRT:MSVCR100.dll
 0002:000000b8       \177MSVCR100_NULL_THUNK_DATA 100440b8     MSVCRT:MSVCR100.dll
 0002:000000bc       __imp__emlrtIsEnumR2009a   100440bc     libemlrt:libemlrt.dll
 0002:000000c0       __imp__emlrtGetEnumUnderlyingArrayR2009a 100440c0     libemlrt:libemlrt.dll
 0002:000000c4       __imp__emlrtTranslateUTF16MessagetoLCPstring 100440c4     libemlrt:libemlrt.dll
 0002:000000c8       __imp__emlrtForLoopVectorIsValidR2011b 100440c8     libemlrt:libemlrt.dll
 0002:000000cc       __imp__emlrtTranslateMessageIDtoLCPstring 100440cc     libemlrt:libemlrt.dll
 0002:000000d0       __imp__emlrtExtractMessageId 100440d0     libemlrt:libemlrt.dll
 0002:000000d4       __imp__emlrtNameCapturePostProcessR2012a 100440d4     libemlrt:libemlrt.dll
 0002:000000d8       __imp__emlrtImportVsFiArrayR2009b 100440d8     libemlrt:libemlrt.dll
 0002:000000dc       __imp__emlrtCreateReference 100440dc     libemlrt:libemlrt.dll
 0002:000000e0       __imp__emlrtGetEnumElementR2009a 100440e0     libemlrt:libemlrt.dll
 0002:000000e4       __imp__emlrtCreateEnumR2012b 100440e4     libemlrt:libemlrt.dll
 0002:000000e8       __imp__emlrtCheckEnumR2012b 100440e8     libemlrt:libemlrt.dll
 0002:000000ec       __imp__emlrtCheckVsBuiltInR2012b 100440ec     libemlrt:libemlrt.dll
 0002:000000f0       __imp__emlrtCheckBuiltInR2012b 100440f0     libemlrt:libemlrt.dll
 0002:000000f4       __imp__emlrtDestroyRootTLS 100440f4     libemlrt:libemlrt.dll
 0002:000000f8       __imp__emlrtCreateRootTLS  100440f8     libemlrt:libemlrt.dll
 0002:000000fc       \177libemlrt_NULL_THUNK_DATA 100440fc     libemlrt:libemlrt.dll
 0002:00000100       __imp__ssRegisterDataTypeFxpScaledDouble 10044100     libfixedpoint:libfixedpoint.dll
 0002:00000104       __imp__ssRegisterDataTypeFxpFSlopeFixExpBias 10044104     libfixedpoint:libfixedpoint.dll
 0002:00000108       \177libfixedpoint_NULL_THUNK_DATA 10044108     libfixedpoint:libfixedpoint.dll
 0002:0000010c       __imp__mexLock             1004410c     libmex:libmex.dll
 0002:00000110       __imp__mexMakeMemoryPersistent 10044110     libmex:libmex.dll
 0002:00000114       __imp__mexFunctionName     10044114     libmex:libmex.dll
 0002:00000118       __imp__mexGetVariable      10044118     libmex:libmex.dll
 0002:0000011c       __imp__mexPutVariable      1004411c     libmex:libmex.dll
 0002:00000120       __imp__mexSetTrapFlag      10044120     libmex:libmex.dll
 0002:00000124       __imp__mexIsLocked         10044124     libmex:libmex.dll
 0002:00000128       __imp__mexWarnMsgTxt       10044128     libmex:libmex.dll
 0002:0000012c       __imp__mexCallMATLAB       1004412c     libmex:libmex.dll
 0002:00000130       __imp__mexUnlock           10044130     libmex:libmex.dll
 0002:00000134       __imp__mexErrMsgTxt        10044134     libmex:libmex.dll
 0002:00000138       __imp__mexMakeArrayPersistent 10044138     libmex:libmex.dll
 0002:0000013c       \177libmex_NULL_THUNK_DATA 1004413c     libmex:libmex.dll
 0002:00000140       __imp__mxCreateCellMatrix_730 10044140     libmx:libmx.dll
 0002:00000144       __imp__mxCreateStructMatrix_730 10044144     libmx:libmx.dll
 0002:00000148       __imp__mxSetField_730      10044148     libmx:libmx.dll
 0002:0000014c       __imp__mxCreateDoubleMatrix_730 1004414c     libmx:libmx.dll
 0002:00000150       __imp__mxCreateDoubleScalar 10044150     libmx:libmx.dll
 0002:00000154       __imp__mxCreateString      10044154     libmx:libmx.dll
 0002:00000158       __imp__mxDestroyArray      10044158     libmx:libmx.dll
[...]
 0001:0001e900       _sfrtGenSizeString         1001f900 f   sfc_mexmsvc80:sfc_mex.obj
 0001:0001e930       _sfIsProperVector          1001f930 f   sfc_mexmsvc80:sfc_mex.obj
 0001:0001e960       _sfIsRowVector             1001f960 f   sfc_mexmsvc80:sfc_mex.obj
 0001:0001ea90       _sf_ExtractMessageId       1001fa90 f   sfc_mexmsvc80:sfc_mex.obj
 0001:0001ece0       _sf_mex_err                1001fce0 f   sfc_mexmsvc80:sfc_mex.obj
 0001:0001ed70       _sf_error_dimension_out_of_bound 1001fd70 f   sfc_mexmsvc80:sfc_mex.obj
 0001:0001ee10       _sf_mex_check_and_set_actual_dimensions 1001fe10 f   sfc_mexmsvc80:sfc_mex.obj
 0001:0001ef90       _sf_mex_check_complex      1001ff90 f   sfc_mexmsvc80:sfc_mex.obj
 0001:0001f000       _sf_mex_check_sparse       10020000 f   sfc_mexmsvc80:sfc_mex.obj
 0001:0001f040       _sf_mex_check_numerictype  10020040 f   sfc_mexmsvc80:sfc_mex.obj
 0001:0001f0d0       _sf_mex_check_fimath       100200d0 f   sfc_mexmsvc80:sfc_mex.obj
 0001:0001f7d0       _size_mismatch_error       100207d0 f   sfc_mexmsvc80:sfc_mex.obj
 0001:00020020       _check_array_dimensions    10021020 f   sfc_mexmsvc80:sfc_mex.obj
 0001:00020070       _check_input_mxarray       10021070 f   sfc_mexmsvc80:sfc_mex.obj
 0001:00020710       _sf_numeric_value_to_double 10021710 f   sfc_mexmsvc80:sfc_mex.obj
 0001:00020750       _ml_generic_out_of_bounds_check 10021750 f   sfc_mexmsvc80:sfc_mex.obj
 0001:000208e0       _ml_get_element_value_from_array 100218e0 f   sfc_mexmsvc80:sfc_mex.obj
 0001:00020db0       __ml_generic_castability_check 10021db0 f   sfc_mexmsvc80:sfc_mex.obj
 0001:00021640       _ml_generic_castability_check 10022640 f   sfc_mexmsvc80:sfc_mex.obj
 0001:000216a0       _ml_check_mx_array_for_single_castability 100226a0 f   sfc_mexmsvc80:sfc_mex.obj
 0001:00021710       _ml_check_mx_array_for_logical_castability 10022710 f   sfc_mexmsvc80:sfc_mex.obj
 0001:00021770       _ml_check_mx_array_for_int8_castability 10022770 f   sfc_mexmsvc80:sfc_mex.obj
 0001:00021800       _ml_check_mx_array_for_uint8_castability 10022800 f   sfc_mexmsvc80:sfc_mex.obj
 0001:00021870       _ml_check_mx_array_for_int16_castability 10022870 f   sfc_mexmsvc80:sfc_mex.obj
 0001:000218e0       _ml_check_mx_array_for_uint16_castability 100228e0 f   sfc_mexmsvc80:sfc_mex.obj
 0001:00021950       _ml_check_mx_array_for_int32_castability 10022950 f   sfc_mexmsvc80:sfc_mex.obj
 0001:000219c0       _ml_check_mx_array_for_uint32_castability 100229c0 f   sfc_mexmsvc80:sfc_mex.obj
 0001:00021a30       _ml_check_mx_array_for_castability 10022a30 f   sfc_mexmsvc80:sfc_mex.obj
 0001:000220c0       _set_data_value            100230c0 f   sfc_mexmsvc80:sfc_mex.obj
 0001:00022590       _get_data_value            10023590 f   sfc_mexmsvc80:sfc_mex.obj
 0001:00022690       _get_next_element_address  10023690 f   sfc_mexmsvc80:sfc_mex.obj
 0001:00022730       _sf_normalize_index        10023730 f   sfc_mexmsvc80:sfc_mex.obj
 0001:000229c0       _ml_array_index_bound_check 100239c0 f   sfc_mexmsvc80:sfc_mex.obj
 0001:000232b0       _mx_value                  100242b0 f   sfc_mexmsvc80:sfc_mex.obj
 0001:00023300       _sf_create_numeric_array   10024300 f   sfc_mexmsvc80:sfc_mex.obj
 0001:00023380       _sf_mex_assign_to_mx_array 10024380 f   sfc_mexmsvc80:sfc_mex.obj
 0001:000235e0       _assign_from_mx_array      100245e0 f   sfc_mexmsvc80:sfc_mex.obj
 0001:00023da0       _sf_mex_import_v           10024da0 f   sfc_mexmsvc80:sfc_mex.obj
 0001:00024280       _get_machine_and_chart_file_number 10025280 f   sfc_mexmsvc80:sfc_sf.obj
 0001:00024340       _get_sfun_block_specialization 10025340 f   sfc_mexmsvc80:sfc_sf.obj
 0001:000243c0       _call_sf_machine_global_method_dispatcher 100253c0 f   sfc_mexmsvc80:sfc_sf.obj
 0001:00024580       _mdl_zeroCrossings_processing 10025580 f   sfc_mexmsvc80:sfc_sf.obj
 0001:00024630       _mdl_derivatives_processing 10025630 f   sfc_mexmsvc80:sfc_sf.obj
 0001:000248b0       _mdl_outputs_continuous_legacy 100258b0 f   sfc_mexmsvc80:sfc_sf.obj
 0001:00024930       _mdl_outputs_processing    10025930 f   sfc_mexmsvc80:sfc_sf.obj
 0001:00024b60       _mdl_enable_processing     10025b60 f   sfc_mexmsvc80:sfc_sf.obj
 0001:00024c10       _mdl_disable_processing    10025c10 f   sfc_mexmsvc80:sfc_sf.obj
 0001:00025780       _sf_call_output_fcn_enable_disable 10026780 f   sfc_mexmsvc80:sfc_sf.obj
 0001:000259a0       _set_dwork_information_from_mx_array 100269a0 f   sfc_mexmsvc80:sfc_sf.obj
 0001:00026340       _ptr2mxStruct              10027340 f   sfc_mexmsvc80:sfc_sf.obj
 0001:00026560       _SNPRINTF_WRAPPER          10027560 f   sfc_debugmsvc80:sfcdebug.obj
 0001:000265a0       _sf_debug_chart_instance_initialized 100275a0 f   sfc_debugmsvc80:sfcdebug.obj
 0001:00026720       _sfrtAddSize               10027720 f   sfc_debugmsvc80:sfcdebug.obj
 0001:000267d0       _sfrtGenSizeString         100277d0 f   sfc_debugmsvc80:sfcdebug.obj
 0001:00026c80       _fill_single_message_info  10027c80 f   sfc_debugmsvc80:sfcdebug.obj
 0001:00026de0       _sf_debug_sim_status_listener 10027de0 f   sfc_debugmsvc80:sfcdebug.obj
 0001:000272b0       _sf_debug_form_mask_bits   100282b0 f   sfc_debugmsvc80:sfcdebug.obj
 0001:000272f0       _sf_debug_form_sf_data_type_offsets 100282f0 f   sfc_debugmsvc80:sfcdebug.obj
 0001:00027380       _sf_debug_free_all         10028380 f   sfc_debugmsvc80:sfcdebug.obj
 0001:00027520       _sf_debug_append_debugger_context 10028520 f   sfc_debugmsvc80:sfcdebug.obj
 0001:00027880       _local_strdup              10028880 f   sfc_debugmsvc80:sfcdebug.obj
 0001:00028580       _sf_debug_em_terminate     10029580 f   sfc_debugmsvc80:sfcdebug.obj
 0001:000285c0       _sf_debug_push_eml_function 100295c0 f   sfc_debugmsvc80:sfcdebug.obj
 0001:00028650       _sf_debug_pop_eml_function 10029650 f   sfc_debugmsvc80:sfcdebug.obj
 0001:00028f20       _sf_debug_get_machine_number_from_id_or_name 10029f20 f   sfc_debugmsvc80:sfcdebug.obj
 0001:00029080       _sf_debug_get_chart_number_from_id 1002a080 f   sfc_debugmsvc80:sfcdebug.obj
 0001:00029a90       _sf_debug_transfer_control_to_debugger_GUI 1002aa90 f   sfc_debugmsvc80:sfcdebug.obj
 0001:0002a8e0       _sf_debug_scripts_rehash   1002b8e0 f   sfc_debugmsvc80:sfcdebug.obj
 0001:0002aa90       _sf_debug_get_script_line_count 1002ba90 f   sfc_debugmsvc80:sfcdebug.obj
 0001:0002b140       _cv_eml_state_cvId         1002c140 f   sfc_debugmsvc80:sfcdebug.obj
 0001:0002b190       _cv_eml_trans_cvId         1002c190 f   sfc_debugmsvc80:sfcdebug.obj
 0001:0002c000       _sf_debug_data_array_bounds_error 1002d000 f   sfc_debugmsvc80:sfcdebug.obj
 0001:0002c310       _eml_debug_runtime_error_doclink 1002d310 f   sfc_debugmsvc80:sfcdebug.obj
 0001:0002c440       _sf_debug_runtime_error    1002d440 f   sfc_debugmsvc80:sfcdebug.obj
 0001:0002c490       _sf_debug_matlab_error     1002d490 f   sfc_debugmsvc80:sfcdebug.obj
 0001:0002ca60       _sf_debug_data_value_error 1002da60 f   sfc_debugmsvc80:sfcdebug.obj
 0001:0002d080       _sf_debug_data_loss_error  1002e080 f   sfc_debugmsvc80:sfcdebug.obj
 0001:0002dbf0       _call_cv_range_check       1002ebf0 f   sfc_debugmsvc80:sfcdebug.obj
 0001:0002e190       _sf_debug_invoke_cycle_detection_code 1002f190 f   sfc_debugmsvc80:sfcdebug.obj
 0001:0002eb10       _sf_reset_debug_info_struct 1002fb10 f   sfc_debugmsvc80:sfcdebug.obj
 0001:0002f170       _cv_script_cvId            10030170 f   sfc_debugmsvc80:sfcdebug.obj
 0001:0002fbd0       _sfc_api_chart_visible     10030bd0 f   sfc_debugmsvc80:sfc_api.obj
 0001:0002fc90       _sfc_api_active_instance   10030c90 f   sfc_debugmsvc80:sfc_api.obj
 0001:0002fd30       _sfc_api_machine_load      10030d30 f   sfc_debugmsvc80:sfc_api.obj
 0001:0002fe40       _sfc_api_debugger_alive    10030e40 f   sfc_debugmsvc80:sfc_api.obj
 0001:0002fe60       _sfc_api_go                10030e60 f   sfc_debugmsvc80:sfc_api.obj
 0001:0002fe80       _sfc_api_step_over         10030e80 f   sfc_debugmsvc80:sfc_api.obj
 0001:0002fea0       _sfc_api_step_out          10030ea0 f   sfc_debugmsvc80:sfc_api.obj
 0001:0002fec0       _sfc_api_resume            10030ec0 f   sfc_debugmsvc80:sfc_api.obj
 0001:0002fee0       _sfc_api_break             10030ee0 f   sfc_debugmsvc80:sfc_api.obj
 0001:0002ff00       _sfc_api_stop_debugging    10030f00 f   sfc_debugmsvc80:sfc_api.obj
 0001:0002ff50       _sfc_api_is_cycle_detected 10030f50 f   sfc_debugmsvc80:sfc_api.obj
 0001:0002ffa0       _sfc_api_is_array_bounds_detected 10030fa0 f   sfc_debugmsvc80:sfc_api.obj
 0001:0002fff0       _sfc_api_set_disable_all_breakpoints 10030ff0 f   sfc_debugmsvc80:sfc_api.obj
 0001:00030080       _sfc_api_disable_all_breakpoints_and_go 10031080 f   sfc_debugmsvc80:sfc_api.obj
 0001:000300a0       _sfc_api_close             100310a0 f   sfc_debugmsvc80:sfc_api.obj
 0001:000300c0       _sfc_api_browse_data       100310c0 f   sfc_debugmsvc80:sfc_api.obj
 0001:00030140       _sfc_api_watch_data        10031140 f   sfc_debugmsvc80:sfc_api.obj
 0001:00030240       _sfc_api_extract_message_post_receive_info 10031240 f   sfc_debugmsvc80:sfc_api.obj
 0001:00030260       _sfc_api_assign_data       10031260 f   sfc_debugmsvc80:sfc_api.obj
 0001:000302e0       _sfc_api_whos              100312e0 f   sfc_debugmsvc80:sfc_api.obj
 0001:00030370       _sfc_api_get_consistency_info 10031370 f   sfc_debugmsvc80:sfc_api.obj
 0001:00030390       _sfc_api_browse_trace      10031390 f   sfc_debugmsvc80:sfc_api.obj
 0001:000303b0       _sfc_api_break_on_chart_entry 100313b0 f   sfc_debugmsvc80:sfc_api.obj
 0001:000303f0       _sfc_api_break_on_event_broadcast 100313f0 f   sfc_debugmsvc80:sfc_api.obj
 0001:00030430       _sfc_api_break_on_state_entry 10031430 f   sfc_debugmsvc80:sfc_api.obj
 0001:00030470       _sfc_api_set_watch         10031470 f   sfc_debugmsvc80:sfc_api.obj
 0001:00030550       _sfc_api_set_breakpoints   10031550 f   sfc_debugmsvc80:sfc_api.obj
 0001:00030630       _sfc_api_set_eml_breakpoints 10031630 f   sfc_debugmsvc80:sfc_api.obj
 0001:000306e0       _sfc_api_set_script_breakpoints 100316e0 f   sfc_debugmsvc80:sfc_api.obj
 0001:00030750       _sfc_api_add_script_breakpoints 10031750 f   sfc_debugmsvc80:sfc_api.obj
 0001:000307c0       _sfc_api_clear_script_breakpoints 100317c0 f   sfc_debugmsvc80:sfc_api.obj
 0001:00030830       _sfc_api_query_script_breakpoints 10031830 f   sfc_debugmsvc80:sfc_api.obj
 0001:000308a0       _sfc_api_get_script_id     100318a0 f   sfc_debugmsvc80:sfc_api.obj
 0001:00030940       _sfc_api_get_active_states 10031940 f   sfc_debugmsvc80:sfc_api.obj
 0001:000309b0       _sfc_api_break_between_times 100319b0 f   sfc_debugmsvc80:sfc_api.obj
 0001:00030a10       _sfc_api_get_instance_handle 10031a10 f   sfc_debugmsvc80:sfc_api.obj
 0001:00030af0       _sfc_api_set_animation     10031af0 f   sfc_debugmsvc80:sfc_api.obj
 0001:00030b50       _sfc_api_select_chart      10031b50 f   sfc_debugmsvc80:sfc_api.obj
 0001:00030be0       _sfc_api_select_charts     10031be0 f   sfc_debugmsvc80:sfc_api.obj
 0001:00030c10       _sfc_api_cycle_detection_check 10031c10 f   sfc_debugmsvc80:sfc_api.obj
 0001:00030c70       _sfc_api_data_range_check  10031c70 f   sfc_debugmsvc80:sfc_api.obj
 0001:00030cd0       _sfc_api_transition_conflict_check 10031cd0 f   sfc_debugmsvc80:sfc_api.obj
 0001:00030d30       _sfc_api_state_consistency_check 10031d30 f   sfc_debugmsvc80:sfc_api.obj
 0001:00030d90       _sfc_api_set_instance_cv_ids 10031d90 f   sfc_debugmsvc80:sfc_api.obj
 0001:00030ec0       _sfc_api_set_script_cv_ids 10031ec0 f   sfc_debugmsvc80:sfc_api.obj
 0001:00030f90       _sfc_api_get_current_machine_id 10031f90 f   sfc_debugmsvc80:sfc_api.obj
 0001:00030fd0       _sfc_api_get_current_machine_number 10031fd0 f   sfc_debugmsvc80:sfc_api.obj
 0001:00031010       _sfc_api_get_current_chart_number 10032010 f   sfc_debugmsvc80:sfc_api.obj
 0001:00031050       _sfc_api_get_current_instance_number 10032050 f   sfc_debugmsvc80:sfc_api.obj
 0001:00031090       _sfc_api_get_current_instance_handle 10032090 f   sfc_debugmsvc80:sfc_api.obj
 0001:000310b0       _sfc_api_get_current_is_minor_time_step 100320b0 f   sfc_debugmsvc80:sfc_api.obj
 0001:000310f0       _sfc_api_get_current_machine_name 100320f0 f   sfc_debugmsvc80:sfc_api.obj
 0001:00031110       _sfc_api_get_current_chart_id 10032110 f   sfc_debugmsvc80:sfc_api.obj
 0001:00031150       _sfc_api_get_current_object_type 10032150 f   sfc_debugmsvc80:sfc_api.obj
 0001:00031190       _sfc_api_get_current_event_type 10032190 f   sfc_debugmsvc80:sfc_api.obj
 0001:000311d0       _sfc_api_get_current_object_id 100321d0 f   sfc_debugmsvc80:sfc_api.obj
 0001:00031210       _sfc_get_current_active_event_type 10032210 f   sfc_debugmsvc80:sfc_api.obj
 0001:00031250       _sfc_api_get_current_active_event_id 10032250 f   sfc_debugmsvc80:sfc_api.obj
 0001:00031290       _sfc_api_get_current_simulation_time 10032290 f   sfc_debugmsvc80:sfc_api.obj
 0001:000312b0       _sfc_get_current_tag_type  100322b0 f   sfc_debugmsvc80:sfc_api.obj
 0001:000312f0       _sfc_get_current_coverage_percentage 100322f0 f   sfc_debugmsvc80:sfc_api.obj
 0001:00031310       _sfc_get_current_statement_context 10032310 f   sfc_debugmsvc80:sfc_api.obj
 0001:00031330       _sfc_get_current_optional_integer 10032330 f   sfc_debugmsvc80:sfc_api.obj
 0001:00031360       _sfc_get_current_statement_info 10032360 f   sfc_debugmsvc80:sfc_api.obj
 0001:00031400       _sfc_api_get               10032400 f   sfc_debugmsvc80:sfc_api.obj
 0001:00031e50       _sf_debug_sm_fill_state_activity_data 10032e50 f   sfc_debugmsvc80:sfdb_animation.obj
 0001:00034130       _void_ptr_stack_vector_free_total 10035130 f   sfc_debugmsvc80:sfdb_data_browse.obj
 0001:00034190       _sf_debug_st_terminate_machine 10035190 f   sfc_debugmsvc80:sfdb_data_browse.obj
 0001:000341c0       _sf_debug_st_terminate_instance 100351c0 f   sfc_debugmsvc80:sfdb_data_browse.obj
 0001:00034340       _push_on_to_void_ptr_stack 10035340 f   sfc_debugmsvc80:sfdb_data_browse.obj
 0001:00034470       _pop_from_void_ptr_stack   10035470 f   sfc_debugmsvc80:sfdb_data_browse.obj
 0001:00034570       _sf_debug_st_get_data_value 10035570 f   sfc_debugmsvc80:sfdb_data_browse.obj
 0001:00034a10       _mx_value                  10035a10 f   sfc_debugmsvc80:sfdb_data_browse.obj
 0001:00034a40       _sf_debug_st_fill_data_struct 10035a40 f   sfc_debugmsvc80:sfdb_data_browse.obj
 0001:00034d10       _data_type_format_strings  10035d10 f   sfc_debugmsvc80:sfdb_data_browse.obj
 0001:00034d80       _sf_debug_st_fill_data     10035d80 f   sfc_debugmsvc80:sfdb_data_browse.obj
 0001:00035780       _sf_debug_hm_get_simulink_handle 10036780 f   sfc_debugmsvc80:sfdb_handle_management.obj
 0001:00036100       _sf_debug_hm_initialize_globals 10037100 f   sfc_debugmsvc80:sfdb_handle_management.obj
 0001:000361f0       _sf_debug_hm_get_machine_debug_flag 100371f0 f   sfc_debugmsvc80:sfdb_handle_management.obj
 0001:00036340       _sf_debug_hm_get_machine_id 10037340 f   sfc_debugmsvc80:sfdb_handle_management.obj
 0001:00036450       _sf_debug_hm_get_chart_id  10037450 f   sfc_debugmsvc80:sfdb_handle_management.obj
 0001:000365c0       _sf_debug_hm_register_executing_SFunction 100375c0 f   sfc_debugmsvc80:sfdb_handle_management.obj
 0001:000368c0       _sf_debug_hm_form_object_boolean_properties 100378c0 f   sfc_debugmsvc80:sfdb_handle_management.obj
 0001:00036b30       _sf_debug_hm_form_object_properties 10037b30 f   sfc_debugmsvc80:sfdb_handle_management.obj
 0001:00036d30       _sf_debug_hm_terminate_charts 10037d30 f   sfc_debugmsvc80:sfdb_handle_management.obj
 0001:00037350       _sf_debug_hm_terminate_machines 10038350 f   sfc_debugmsvc80:sfdb_handle_management.obj
 0001:00038b70       _sf_debug_ss_copy_dimension 10039b70 f   sfc_debugmsvc80:sfdb_symbol_scope.obj
 0001:00038be0       _sf_debug_ss_get_number_elements 10039be0 f   sfc_debugmsvc80:sfdb_symbol_scope.obj
 0001:00038c00       _sf_debug_ss_fill_data_struct 10039c00 f   sfc_debugmsvc80:sfdb_symbol_scope.obj
 0001:00038df0       _sf_debug_ss_reset_data_info 10039df0 f   sfc_debugmsvc80:sfdb_symbol_scope.obj
 0001:00038e40       _sf_debug_fill_data_info_by_symbol_scope_entry 10039e40 f   sfc_debugmsvc80:sfdb_symbol_scope.obj
 0001:00038ef0       _sf_debug_fill_data_info_by_data_vector 10039ef0 f   sfc_debugmsvc80:sfdb_symbol_scope.obj
 0001:000390b0       _get_data_info_helper      1003a0b0 f   sfc_debugmsvc80:sfdb_symbol_scope.obj
 0001:00039130       _sf_debug_ss_get_data_info 1003a130 f   sfc_debugmsvc80:sfdb_symbol_scope.obj
 0001:000392e0       _sf_debug_select_mex_function 1003a2e0 f   sfc_debugmsvc80:sfdb_symbol_scope.obj
 0001:00039310       _sf_debug_is_dyn_matrix_initialized 1003a310 f   sfc_debugmsvc80:sfdb_symbol_scope.obj
 0001:00039330       _sf_debug_ss_set_data_value_try 1003a330 f   sfc_debugmsvc80:sfdb_symbol_scope.obj
 0001:00039460       _sf_debug_ss_get_data_value 1003a460 f   sfc_debugmsvc80:sfdb_symbol_scope.obj
 0001:00039990       _sf_debug_ss_data_bytes_string 1003a990 f   sfc_debugmsvc80:sfdb_symbol_scope.obj
 0001:00039a00       _sf_debug_ss_data_class_string 1003aa00 f   sfc_debugmsvc80:sfdb_symbol_scope.obj
 0001:00039d50       _sf_debug_ss_data_size_string 1003ad50 f   sfc_debugmsvc80:sfdb_symbol_scope.obj
 0001:00039e10       _sf_debug_ss_data_create_data_info_struct 1003ae10 f   sfc_debugmsvc80:sfdb_symbol_scope.obj
 0001:0003a070       _sf_debug_ss_data_create_name_value_pair 1003b070 f   sfc_debugmsvc80:sfdb_symbol_scope.obj
 0001:0003a0d0       _sf_debug_ss_data_get_whos_info 1003b0d0 f   sfc_debugmsvc80:sfdb_symbol_scope.obj
 0001:0003a100       _same_named_data_in_data_array 1003b100 f   sfc_debugmsvc80:sfdb_symbol_scope.obj
 0001:0003b590       _sf_debug_cc_terminate_chart 1003c590 f   sfc_debugmsvc80:sfdb_coverage.obj
 0001:0003b8a0       _sf_debug_cc_terminate_instance 1003c8a0 f   sfc_debugmsvc80:sfdb_coverage.obj
 0001:0003c2d0       _sf_debug_cc_mark_object_if_needed 1003d2d0 f   sfc_debugmsvc80:sfdb_coverage.obj
 0001:0003ca50       _sf_debug_bm_initialize_eml 1003da50 f   sfc_debugmsvc80:sfdb_breakpoints.obj
 0001:0003da20       _sf_debug_bm_map_debug_tag_to_breakpoint_tag 1003ea20 f   sfc_debugmsvc80:sfdb_breakpoints.obj
 0001:0003dac0       _sf_debug_bm_is_a_eml_breakpoint_impl 1003eac0 f   sfc_debugmsvc80:sfdb_breakpoints.obj
 0001:0003f130       _sf_debug_sc_push_on_error_stack 10040130 f   sfc_debugmsvc80:sfdb_state_consistency.obj
 0001:0003f230       _sf_debug_sc_reset_error_stack 10040230 f   sfc_debugmsvc80:sfdb_state_consistency.obj
 0001:0003f380       _sf_debug_sc_is_state_inconsistent 10040380 f   sfc_debugmsvc80:sfdb_state_consistency.obj
 0001:0003f5a0       _sf_debug_sc_fill_consistency_info 100405a0 f   sfc_debugmsvc80:sfdb_state_consistency.obj
 0001:0003fa30       _void_assertion_fcn        10040a30 f   sfc_debugmsvc80:sfdb_call_stack.obj
 0001:0003ff10       _sf_debug_tm_fill_local_trace 10040f10 f   sfc_debugmsvc80:sfdb_call_stack.obj
 0001:00040390       _sf_debug_cd_terminate_instance 10041390 f   sfc_debugmsvc80:sfdb_cycle_detection.obj
 0001:000403f0       _sf_debug_cd_free_checksum_stack 100413f0 f   sfc_debugmsvc80:sfdb_cycle_detection.obj
 0001:00040420       _sf_debug_cd_reset_pack_strings 10041420 f   sfc_debugmsvc80:sfdb_cycle_detection.obj
 0001:00040a60       _md5file_clear             10041a60 f   sfc_debugmsvc80:ckmd5.obj
 0001:00040a90       _Encode                    10041a90 f   sfc_debugmsvc80:ckmd5.obj
 0001:00040ad0       _Decode                    10041ad0 f   sfc_debugmsvc80:ckmd5.obj
 0001:00040b50       _MD5Transform              10041b50 f   sfc_debugmsvc80:ckmd5.obj
 0001:00041210       _md5file_addn              10042210 f   sfc_debugmsvc80:ckmd5.obj
 0001:000412c0       _md5file_hash              100422c0 f   sfc_debugmsvc80:ckmd5.obj
 0001:00041779       _pre_c_init                10042779 f   MSVCRT:crtdll.obj
 0001:000419d1       ___DllMainCRTStartup       100429d1 f   MSVCRT:crtdll.obj
