 Optimization_Algorithm_sfun

 Timestamp is 5582bde5 (Thu Jun 18 14:47:33 2015)

 Preferred load address is 10000000

 Start         Length     Name                   Class
 0001:00000000 00036134H .text                   CODE
 0002:00000000 00000268H .idata$5                DATA
 0002:00000268 00000004H .CRT$XCA                DATA
 0002:0000026c 00000004H .CRT$XCZ                DATA
 0002:00000270 00000004H .CRT$XIA                DATA
 0002:00000274 00000004H .CRT$XIAA               DATA
 0002:00000278 00000004H .CRT$XIC                DATA
 0002:0000027c 00000004H .CRT$XIZ                DATA
 0002:00000280 000045d0H .rdata                  DATA
 0002:00004850 00000004H .rdata$sxdata           DATA
 0002:00004854 00000004H .rtc$IAA                DATA
 0002:00004858 00000004H .rtc$IZZ                DATA
 0002:0000485c 00000004H .rtc$TAA                DATA
 0002:00004860 00000004H .rtc$TZZ                DATA
 0002:00004868 00000064H .xdata$x                DATA
 0002:000048cc 000000a0H .idata$2                DATA
 0002:0000496c 00000014H .idata$3                DATA
 0002:00004980 00000268H .idata$4                DATA
 0002:00004be8 00000b62H .idata$6                DATA
 0002:00005750 00000061H .edata                  DATA
 0003:00000000 00005730H .data                   DATA
 0003:00005740 000020e8H .bss                    DATA

  Address         Publics by Value              Rva+Base       Lib:Object

 0000:00000000       __except_list              00000000     <absolute>
 0000:00000001       ___safe_se_handler_count   00000001     <absolute>
 0000:00009876       __ldused                   00009876     <absolute>
 0000:00009876       __fltused                  00009876     <absolute>
 0000:00000000       ___ImageBase               10000000     <linker-defined>
 0001:00000020       _sf_c3_Optimization_Algorithm_get_eml_resolved_functions_info 10001020 f   c3_Optimization_Algorithm.obj
 0001:00002890       _sf_c3_Optimization_Algorithm_get_check_sum 10003890 f   c3_Optimization_Algorithm.obj
 0001:000028f0       _sf_c3_Optimization_Algorithm_get_autoinheritance_info 100038f0 f   c3_Optimization_Algorithm.obj
 0001:00003b80       _sf_c3_Optimization_Algorithm_third_party_uses_info 10004b80 f   c3_Optimization_Algorithm.obj
 0001:00003ba0       _sf_internal_get_sim_state_c3_Optimization_Algorithm 10004ba0 f   c3_Optimization_Algorithm.obj
 0001:00003e30       _sf_internal_set_sim_state_c3_Optimization_Algorithm 10004e30 f   c3_Optimization_Algorithm.obj
 0001:00004140       _c3_Optimization_Algorithm_method_dispatcher 10005140 f   c3_Optimization_Algorithm.obj
 0001:0000cf60       _sf_process_check_sum_call 1000df60 f   Optimization_Algorithm_sfun_registry.obj
 0001:0000cf90       _sf_process_autoinheritance_call 1000df90 f   Optimization_Algorithm_sfun_registry.obj
 0001:0000d0d0       _sf_process_get_third_party_uses_info_call 1000e0d0 f   Optimization_Algorithm_sfun_registry.obj
 0001:0000d210       _sf_process_get_eml_resolved_functions_info_call 1000e210 f   Optimization_Algorithm_sfun_registry.obj
 0001:0000d330       _sf_mex_unlock_call        1000e330 f   Optimization_Algorithm_sfun_registry.obj
 0001:0000d3c0       _sf_machine_global_initializer_called 1000e3c0 f   Optimization_Algorithm_sfun_registry.obj
 0001:0000d3e0       _sf_machine_global_method_dispatcher 1000e3e0 f   Optimization_Algorithm_sfun_registry.obj
 0001:0000d420       _sf_machine_global_terminator 1000e420 f   Optimization_Algorithm_sfun_registry.obj
 0001:0000d460       _sf_register_machine_exported_symbols 1000e460 f   Optimization_Algorithm_sfun_registry.obj
 0001:0000d480       _callCustomFcn             1000e480 f   Optimization_Algorithm_sfun_registry.obj
 0001:0000d490       _sf_machine_global_initializer 1000e490 f   Optimization_Algorithm_sfun_registry.obj
 0001:0000d500       __ssSetStateAbsTol         1000e500 f   Optimization_Algorithm_sfun_registry.obj
 0001:0000d5a0       __ssGetAbsTol              1000e5a0 f   Optimization_Algorithm_sfun_registry.obj
 0001:0000d5f0       __ssSetInputPortMatrixDimensions 1000e5f0 f   Optimization_Algorithm_sfun_registry.obj
 0001:0000d6a0       __ssSetOutputPortMatrixDimensions 1000e6a0 f   Optimization_Algorithm_sfun_registry.obj
 0001:0000d750       __ssSetInputPortVectorDimension 1000e750 f   Optimization_Algorithm_sfun_registry.obj
 0001:0000d7d0       __ssSetOutputPortVectorDimension 1000e7d0 f   Optimization_Algorithm_sfun_registry.obj
 0001:0000d850       _ssIsRunTimeParamTunable   1000e850 f   Optimization_Algorithm_sfun_registry.obj
 0001:0000d8b0       _ssGetSFuncBlockHandle     1000e8b0 f   Optimization_Algorithm_sfun_registry.obj
 0001:0000d900       __ssGetCurrentInputPortWidth 1000e900 f   Optimization_Algorithm_sfun_registry.obj
 0001:0000d9d0       __ssGetCurrentOutputPortWidth 1000e9d0 f   Optimization_Algorithm_sfun_registry.obj
 0001:0000daa0       __ssGetCallSystemNumFcnCallDestinations 1000eaa0 f   Optimization_Algorithm_sfun_registry.obj
 0001:0000db00       _ssWarning                 1000eb00 f   Optimization_Algorithm_sfun_registry.obj
 0001:0000dbe0       _ssGetIsZeroCrossControlDisabled 1000ebe0 f   Optimization_Algorithm_sfun_registry.obj
 0001:0000dc40       _ssSetIsInputPortUsedForContZcSignal 1000ec40 f   Optimization_Algorithm_sfun_registry.obj
 0001:0000dc90       _ssSetZcSignalIsZcElementDisc 1000ec90 f   Optimization_Algorithm_sfun_registry.obj
 0001:0000dd10       _ssSetZcSignalName         1000ed10 f   Optimization_Algorithm_sfun_registry.obj
 0001:0000dd60       _ssSetZcSignalWidth        1000ed60 f   Optimization_Algorithm_sfun_registry.obj
 0001:0000ddb0       _ssSetZcSignalZcEventType  1000edb0 f   Optimization_Algorithm_sfun_registry.obj
 0001:0000de00       _ssSetZcSignalType         1000ee00 f   Optimization_Algorithm_sfun_registry.obj
 0001:0000de50       _ssSetZcSignalZcTol        1000ee50 f   Optimization_Algorithm_sfun_registry.obj
 0001:0000dea0       _ssSetZcSignalNeedsEventNotification 1000eea0 f   Optimization_Algorithm_sfun_registry.obj
 0001:0000def0       _ssCreateAndAddZcSignalInfo 1000eef0 f   Optimization_Algorithm_sfun_registry.obj
 0001:0000df50       _ssCloneAndAddZcSignalInfo 1000ef50 f   Optimization_Algorithm_sfun_registry.obj
 0001:0000dfb0       _ssGetNumZcSignals         1000efb0 f   Optimization_Algorithm_sfun_registry.obj
 0001:0000e010       _ssGetZcSignalVector       1000f010 f   Optimization_Algorithm_sfun_registry.obj
 0001:0000e070       _ssGetZcSignalZcEvents     1000f070 f   Optimization_Algorithm_sfun_registry.obj
 0001:0000e0d0       _ssGetZcSignalName         1000f0d0 f   Optimization_Algorithm_sfun_registry.obj
 0001:0000e130       _ssGetZcSignalWidth        1000f130 f   Optimization_Algorithm_sfun_registry.obj
 0001:0000e190       _ssGetZcSignalZcEventType  1000f190 f   Optimization_Algorithm_sfun_registry.obj
 0001:0000e1f0       _ssGetZcSignalType         1000f1f0 f   Optimization_Algorithm_sfun_registry.obj
 0001:0000e250       _ssGetZcSignalZcTol        1000f250 f   Optimization_Algorithm_sfun_registry.obj
 0001:0000e2b0       _ssGetZcSignalNeedsEventNotification 1000f2b0 f   Optimization_Algorithm_sfun_registry.obj
 0001:0000e310       _ssGetZcSignalIsZcElementDisc 1000f310 f   Optimization_Algorithm_sfun_registry.obj
 0001:0000e390       _ssGetIsInputPortElementContinuous 1000f390 f   Optimization_Algorithm_sfun_registry.obj
 0001:0000e410       __ssGetInputPortSignalPtrsFcn 1000f410 f   Optimization_Algorithm_sfun_registry.obj
 0001:0000e610       __ssGetInputPortSignalFcn  1000f610 f   Optimization_Algorithm_sfun_registry.obj
 0001:0000e7a0       __ssSetInputPortDirectFeedThroughFcn 1000f7a0 f   Optimization_Algorithm_sfun_registry.obj
 0001:0000e8d0       __ssSetInputPortReusableFcn 1000f8d0 f   Optimization_Algorithm_sfun_registry.obj
 0001:0000e960       __ssSetOutputPortReusableFcn 1000f960 f   Optimization_Algorithm_sfun_registry.obj
 0001:0000e9f0       _ssGetDTypeIdFromMxArray   1000f9f0 f   Optimization_Algorithm_sfun_registry.obj
 0001:0000eae0       _ssWriteRTWStr             1000fae0 f   Optimization_Algorithm_sfun_registry.obj
 0001:0000eb20       _ssWriteRTWMxVectParam     1000fb20 f   Optimization_Algorithm_sfun_registry.obj
 0001:0000eb60       _ssWriteRTWMx2dMatParam    1000fb60 f   Optimization_Algorithm_sfun_registry.obj
 0001:0000eba0       _ssWriteRTWNameValuePair   1000fba0 f   Optimization_Algorithm_sfun_registry.obj
 0001:0000ef10       _ssWriteRTWParameters      1000ff10 f   Optimization_Algorithm_sfun_registry.obj
 0001:0000f2b0       _ssWriteRTWParamSettings   100102b0 f   Optimization_Algorithm_sfun_registry.obj
 0001:0000f760       _ssWriteRTWWorkVect        10010760 f   Optimization_Algorithm_sfun_registry.obj
 0001:0000faf0       _mexFunction               10010af0 f   Optimization_Algorithm_sfun_registry.obj
 0001:00011270       _ProcessMexSfunctionEveryCall 10012270 f   Optimization_Algorithm_sfun_registry.obj
 0001:00011380       _Optimization_Algorithm_initializer 10012380 f   Optimization_Algorithm_sfun.obj
 0001:00011390       _Optimization_Algorithm_terminator 10012390 f   Optimization_Algorithm_sfun.obj
 0001:000113a0       _sf_Optimization_Algorithm_method_dispatcher 100123a0 f   Optimization_Algorithm_sfun.obj
 0001:000113d0       _sf_Optimization_Algorithm_process_check_sum_call 100123d0 f   Optimization_Algorithm_sfun.obj
 0001:00011780       _sf_Optimization_Algorithm_autoinheritance_info 10012780 f   Optimization_Algorithm_sfun.obj
 0001:000118a0       _sf_Optimization_Algorithm_get_eml_resolved_functions_info 100128a0 f   Optimization_Algorithm_sfun.obj
 0001:00011990       _sf_Optimization_Algorithm_third_party_uses_info 10012990 f   Optimization_Algorithm_sfun.obj
 0001:00011ac0       _Optimization_Algorithm_debug_initialize 10012ac0 f   Optimization_Algorithm_sfun.obj
 0001:00011b20       _Optimization_Algorithm_register_exported_symbols 10012b20 f   Optimization_Algorithm_sfun.obj
 0001:00011b30       _load_Optimization_Algorithm_optimization_info 10012b30 f   Optimization_Algorithm_sfun.obj
 0001:00011b70       _unload_Optimization_Algorithm_optimization_info 10012b70 f   Optimization_Algorithm_sfun.obj
 0001:00011c40       _sf_mex_mx_is_numeric      10012c40 f   sfc_mexmsvc80:sfc_mex.obj
 0001:00011c80       _strcmp_ignore_ws          10012c80 f   sfc_mexmsvc80:sfc_mex.obj
 0001:00011da0       _sf_mex_duplicatearraysafe 10012da0 f   sfc_mexmsvc80:sfc_mex.obj
 0001:00011f80       _sf_set_error_debugger_context_message_fcn 10012f80 f   sfc_mexmsvc80:sfc_mex.obj
 0001:00011fa0       _sf_set_debugger_matlab_error_fcn 10012fa0 f   sfc_mexmsvc80:sfc_mex.obj
 0001:00011fd0       _sf_set_error_prefix_string 10012fd0 f   sfc_mexmsvc80:sfc_mex.obj
 0001:00012000       _sf_get_error_prefix_string 10013000 f   sfc_mexmsvc80:sfc_mex.obj
 0001:00012010       _sf_mex_enter_parallel_region 10013010 f   sfc_mexmsvc80:sfc_mex.obj
 0001:00012020       _sf_mex_exit_parallel_region 10013020 f   sfc_mexmsvc80:sfc_mex.obj
 0001:00012030       _sf_get_current_jmp_buf_ptr 10013030 f   sfc_mexmsvc80:sfc_mex.obj
 0001:00012040       _sf_set_current_jmp_buf_ptr 10013040 f   sfc_mexmsvc80:sfc_mex.obj
 0001:00012050       _sf_mex_set_halt_simulation 10013050 f   sfc_mexmsvc80:sfc_mex.obj
 0001:00012060       _sf_mex_get_halt_simulation 10013060 f   sfc_mexmsvc80:sfc_mex.obj
 0001:00012070       _sf_mex_clear_error_message 10013070 f   sfc_mexmsvc80:sfc_mex.obj
 0001:00012090       _sf_mex_get_error_message_for_read 10013090 f   sfc_mexmsvc80:sfc_mex.obj
 0001:000120a0       _sf_mex_get_error_message_buffer_length 100130a0 f   sfc_mexmsvc80:sfc_mex.obj
 0001:00012170       _sf_mex_warning_message    10013170 f   sfc_mexmsvc80:sfc_mex.obj
 0001:000121c0       _sf_mex_v_errbuf_createf   100131c0 f   sfc_mexmsvc80:sfc_mex.obj
 0001:000121e0       _sf_mex_errbuf_createf     100131e0 f   sfc_mexmsvc80:sfc_mex.obj
 0001:00012200       _sf_mex_v_errbuf_catf      10013200 f   sfc_mexmsvc80:sfc_mex.obj
 0001:00012240       _sf_mex_errbuf_catf        10013240 f   sfc_mexmsvc80:sfc_mex.obj
 0001:00012280       _sf_mex_errbuf_copy        10013280 f   sfc_mexmsvc80:sfc_mex.obj
 0001:000122a0       _sf_mex_errbuf_clear       100132a0 f   sfc_mexmsvc80:sfc_mex.obj
 0001:000122b0       _sf_mex_errbuf_isempty     100132b0 f   sfc_mexmsvc80:sfc_mex.obj
 0001:00012340       _sf_mex_set_error_status   10013340 f   sfc_mexmsvc80:sfc_mex.obj
 0001:00012370       _sf_mex_error_direct_call  10013370 f   sfc_mexmsvc80:sfc_mex.obj
 0001:00012390       _sf_mex_error_message_no_long_jump 10013390 f   sfc_mexmsvc80:sfc_mex.obj
 0001:000123c0       _sf_mex_long_jump_on_error 100133c0 f   sfc_mexmsvc80:sfc_mex.obj
 0001:000123f0       _sf_mex_call_matlab        100133f0 f   sfc_mexmsvc80:sfc_mex.obj
 0001:000124c0       _sf_mex_check_builtin      100134c0 f   sfc_mexmsvc80:sfc_mex.obj
 0001:00012520       _sf_mex_check_builtin_vs   10013520 f   sfc_mexmsvc80:sfc_mex.obj
 0001:00012580       _sf_mex_check_enum         10013580 f   sfc_mexmsvc80:sfc_mex.obj
 0001:000125d0       _sf_mex_create_enum        100135d0 f   sfc_mexmsvc80:sfc_mex.obj
 0001:00012620       _sf_mex_get_enum_element   10013620 f   sfc_mexmsvc80:sfc_mex.obj
 0001:00012630       _sf_mex_createcellarray    10013630 f   sfc_mexmsvc80:sfc_mex.obj
 0001:00012650       _sf_mex_setcell            10013650 f   sfc_mexmsvc80:sfc_mex.obj
 0001:00012660       _sf_mex_getcell            10013660 f   sfc_mexmsvc80:sfc_mex.obj
 0001:00012670       _sf_mex_dup                10013670 f   sfc_mexmsvc80:sfc_mex.obj
 0001:000126a0       _sf_mex_assign             100136a0 f   sfc_mexmsvc80:sfc_mex.obj
 0001:000126f0       _sf_mex_destroy            100136f0 f   sfc_mexmsvc80:sfc_mex.obj
 0001:00012710       _mx_array_has_fi_type      10013710 f   sfc_mexmsvc80:sfc_mex.obj
 0001:00012740       _sf_mex_convert_from_fi    10013740 f   sfc_mexmsvc80:sfc_mex.obj
 0001:00012820       _sf_mex_convert_to_double  10013820 f   sfc_mexmsvc80:sfc_mex.obj
 0001:00012860       _sf_mex_import_fi_vs       10013860 f   sfc_mexmsvc80:sfc_mex.obj
 0001:000129c0       _sf_matrix_matrix_index_ok 100139c0 f   sfc_mexmsvc80:sfc_mex.obj
 0001:00012a30       _sf_vector_vector_index_ok 10013a30 f   sfc_mexmsvc80:sfc_mex.obj
 0001:00012a60       _ssGetCurrentInputPortDimensions_wrapper 10013a60 f   sfc_mexmsvc80:sfc_mex.obj
 0001:00012a80       _ssGetCurrentOutputPortDimensions_wrapper 10013a80 f   sfc_mexmsvc80:sfc_mex.obj
 0001:00012aa0       _sf_mex_emlrt_context_is_debug_mode 10013aa0 f   sfc_mexmsvc80:sfc_mex.obj
 0001:00012ab0       _sf_mex_emlrt_context_set_debug_mode 10013ab0 f   sfc_mexmsvc80:sfc_mex.obj
 0001:00012ac0       _sf_mex_emlrtNameCapturePostProcessR2012a 10013ac0 f   sfc_mexmsvc80:sfc_mex.obj
 0001:00012b20       _sf_clear_error_manager_info 10013b20 f   sfc_mexmsvc80:sfc_mex.obj
 0001:00012b70       _sf_mex_stop_simulation_abruptly_wo_error 10013b70 f   sfc_mexmsvc80:sfc_mex.obj
 0001:00012ba0       _sf_mex_error_message      10013ba0 f   sfc_mexmsvc80:sfc_mex.obj
 0001:00012bf0       _sf_react_to_error_in_matlab_call 10013bf0 f   sfc_mexmsvc80:sfc_mex.obj
 0001:00012c20       _sf_mex_addfield           10013c20 f   sfc_mexmsvc80:sfc_mex.obj
 0001:00012ca0       _sf_mex_getfield           10013ca0 f   sfc_mexmsvc80:sfc_mex.obj
 0001:00012f20       _sf_mex_check_class        10013f20 f   sfc_mexmsvc80:sfc_mex.obj
 0001:00012fa0       _sf_mex_is_real            10013fa0 f   sfc_mexmsvc80:sfc_mex.obj
 0001:000131b0       _sf_mex_decode_encoded_mx_struct_array 100141b0 f   sfc_mexmsvc80:sfc_mex.obj
 0001:00013350       _sf_mex_lw_bounds_check    10014350 f   sfc_mexmsvc80:sfc_mex.obj
 0001:00013380       _sf_mex_lw_size_eq_check_1d 10014380 f   sfc_mexmsvc80:sfc_mex.obj
 0001:000133a0       _sf_mex_lw_size_eq_check_nd 100143a0 f   sfc_mexmsvc80:sfc_mex.obj
 0001:00013480       _sf_mex_lw_dim_size_eq_check 10014480 f   sfc_mexmsvc80:sfc_mex.obj
 0001:000134b0       _sf_mex_lw_dim_size_geq_check 100144b0 f   sfc_mexmsvc80:sfc_mex.obj
 0001:000134e0       _sf_mex_lw_sub_assign_size_check_nd 100144e0 f   sfc_mexmsvc80:sfc_mex.obj
 0001:00013610       _sf_mex_lw_runtime_error_msgid 10014610 f   sfc_mexmsvc80:sfc_mex.obj
 0001:000136c0       _sf_mex_lw_matrix_matrix_index_check 100146c0 f   sfc_mexmsvc80:sfc_mex.obj
 0001:000136f0       _sf_mex_lw_vector_vector_index_check 100146f0 f   sfc_mexmsvc80:sfc_mex.obj
 0001:00013730       _sf_mex_lw_for_loop_vector_check 10014730 f   sfc_mexmsvc80:sfc_mex.obj
 0001:00013790       _sf_mex_lw_non_negative_check 10014790 f   sfc_mexmsvc80:sfc_mex.obj
 0001:000137c0       _sf_mex_overflow_error     100147c0 f   sfc_mexmsvc80:sfc_mex.obj
 0001:000137d0       _sf_mex_dividebyzero_error 100147d0 f   sfc_mexmsvc80:sfc_mex.obj
 0001:000137e0       _sf_mex_unsafe_enum_error  100147e0 f   sfc_mexmsvc80:sfc_mex.obj
 0001:000137f0       _sf_emlrtErrHandler        100147f0 f   sfc_mexmsvc80:sfc_mex.obj
 0001:000138b0       _sf_mex_size_one_check     100148b0 f   sfc_mexmsvc80:sfc_mex.obj
 0001:000138d0       _sf_mex_printf             100148d0 f   sfc_mexmsvc80:sfc_mex.obj
 0001:000139b0       _sf_mex_check_size         100149b0 f   sfc_mexmsvc80:sfc_mex.obj
 0001:00013c30       _sf_mex_check_struct       10014c30 f   sfc_mexmsvc80:sfc_mex.obj
 0001:00013e80       _sf_mex_check_struct_vs    10014e80 f   sfc_mexmsvc80:sfc_mex.obj
 0001:00013ec0       _sf_mex_check_fi           10014ec0 f   sfc_mexmsvc80:sfc_mex.obj
 0001:00013f90       _sf_mex_check_fi_vs        10014f90 f   sfc_mexmsvc80:sfc_mex.obj
 0001:00013ff0       _sf_echo_expression        10014ff0 f   sfc_mexmsvc80:sfc_mex.obj
 0001:00014040       _sf_assertion_failed       10015040 f   sfc_mexmsvc80:sfc_mex.obj
 0001:000142d0       _sf_mex_evalin             100152d0 f   sfc_mexmsvc80:sfc_mex.obj
 0001:00014530       _sf_mex_export             10015530 f   sfc_mexmsvc80:sfc_mex.obj
 0001:000145e0       _sf_mex_get_ml_var_no_error 100155e0 f   sfc_mexmsvc80:sfc_mex.obj
 0001:00014740       _sf_mex_get_ml_var         10015740 f   sfc_mexmsvc80:sfc_mex.obj
 0001:00014c10       _ml_set_element_value_in_array 10015c10 f   sfc_mexmsvc80:sfc_mex.obj
 0001:00015d40       _sf_mex_call_impl          10016d40 f   sfc_mexmsvc80:sfc_mex.obj
 0001:000160e0       _sf_mex_call_debug         100170e0 f   sfc_mexmsvc80:sfc_mex.obj
 0001:00016100       _sf_mex_call               10017100 f   sfc_mexmsvc80:sfc_mex.obj
 0001:00016810       _sf_mex_createstruct       10017810 f   sfc_mexmsvc80:sfc_mex.obj
 0001:000168b0       _sf_mex_createstructarray  100178b0 f   sfc_mexmsvc80:sfc_mex.obj
 0001:00016910       _sf_mex_get_mx_datatype_from_sf_datatype 10017910 f   sfc_mexmsvc80:sfc_mex.obj
 0001:00016ba0       _sf_mex_ml_var_sub         10017ba0 f   sfc_mexmsvc80:sfc_mex.obj
 0001:00016d10       _sf_mex_ml_var_subsasgn    10017d10 f   sfc_mexmsvc80:sfc_mex.obj
 0001:00017020       _sf_mex_sub                10018020 f   sfc_mexmsvc80:sfc_mex.obj
 0001:000171c0       _sf_mex_subsasgn           100181c0 f   sfc_mexmsvc80:sfc_mex.obj
 0001:000175b0       _sf_mex_create             100185b0 f   sfc_mexmsvc80:sfc_mex.obj
 0001:00017ea0       _sf_mex_import_named       10018ea0 f   sfc_mexmsvc80:sfc_mex.obj
 0001:00017ef0       _sf_mex_import             10018ef0 f   sfc_mexmsvc80:sfc_mex.obj
 0001:00017f30       _sf_mex_import_vs          10018f30 f   sfc_mexmsvc80:sfc_mex.obj
 0001:00017fc0       _sf_mex_lower_fixpt_mx_array 10018fc0 f   sfc_mexmsvc80:sfc_mex.obj
 0001:00018190       _sf_send_message_wrapper   10019190 f   sfc_mexmsvc80:sfc_sf.obj
 0001:000181c0       _sf_receive_message_wrapper 100191c0 f   sfc_mexmsvc80:sfc_sf.obj
 0001:00018200       _sf_check_out_message_wrapper 10019200 f   sfc_mexmsvc80:sfc_sf.obj
 0001:00018240       _sf_check_in_message_wrapper 10019240 f   sfc_mexmsvc80:sfc_sf.obj
 0001:00018280       _sf_no_message_wrapper     10019280 f   sfc_mexmsvc80:sfc_sf.obj
 0001:000184f0       _sim_mode_is_rtw_gen       100194f0 f   sfc_mexmsvc80:sfc_sf.obj
 0001:00018530       _sim_mode_is_external      10019530 f   sfc_mexmsvc80:sfc_sf.obj
 0001:00018550       _sim_mode_is_modelref_sim  10019550 f   sfc_mexmsvc80:sfc_sf.obj
 0001:00018580       _mdlInitializeSizes        10019580 f   sfc_mexmsvc80:sfc_sf.obj
 0001:000185a0       _mdlInitializeSampleTimes  100195a0 f   sfc_mexmsvc80:sfc_sf.obj
 0001:000185e0       _mdlZeroCrossings          100195e0 f   sfc_mexmsvc80:sfc_sf.obj
 0001:00018690       _mdlDerivatives            10019690 f   sfc_mexmsvc80:sfc_sf.obj
 0001:00018730       _mdl_initialize_conditions_processing 10019730 f   sfc_mexmsvc80:sfc_sf.obj
 0001:00018760       _mdlInitializeConditions   10019760 f   sfc_mexmsvc80:sfc_sf.obj
 0001:00018800       _mdlGetSimState            10019800 f   sfc_mexmsvc80:sfc_sf.obj
 0001:00018820       _mdlSetSimState            10019820 f   sfc_mexmsvc80:sfc_sf.obj
 0001:00018840       _mdl_ext_mode_exec_processing 10019840 f   sfc_mexmsvc80:sfc_sf.obj
 0001:00018860       _mdlExtModeExec            10019860 f   sfc_mexmsvc80:sfc_sf.obj
 0001:000189f0       _mdlTerminate              100199f0 f   sfc_mexmsvc80:sfc_sf.obj
 0001:00018a50       _mdlRTW                    10019a50 f   sfc_mexmsvc80:sfc_sf.obj
 0001:00018a80       _mdlSetWorkWidths          10019a80 f   sfc_mexmsvc80:sfc_sf.obj
 0001:00018aa0       _mdlProcessParameters      10019aa0 f   sfc_mexmsvc80:sfc_sf.obj
 0001:00018ac0       _mdl_start_processing      10019ac0 f   sfc_mexmsvc80:sfc_sf.obj
 0001:00018b10       _mdlStart                  10019b10 f   sfc_mexmsvc80:sfc_sf.obj
 0001:00018bc0       _mdlEnable                 10019bc0 f   sfc_mexmsvc80:sfc_sf.obj
 0001:00018c70       _mdlDisable                10019c70 f   sfc_mexmsvc80:sfc_sf.obj
 0001:00018d00       _sf_get_chart_instance_ptr 10019d00 f   sfc_mexmsvc80:sfc_sf.obj
 0001:00018d20       _sf_load_rtw_optimization_info 10019d20 f   sfc_mexmsvc80:sfc_sf.obj
 0001:00018dc0       _sf_update_buildInfo       10019dc0 f   sfc_mexmsvc80:sfc_sf.obj
 0001:00018e80       _sf_rtw_info_uint_prop     10019e80 f   sfc_mexmsvc80:sfc_sf.obj
 0001:00018fa0       _sf_is_chart_inlinable     10019fa0 f   sfc_mexmsvc80:sfc_sf.obj
 0001:00018fd0       _sf_mark_output_events_with_multiple_callers 10019fd0 f   sfc_mexmsvc80:sfc_sf.obj
 0001:00019130       _sf_mark_chart_reusable_outputs 1001a130 f   sfc_mexmsvc80:sfc_sf.obj
 0001:00019290       _sf_mark_chart_expressionable_inputs 1001a290 f   sfc_mexmsvc80:sfc_sf.obj
 0001:000193f0       _sf_get_subchart_simstruct 1001a3f0 f   sfc_mexmsvc80:sfc_sf.obj
 0001:00019430       _sf_get_fixpt_data_type_id 1001a430 f   sfc_mexmsvc80:sfc_sf.obj
 0001:00019470       _sf_get_enum_data_type_id  1001a470 f   sfc_mexmsvc80:sfc_sf.obj
 0001:000194b0       _sf_get_param_data_type_id 1001a4b0 f   sfc_mexmsvc80:sfc_sf.obj
 0001:000194e0       _sf_mex_listen_for_ctrl_c_force 1001a4e0 f   sfc_mexmsvc80:sfc_sf.obj
 0001:000195e0       _sf_mex_draw_now           1001a5e0 f   sfc_mexmsvc80:sfc_sf.obj
 0001:00019620       _sf_mex_set_debugger_sim_status_listener_fcn 1001a620 f   sfc_mexmsvc80:sfc_sf.obj
 0001:00019630       _sf_mex_listen_for_ctrl_c  1001a630 f   sfc_mexmsvc80:sfc_sf.obj
 0001:000196c0       _sf_mex_get_sfun_param     1001a6c0 f   sfc_mexmsvc80:sfc_sf.obj
 0001:00019710       _sf_get_runtime_param_data 1001a710 f   sfc_mexmsvc80:sfc_sf.obj
 0001:00019750       _sf_call_output_fcn_call   1001a750 f   sfc_mexmsvc80:sfc_sf.obj
 0001:00019870       _sf_call_output_fcn_enable 1001a870 f   sfc_mexmsvc80:sfc_sf.obj
 0001:000198f0       _sf_call_output_fcn_disable 1001a8f0 f   sfc_mexmsvc80:sfc_sf.obj
 0001:00019970       _sf_clear_rtw_identifier   1001a970 f   sfc_mexmsvc80:sfc_sf.obj
 0001:0001a260       _sf_set_encoded_dwork_info 1001b260 f   sfc_mexmsvc80:sfc_sf.obj
 0001:0001a2a0       _sf_get_dwork_info_from_mat_file 1001b2a0 f   sfc_mexmsvc80:sfc_sf.obj
 0001:0001a3f0       _sf_set_rtw_dwork_info     1001b3f0 f   sfc_mexmsvc80:sfc_sf.obj
 0001:0001a520       _mdlOutputs                1001b520 f   sfc_mexmsvc80:sfc_sf.obj
 0001:0001a5c0       _sf_debug_chart_instance_initialized_quick 1001b5c0 f   sfc_debugmsvc80:sfcdebug.obj
 0001:0001a640       _sf_debug_disp             1001b640 f   sfc_debugmsvc80:sfcdebug.obj
 0001:0001a840       _sf_debug_data_runtime_size_mismatch_error_check 1001b840 f   sfc_debugmsvc80:sfcdebug.obj
 0001:0001a890       _sf_debug_try_loading_machine 1001b890 f   sfc_debugmsvc80:sfcdebug.obj
 0001:0001a970       _sf_debug_reset_current_state_configuration 1001b970 f   sfc_debugmsvc80:sfcdebug.obj
 0001:0001a9b0       _sf_debug_store_current_state_configuration 1001b9b0 f   sfc_debugmsvc80:sfcdebug.obj
 0001:0001a9f0       _sf_debug_restore_previous_state_configuration 1001b9f0 f   sfc_debugmsvc80:sfcdebug.obj
 0001:0001aa30       _sf_debug_restore_previous_state_configuration2 1001ba30 f   sfc_debugmsvc80:sfcdebug.obj
 0001:0001aa70       _sf_debug_get_event_scope  1001ba70 f   sfc_debugmsvc80:sfcdebug.obj
 0001:0001ab90       _use_debugger_step_animation 1001bb90 f   sfc_debugmsvc80:sfcdebug.obj
 0001:0001abc0       _sf_debug_get_script_id    1001bbc0 f   sfc_debugmsvc80:sfcdebug.obj
 0001:0001ac50       _sf_debug_set_script_translation 1001bc50 f   sfc_debugmsvc80:sfcdebug.obj
 0001:0001ad80       _sf_debug_extract_message_post_receive_info 1001bd80 f   sfc_debugmsvc80:sfcdebug.obj
 0001:0001ae40       _sf_debug_get_current_machine_id 1001be40 f   sfc_debugmsvc80:sfcdebug.obj
 0001:0001ae60       _sf_debug_get_current_optional_integer 1001be60 f   sfc_debugmsvc80:sfcdebug.obj
 0001:0001ae70       _sf_debug_get_current_machine_number 1001be70 f   sfc_debugmsvc80:sfcdebug.obj
 0001:0001ae90       _sf_debug_get_current_machine_name 1001be90 f   sfc_debugmsvc80:sfcdebug.obj
 0001:0001aeb0       _sf_debug_get_current_chart_id 1001beb0 f   sfc_debugmsvc80:sfcdebug.obj
 0001:0001aef0       _sf_debug_get_current_chart_number 1001bef0 f   sfc_debugmsvc80:sfcdebug.obj
 0001:0001af00       _sf_debug_get_current_instance_number 1001bf00 f   sfc_debugmsvc80:sfcdebug.obj
 0001:0001af10       _sf_debug_get_current_is_minor_time_step 1001bf10 f   sfc_debugmsvc80:sfcdebug.obj
 0001:0001af90       _sf_debug_get_current_object_type 1001bf90 f   sfc_debugmsvc80:sfcdebug.obj
 0001:0001afa0       _sf_debug_get_current_instance_handle 1001bfa0 f   sfc_debugmsvc80:sfcdebug.obj
 0001:0001b000       _sf_debug_get_current_event_type 1001c000 f   sfc_debugmsvc80:sfcdebug.obj
 0001:0001b010       _sf_debug_get_current_object_id 1001c010 f   sfc_debugmsvc80:sfcdebug.obj
 0001:0001b040       _sf_debug_get_current_active_event_type 1001c040 f   sfc_debugmsvc80:sfcdebug.obj
 0001:0001b050       _sf_debug_get_current_active_event_id 1001c050 f   sfc_debugmsvc80:sfcdebug.obj
 0001:0001b080       _sf_debug_get_current_tag_type 1001c080 f   sfc_debugmsvc80:sfcdebug.obj
 0001:0001b090       _sf_debug_get_current_simulation_time 1001c090 f   sfc_debugmsvc80:sfcdebug.obj
 0001:0001b0a0       _sf_debug_get_current_coverage_percentage 1001c0a0 f   sfc_debugmsvc80:sfcdebug.obj
 0001:0001b0b0       _sf_debug_current_statement_context 1001c0b0 f   sfc_debugmsvc80:sfcdebug.obj
 0001:0001b140       _sf_debug_get_current_statement_info 1001c140 f   sfc_debugmsvc80:sfcdebug.obj
 0001:0001b290       _sf_debug_terminate_instance 1001c290 f   sfc_debugmsvc80:sfcdebug.obj
 0001:0001b540       _sf_debug_assertion_failed 1001c540 f   sfc_debugmsvc80:sfcdebug.obj
 0001:0001b710       _sf_debug_create_debug_instance_struct 1001c710 f   sfc_debugmsvc80:sfcdebug.obj
 0001:0001b750       _sf_debug_set_number_of_data_with_change_event_for_machine 1001c750 f   sfc_debugmsvc80:sfcdebug.obj
 0001:0001b7a0       _sf_debug_set_machine_event_thresholds 1001c7a0 f   sfc_debugmsvc80:sfcdebug.obj
 0001:0001b7d0       _sf_debug_set_machine_event_scope 1001c7d0 f   sfc_debugmsvc80:sfcdebug.obj
 0001:0001b820       _sf_debug_set_machine_data_thresholds 1001c820 f   sfc_debugmsvc80:sfcdebug.obj
 0001:0001b870       _sf_debug_set_machine_data_scope 1001c870 f   sfc_debugmsvc80:sfcdebug.obj
 0001:0001b900       _sf_debug_set_machine_data_name 1001c900 f   sfc_debugmsvc80:sfcdebug.obj
 0001:0001b950       _sf_debug_set_machine_data_size 1001c950 f   sfc_debugmsvc80:sfcdebug.obj
 0001:0001ba50       _sf_debug_set_machine_data_type 1001ca50 f   sfc_debugmsvc80:sfcdebug.obj
 0001:0001bb80       _sf_debug_get_chart_data_number 1001cb80 f   sfc_debugmsvc80:sfcdebug.obj
 0001:0001bbb0       _sf_debug_get_chart_event_number 1001cbb0 f   sfc_debugmsvc80:sfcdebug.obj
 0001:0001bbe0       _sf_debug_set_chart_state_info 1001cbe0 f   sfc_debugmsvc80:sfcdebug.obj
 0001:0001bc60       _sf_debug_set_chart_decomposition 1001cc60 f   sfc_debugmsvc80:sfcdebug.obj
 0001:0001bcd0       _sf_debug_set_chart_substate_count 1001ccd0 f   sfc_debugmsvc80:sfcdebug.obj
 0001:0001bda0       _sf_debug_set_chart_substate_index 1001cda0 f   sfc_debugmsvc80:sfcdebug.obj
 0001:0001be20       _sf_debug_set_chart_state_substate_count 1001ce20 f   sfc_debugmsvc80:sfcdebug.obj
 0001:0001bf10       _sf_debug_set_chart_state_substate_index 1001cf10 f   sfc_debugmsvc80:sfcdebug.obj
 0001:0001bf90       _sf_debug_set_number_of_data_with_change_event_for_chart 1001cf90 f   sfc_debugmsvc80:sfcdebug.obj
 0001:0001c010       _sf_debug_set_number_of_states_with_entry_event_for_chart 1001d010 f   sfc_debugmsvc80:sfcdebug.obj
 0001:0001c090       _sf_debug_set_number_of_states_with_exit_event_for_chart 1001d090 f   sfc_debugmsvc80:sfcdebug.obj
 0001:0001c110       _sf_debug_set_chart_disable_implicit_casting 1001d110 f   sfc_debugmsvc80:sfcdebug.obj
 0001:0001c180       _sf_debug_set_chart_event_thresholds 1001d180 f   sfc_debugmsvc80:sfcdebug.obj
 0001:0001c200       _sf_debug_set_chart_data_compiled_props 1001d200 f   sfc_debugmsvc80:sfcdebug.obj
 0001:0001c480       _sf_debug_set_chart_data_props 1001d480 f   sfc_debugmsvc80:sfcdebug.obj
 0001:0001c700       _sf_debug_check_fi_license 1001d700 f   sfc_debugmsvc80:sfcdebug.obj
 0001:0001c890       _sf_debug_symbol_scope_push 1001d890 f   sfc_debugmsvc80:sfcdebug.obj
 0001:0001c8c0       _sf_debug_symbol_scope_push_eml 1001d8c0 f   sfc_debugmsvc80:sfcdebug.obj
 0001:0001c900       _sf_debug_symbol_scope_pop 1001d900 f   sfc_debugmsvc80:sfcdebug.obj
 0001:0001c940       _sf_debug_symbol_scope_add_importable 1001d940 f   sfc_debugmsvc80:sfcdebug.obj
 0001:0001c9a0       _sf_debug_symbol_scope_add 1001d9a0 f   sfc_debugmsvc80:sfcdebug.obj
 0001:0001c9f0       _sf_debug_symbol_scope_add_dyn_importable 1001d9f0 f   sfc_debugmsvc80:sfcdebug.obj
 0001:0001ca60       _sf_debug_symbol_scope_add_dyn 1001da60 f   sfc_debugmsvc80:sfcdebug.obj
 0001:0001ca90       _sf_debug_symbol_scope_add_eml_importable 1001da90 f   sfc_debugmsvc80:sfcdebug.obj
 0001:0001cac0       _sf_debug_symbol_scope_add_eml 1001dac0 f   sfc_debugmsvc80:sfcdebug.obj
 0001:0001caf0       _sf_debug_symbol_scope_add_eml_dyn_importable 1001daf0 f   sfc_debugmsvc80:sfcdebug.obj
 0001:0001cb40       _sf_debug_symbol_scope_add_eml_dyn 1001db40 f   sfc_debugmsvc80:sfcdebug.obj
 0001:0001cb90       _sf_debug_symbol_switch    1001db90 f   sfc_debugmsvc80:sfcdebug.obj
 0001:0001cbb0       _sf_debug_symbol_scope_add_verbose 1001dbb0 f   sfc_debugmsvc80:sfcdebug.obj
 0001:0001cc20       _sf_debug_set_machine_data_value_ptr 1001dc20 f   sfc_debugmsvc80:sfcdebug.obj
 0001:0001cc60       _sf_debug_set_instance_data_value_ptr 1001dc60 f   sfc_debugmsvc80:sfcdebug.obj
 0001:0001ccc0       _sf_debug_unset_instance_data_value_ptr 1001dcc0 f   sfc_debugmsvc80:sfcdebug.obj
 0001:0001cd10       _sf_debug_set_chart_event_scope 1001dd10 f   sfc_debugmsvc80:sfcdebug.obj
 0001:0001cd90       _sf_debug_set_chart_transition_coverage_maps 1001dd90 f   sfc_debugmsvc80:sfcdebug.obj
 0001:0001ce20       _sf_debug_set_chart_state_coverage_maps 1001de20 f   sfc_debugmsvc80:sfcdebug.obj
 0001:0001cea0       _sf_debug_set_instance_transition_coverage_weights 1001dea0 f   sfc_debugmsvc80:sfcdebug.obj
 0001:0001cf10       _sf_debug_set_instance_state_coverage_weights 1001df10 f   sfc_debugmsvc80:sfcdebug.obj
 0001:0001d110       _sf_debug_unload_machine   1001e110 f   sfc_debugmsvc80:sfcdebug.obj
 0001:0001d160       _sf_debug_load_machine     1001e160 f   sfc_debugmsvc80:sfcdebug.obj
 0001:0001d200       _sf_debug_set_active_instance_in_data_dictionary 1001e200 f   sfc_debugmsvc80:sfcdebug.obj
 0001:0001d380       _sf_debug_set_active_instance 1001e380 f   sfc_debugmsvc80:sfcdebug.obj
 0001:0001d480       _sf_debug_chart_visiblity_change 1001e480 f   sfc_debugmsvc80:sfcdebug.obj
 0001:0001d520       _sf_debug_select_chart     1001e520 f   sfc_debugmsvc80:sfcdebug.obj
 0001:0001d610       _sf_debug_set_instance_cv_ids 1001e610 f   sfc_debugmsvc80:sfcdebug.obj
 0001:0001d7d0       _sf_debug_select_charts    1001e7d0 f   sfc_debugmsvc80:sfcdebug.obj
 0001:0001d920       _sf_debug_initialized      1001e920 f   sfc_debugmsvc80:sfcdebug.obj
 0001:0001d940       _sf_debug_is_uninterruptible 1001e940 f   sfc_debugmsvc80:sfcdebug.obj
 0001:0001d980       _sf_debug_initialize_debugger_gui 1001e980 f   sfc_debugmsvc80:sfcdebug.obj
 0001:0001dd10       _sf_debug_resume           1001ed10 f   sfc_debugmsvc80:sfcdebug.obj
 0001:0001dd40       _sf_debug_go               1001ed40 f   sfc_debugmsvc80:sfcdebug.obj
 0001:0001dd60       _sf_debug_break            1001ed60 f   sfc_debugmsvc80:sfcdebug.obj
 0001:0001dd80       _sf_debug_step_over        1001ed80 f   sfc_debugmsvc80:sfcdebug.obj
 0001:0001dda0       _sf_debug_step_out         1001eda0 f   sfc_debugmsvc80:sfcdebug.obj
 0001:0001ddc0       _sf_debug_set_disable_all_breakpoints 1001edc0 f   sfc_debugmsvc80:sfcdebug.obj
 0001:0001dde0       _sf_debug_disable_all_breakpoints_and_go 1001ede0 f   sfc_debugmsvc80:sfcdebug.obj
 0001:0001de00       _sf_debug_break_on_chart_entry 1001ee00 f   sfc_debugmsvc80:sfcdebug.obj
 0001:0001de20       _sf_debug_break_on_event_broadcast 1001ee20 f   sfc_debugmsvc80:sfcdebug.obj
 0001:0001de40       _sf_debug_break_on_state_entry 1001ee40 f   sfc_debugmsvc80:sfcdebug.obj
 0001:0001de60       _sf_debug_break_between_times 1001ee60 f   sfc_debugmsvc80:sfcdebug.obj
 0001:0001de90       _sf_debug_browse_data      1001ee90 f   sfc_debugmsvc80:sfcdebug.obj
 0001:0001dea0       _sf_debug_watch_data       1001eea0 f   sfc_debugmsvc80:sfcdebug.obj
 0001:0001ded0       _sf_debug_assign_data      1001eed0 f   sfc_debugmsvc80:sfcdebug.obj
 0001:0001dee0       _sf_debug_whos             1001eee0 f   sfc_debugmsvc80:sfcdebug.obj
 0001:0001df00       _sf_debug_get_consistency_info 1001ef00 f   sfc_debugmsvc80:sfcdebug.obj
 0001:0001df10       _sf_debug_browse_trace     1001ef10 f   sfc_debugmsvc80:sfcdebug.obj
 0001:0001df20       _sf_debug_set_breakpoints  1001ef20 f   sfc_debugmsvc80:sfcdebug.obj
 0001:0001dfe0       _sf_debug_set_eml_breakpoints 1001efe0 f   sfc_debugmsvc80:sfcdebug.obj
 0001:0001e0f0       _sf_debug_set_script_breakpoints 1001f0f0 f   sfc_debugmsvc80:sfcdebug.obj
 0001:0001e170       _sf_debug_add_script_breakpoints 1001f170 f   sfc_debugmsvc80:sfcdebug.obj
 0001:0001e1e0       _sf_debug_clear_script_breakpoints 1001f1e0 f   sfc_debugmsvc80:sfcdebug.obj
 0001:0001e250       _sf_debug_query_script_breakpoints 1001f250 f   sfc_debugmsvc80:sfcdebug.obj
 0001:0001e2e0       _sf_debug_get_eml_script_id 1001f2e0 f   sfc_debugmsvc80:sfcdebug.obj
 0001:0001e330       _sf_debug_set_watch        1001f330 f   sfc_debugmsvc80:sfcdebug.obj
 0001:0001e4c0       _sf_debug_get_instance_handle 1001f4c0 f   sfc_debugmsvc80:sfcdebug.obj
 0001:0001e540       _sf_debug_get_active_states 1001f540 f   sfc_debugmsvc80:sfcdebug.obj
 0001:0001e560       _sf_debug_set_honor_breakpoints 1001f560 f   sfc_debugmsvc80:sfcdebug.obj
 0001:0001e580       _sf_debug_get_animation    1001f580 f   sfc_debugmsvc80:sfcdebug.obj
 0001:0001e590       _sf_debug_set_animation    1001f590 f   sfc_debugmsvc80:sfcdebug.obj
 0001:0001e5b0       _sf_debug_animate          1001f5b0 f   sfc_debugmsvc80:sfcdebug.obj
 0001:0001e5e0       _sf_debug_cycle_detection_check 1001f5e0 f   sfc_debugmsvc80:sfcdebug.obj
 0001:0001e600       _sf_debug_data_range_check 1001f600 f   sfc_debugmsvc80:sfcdebug.obj
 0001:0001e620       _sf_debug_transition_conflict_check 1001f620 f   sfc_debugmsvc80:sfcdebug.obj
 0001:0001e640       _sf_debug_state_consistency_check 1001f640 f   sfc_debugmsvc80:sfcdebug.obj
 0001:0001e660       _sf_debug_data_range_check_enabled 1001f660 f   sfc_debugmsvc80:sfcdebug.obj
 0001:0001e680       _sf_debug_transition_conflict_check_enabled 1001f680 f   sfc_debugmsvc80:sfcdebug.obj
 0001:0001e6a0       _sf_debug_transition_conflict_check_begin 1001f6a0 f   sfc_debugmsvc80:sfcdebug.obj
 0001:0001e6c0       _sf_debug_transition_conflict_check_end 1001f6c0 f   sfc_debugmsvc80:sfcdebug.obj
 0001:0001e6e0       _sf_debug_stop_debugging   1001f6e0 f   sfc_debugmsvc80:sfcdebug.obj
 0001:0001e710       _sf_debug_is_cycle_detected 1001f710 f   sfc_debugmsvc80:sfcdebug.obj
 0001:0001e720       _sf_debug_is_array_bounds_detected 1001f720 f   sfc_debugmsvc80:sfcdebug.obj
 0001:0001e730       _sf_debug_get_state_vectors_data_size 1001f730 f   sfc_debugmsvc80:sfcdebug.obj
 0001:0001e780       _sf_debug_get_state_vectors_data 1001f780 f   sfc_debugmsvc80:sfcdebug.obj
 0001:0001e850       _sf_debug_set_state_vectors_data 1001f850 f   sfc_debugmsvc80:sfcdebug.obj
 0001:0001ea80       _sf_debug_get_script_index 1001fa80 f   sfc_debugmsvc80:sfcdebug.obj
 0001:0001ebb0       _sf_debug_add_script       1001fbb0 f   sfc_debugmsvc80:sfcdebug.obj
 0001:0001ed00       _cv_eval_point             1001fd00 f   sfc_debugmsvc80:sfcdebug.obj
 0001:0001edd0       _cv_eval_testobjective     1001fdd0 f   sfc_debugmsvc80:sfcdebug.obj
 0001:0001ee90       _sf_debug_cv_init_state    1001fe90 f   sfc_debugmsvc80:sfcdebug.obj
 0001:0001ef30       _sf_debug_cv_init_chart    1001ff30 f   sfc_debugmsvc80:sfcdebug.obj
 0001:0001efb0       _sf_debug_cv_init_trans    1001ffb0 f   sfc_debugmsvc80:sfcdebug.obj
 0001:0001f040       _sf_debug_cv_init_saturation 10020040 f   sfc_debugmsvc80:sfcdebug.obj
 0001:0001f0e0       _sf_debug_cv_init_testobjectives 100200e0 f   sfc_debugmsvc80:sfcdebug.obj
 0001:0001f220       _cv_eml_init_script        10020220 f   sfc_debugmsvc80:sfcdebug.obj
 0001:0001f2b0       _cv_eml_init_fcn           100202b0 f   sfc_debugmsvc80:sfcdebug.obj
 0001:0001f310       _cv_eml_init_testobjective 10020310 f   sfc_debugmsvc80:sfcdebug.obj
 0001:0001f390       _cv_eml_init_saturation    10020390 f   sfc_debugmsvc80:sfcdebug.obj
 0001:0001f410       _cv_eml_init_if            10020410 f   sfc_debugmsvc80:sfcdebug.obj
 0001:0001f490       _cv_eml_init_for           10020490 f   sfc_debugmsvc80:sfcdebug.obj
 0001:0001f510       _cv_eml_init_while         10020510 f   sfc_debugmsvc80:sfcdebug.obj
 0001:0001f590       _cv_eml_init_mcdc          10020590 f   sfc_debugmsvc80:sfcdebug.obj
 0001:0001f620       _cv_eml_init_switch        10020620 f   sfc_debugmsvc80:sfcdebug.obj
 0001:0001f6b0       _cv_eml_eval               100206b0 f   sfc_debugmsvc80:sfcdebug.obj
 0001:0001f740       _sf_debug_bm_is_a_eml_breakpoint 10020740 f   sfc_debugmsvc80:sfcdebug.obj
 0001:0001f870       _sf_debug_temporal_threshold 10020870 f   sfc_debugmsvc80:sfcdebug.obj
 0001:0001fb60       _sf_debug_transition_conflict_error 10020b60 f   sfc_debugmsvc80:sfcdebug.obj
 0001:0001fe00       _sf_debug_state_inconsistency_error 10020e00 f   sfc_debugmsvc80:sfcdebug.obj
 0001:0001ff00       _sf_debug_check_for_state_inconsistency 10020f00 f   sfc_debugmsvc80:sfcdebug.obj
 0001:0001ff40       _sf_debug_cycle_detecton_error 10020f40 f   sfc_debugmsvc80:sfcdebug.obj
 0001:00020580       _sf_debug_size_eq_check_1d 10021580 f   sfc_debugmsvc80:sfcdebug.obj
 0001:000205b0       _sf_debug_size_eq_check_nd 100215b0 f   sfc_debugmsvc80:sfcdebug.obj
 0001:00020690       _sf_debug_dim_size_eq_check 10021690 f   sfc_debugmsvc80:sfcdebug.obj
 0001:000206c0       _sf_debug_dim_size_geq_check 100216c0 f   sfc_debugmsvc80:sfcdebug.obj
 0001:000206f0       _sf_debug_sub_assign_size_check_nd 100216f0 f   sfc_debugmsvc80:sfcdebug.obj
 0001:00020830       _sf_debug_matrix_matrix_index_check 10021830 f   sfc_debugmsvc80:sfcdebug.obj
 0001:00020870       _sf_debug_vector_vector_index_check 10021870 f   sfc_debugmsvc80:sfcdebug.obj
 0001:000208b0       _sf_debug_for_loop_vector_check 100218b0 f   sfc_debugmsvc80:sfcdebug.obj
 0001:00020910       _sf_debug_runtime_error_msgid 10021910 f   sfc_debugmsvc80:sfcdebug.obj
 0001:000209a0       _sf_debug_data_array_bounds_error_check 100219a0 f   sfc_debugmsvc80:sfcdebug.obj
 0001:00020a10       _sf_debug_eml_data_array_bounds_error_check 10021a10 f   sfc_debugmsvc80:sfcdebug.obj
 0001:00020d10       _sf_debug_integer_check    10021d10 f   sfc_debugmsvc80:sfcdebug.obj
 0001:00020d90       _sf_debug_not_nan_check    10021d90 f   sfc_debugmsvc80:sfcdebug.obj
 0001:00020df0       _sf_debug_non_negative_check 10021df0 f   sfc_debugmsvc80:sfcdebug.obj
 0001:00020e60       _sf_debug_overflow_detection 10021e60 f   sfc_debugmsvc80:sfcdebug.obj
 0001:000213a0       _sf_debug_cast_to_real32_T 100223a0 f   sfc_debugmsvc80:sfcdebug.obj
 0001:00021410       _sf_debug_cast_to_int8_T   10022410 f   sfc_debugmsvc80:sfcdebug.obj
 0001:00021490       _sf_debug_cast_to_uint8_T  10022490 f   sfc_debugmsvc80:sfcdebug.obj
 0001:00021520       _sf_debug_cast_to_int16_T  10022520 f   sfc_debugmsvc80:sfcdebug.obj
 0001:000215a0       _sf_debug_cast_to_uint16_T 100225a0 f   sfc_debugmsvc80:sfcdebug.obj
 0001:00021640       _sf_debug_cast_to_int32_T  10022640 f   sfc_debugmsvc80:sfcdebug.obj
 0001:000216b0       _sf_debug_cast_to_uint32_T 100226b0 f   sfc_debugmsvc80:sfcdebug.obj
 0001:00021750       _sf_debug_data_range_error 10022750 f   sfc_debugmsvc80:sfcdebug.obj
 0001:000219d0       _sf_debug_read_before_write_check 100229d0 f   sfc_debugmsvc80:sfcdebug.obj
 0001:00021d30       _sf_debug_data_range_error_wrapper_min_max 10022d30 f   sfc_debugmsvc80:sfcdebug.obj
 0001:00021db0       _sf_debug_data_range_error_wrapper_min 10022db0 f   sfc_debugmsvc80:sfcdebug.obj
 0001:00021e20       _sf_debug_data_range_error_wrapper_max 10022e20 f   sfc_debugmsvc80:sfcdebug.obj
 0001:00021e90       _sf_debug_data_range_wrapper 10022e90 f   sfc_debugmsvc80:sfcdebug.obj
 0001:00021ee0       _sf_debug_set_current_status_info 10022ee0 f   sfc_debugmsvc80:sfcdebug.obj
 0001:00022240       _sf_debug_register_message_post_receive_info 10023240 f   sfc_debugmsvc80:sfcdebug.obj
 0001:00022400       _sf_debug_call             10023400 f   sfc_debugmsvc80:sfcdebug.obj
 0001:00022c00       _sf_debug_initialize_machine 10023c00 f   sfc_debugmsvc80:sfcdebug.obj
 0001:00022e80       _sf_debug_initialize_chart 10023e80 f   sfc_debugmsvc80:sfcdebug.obj
 0001:00023180       _sf_debug_ensure_script    10024180 f   sfc_debugmsvc80:sfcdebug.obj
 0001:00023220       _cv_eval_saturation        10024220 f   sfc_debugmsvc80:sfcdebug.obj
 0001:00023300       _cv_saturation_accum       10024300 f   sfc_debugmsvc80:sfcdebug.obj
 0001:000233c0       _cv_script_init_script     100243c0 f   sfc_debugmsvc80:sfcdebug.obj
 0001:00023430       _cv_script_init_fcn        10024430 f   sfc_debugmsvc80:sfcdebug.obj
 0001:00023490       _cv_script_init_testobjective 10024490 f   sfc_debugmsvc80:sfcdebug.obj
 0001:000234f0       _cv_script_init_saturation 100244f0 f   sfc_debugmsvc80:sfcdebug.obj
 0001:00023550       _cv_script_init_if         10024550 f   sfc_debugmsvc80:sfcdebug.obj
 0001:000235b0       _cv_script_init_for        100245b0 f   sfc_debugmsvc80:sfcdebug.obj
 0001:00023610       _cv_script_init_while      10024610 f   sfc_debugmsvc80:sfcdebug.obj
 0001:00023670       _cv_script_init_mcdc       10024670 f   sfc_debugmsvc80:sfcdebug.obj
 0001:000236e0       _cv_script_init_switch     100246e0 f   sfc_debugmsvc80:sfcdebug.obj
 0001:00023750       _cv_script_eval            10024750 f   sfc_debugmsvc80:sfcdebug.obj
 0001:000237c0       _eml_debug_line_call       100247c0 f   sfc_debugmsvc80:sfcdebug.obj
 0001:000238b0       _sf_debug_terminate        100248b0 f   sfc_debugmsvc80:sfcdebug.obj
 0001:000239f0       _sf_debug_set_script_cv_ids 100249f0 f   sfc_debugmsvc80:sfcdebug.obj
 0001:00023af0       _sf_debug_api              10024af0 f   sfc_debugmsvc80:sfc_api.obj
 0001:00025570       _sf_debug_sm_terminate     10026570 f   sfc_debugmsvc80:sfdb_animation.obj
 0001:000256d0       _sf_debug_reset_path_objects 100266d0 f   sfc_debugmsvc80:sfdb_animation.obj
 0001:00025740       _sf_debug_sm_reset_object_selection_status 10026740 f   sfc_debugmsvc80:sfdb_animation.obj
 0001:000257e0       _sf_debug_sm_reset_state_buffer 100267e0 f   sfc_debugmsvc80:sfdb_animation.obj
 0001:000258a0       _sf_debug_sm_store_state_buffer 100268a0 f   sfc_debugmsvc80:sfdb_animation.obj
 0001:00025920       _sf_debug_sm_restore_state_buffer1 10026920 f   sfc_debugmsvc80:sfdb_animation.obj
 0001:00025980       _sf_debug_sm_restore_state_buffer2 10026980 f   sfc_debugmsvc80:sfdb_animation.obj
 0001:000259e0       _sf_debug_sm_chart_active  100269e0 f   sfc_debugmsvc80:sfdb_animation.obj
 0001:00025a30       _sf_debug_sm_select_active_objects 10026a30 f   sfc_debugmsvc80:sfdb_animation.obj
 0001:00025df0       _sf_debug_sm_is_chart_active 10026df0 f   sfc_debugmsvc80:sfdb_animation.obj
 0001:00025e30       _sf_debug_sm_is_state_active 10026e30 f   sfc_debugmsvc80:sfdb_animation.obj
 0001:00025fe0       _sf_debug_sm_get_active_states 10026fe0 f   sfc_debugmsvc80:sfdb_animation.obj
 0001:00026410       _sf_debug_sm_initialize_instance 10027410 f   sfc_debugmsvc80:sfdb_animation.obj
 0001:00026620       _sf_debug_sm_change_object_selection_status 10027620 f   sfc_debugmsvc80:sfdb_animation.obj
 0001:00026810       _cv_create_interface       10027810 f   sfc_debugmsvc80:cv_sfinterface.obj
 0001:00026b00       _cv_init_trans             10027b00 f   sfc_debugmsvc80:cv_sfinterface.obj
 0001:00026b50       _cv_init_saturation        10027b50 f   sfc_debugmsvc80:cv_sfinterface.obj
 0001:00026ba0       _cv_init_testobjective     10027ba0 f   sfc_debugmsvc80:cv_sfinterface.obj
 0001:00026bf0       _cv_init_state             10027bf0 f   sfc_debugmsvc80:cv_sfinterface.obj
 0001:00026c50       _cv_init_chart             10027c50 f   sfc_debugmsvc80:cv_sfinterface.obj
 0001:00026ca0       _cv_dec_update_call        10027ca0 f   sfc_debugmsvc80:cv_sfinterface.obj
 0001:00026ce0       _cv_cond_update_call       10027ce0 f   sfc_debugmsvc80:cv_sfinterface.obj
 0001:00026d20       _cv_saturation_update_call 10027d20 f   sfc_debugmsvc80:cv_sfinterface.obj
 0001:00026d60       _cv_saturation_update_accum 10027d60 f   sfc_debugmsvc80:cv_sfinterface.obj
 0001:00026da0       _cv_testobjective_update_call 10027da0 f   sfc_debugmsvc80:cv_sfinterface.obj
 0001:00026de0       _cv_sigrange_update        10027de0 f   sfc_debugmsvc80:cv_sfinterface.obj
 0001:00026e30       _cvsf_eml_eval             10027e30 f   sfc_debugmsvc80:cv_sfinterface.obj
 0001:00026f10       _cvsf_eml_init_script      10027f10 f   sfc_debugmsvc80:cv_sfinterface.obj
 0001:00026f80       _cvsf_eml_init_fcn         10027f80 f   sfc_debugmsvc80:cv_sfinterface.obj
 0001:00026fe0       _cvsf_eml_init_testobjective 10027fe0 f   sfc_debugmsvc80:cv_sfinterface.obj
 0001:00027040       _cvsf_eml_init_saturation  10028040 f   sfc_debugmsvc80:cv_sfinterface.obj
 0001:000270a0       _cvsf_eml_init_if          100280a0 f   sfc_debugmsvc80:cv_sfinterface.obj
 0001:00027100       _cvsf_eml_init_for         10028100 f   sfc_debugmsvc80:cv_sfinterface.obj
 0001:00027160       _cvsf_eml_init_while       10028160 f   sfc_debugmsvc80:cv_sfinterface.obj
 0001:000271c0       _cvsf_eml_init_mcdc        100281c0 f   sfc_debugmsvc80:cv_sfinterface.obj
 0001:00027230       _cvsf_eml_init_switch      10028230 f   sfc_debugmsvc80:cv_sfinterface.obj
 0001:00027290       _cvsf_script_eval          10028290 f   sfc_debugmsvc80:cv_sfinterface.obj
 0001:00027370       _cvsf_script_init_script   10028370 f   sfc_debugmsvc80:cv_sfinterface.obj
 0001:000273e0       _cvsf_script_init_fcn      100283e0 f   sfc_debugmsvc80:cv_sfinterface.obj
 0001:00027440       _cvsf_script_init_testobjective 10028440 f   sfc_debugmsvc80:cv_sfinterface.obj
 0001:000274a0       _cvsf_script_init_saturation 100284a0 f   sfc_debugmsvc80:cv_sfinterface.obj
 0001:00027500       _cvsf_script_init_if       10028500 f   sfc_debugmsvc80:cv_sfinterface.obj
 0001:00027560       _cvsf_script_init_for      10028560 f   sfc_debugmsvc80:cv_sfinterface.obj
 0001:000275b0       _cvsf_script_init_while    100285b0 f   sfc_debugmsvc80:cv_sfinterface.obj
 0001:00027600       _cvsf_script_init_mcdc     10028600 f   sfc_debugmsvc80:cv_sfinterface.obj
 0001:00027670       _cvsf_script_init_switch   10028670 f   sfc_debugmsvc80:cv_sfinterface.obj
 0001:000276d0       _cv_destroy_interface      100286d0 f   sfc_debugmsvc80:cv_sfinterface.obj
 0001:000276f0       _cv_create_instance_objects 100286f0 f   sfc_debugmsvc80:cv_sfinterface.obj
 0001:00027a20       _cv_is_enabled             10028a20 f   sfc_debugmsvc80:cv_sfinterface.obj
 0001:00027a30       _sf_debug_cv_initialize_script 10028a30 f   sfc_debugmsvc80:cv_sfinterface.obj
 0001:00027bb0       _sf_debug_cv_initialize_instance 10028bb0 f   sfc_debugmsvc80:cv_sfinterface.obj
 0001:00027ea0       _sf_debug_cv_terminate_chart 10028ea0 f   sfc_debugmsvc80:cv_sfinterface.obj
 0001:00027fa0       _cv_call_trans_test        10028fa0 f   sfc_debugmsvc80:cv_sfinterface.obj
 0001:00027fb0       _cv_call_sub_cond_test     10028fb0 f   sfc_debugmsvc80:cv_sfinterface.obj
 0001:00027ff0       _sf_debug_st_initialize_machine 10028ff0 f   sfc_debugmsvc80:sfdb_data_browse.obj
 0001:000280a0       _sf_debug_st_initialize_instance 100290a0 f   sfc_debugmsvc80:sfdb_data_browse.obj
 0001:00028250       _sf_debug_st_terminate     10029250 f   sfc_debugmsvc80:sfdb_data_browse.obj
 0001:000283b0       _sf_debug_st_set_data_value_ptr_in_machine 100293b0 f   sfc_debugmsvc80:sfdb_data_browse.obj
 0001:00028420       _sf_debug_st_set_data_value_ptr_in_instance 10029420 f   sfc_debugmsvc80:sfdb_data_browse.obj
 0001:000284d0       _sf_debug_st_unset_data_value_ptr_in_machine 100294d0 f   sfc_debugmsvc80:sfdb_data_browse.obj
 0001:00028530       _sf_debug_st_unset_data_value_ptr_in_instance 10029530 f   sfc_debugmsvc80:sfdb_data_browse.obj
 0001:00028840       _sf_debug_mx_value         10029840 f   sfc_debugmsvc80:sfdb_data_browse.obj
 0001:00028890       _sf_debug_mx_packed_vector 10029890 f   sfc_debugmsvc80:sfdb_data_browse.obj
 0001:00028930       _sf_debug_mx_uint_vector   10029930 f   sfc_debugmsvc80:sfdb_data_browse.obj
 0001:000289b0       _sf_debug_st_get_double_value_from_void_ptr_vector 100299b0 f   sfc_debugmsvc80:sfdb_data_browse.obj
 0001:000291b0       _sf_debug_st_browse_data   1002a1b0 f   sfc_debugmsvc80:sfdb_data_browse.obj
 0001:00029890       _sf_debug_hm_initialize_instance 1002a890 f   sfc_debugmsvc80:sfdb_handle_management.obj
 0001:00029d30       _sf_debug_hm_get_object_id 1002ad30 f   sfc_debugmsvc80:sfdb_handle_management.obj
 0001:0002a750       _sf_debug_hm_update_chart_visibility 1002b750 f   sfc_debugmsvc80:sfdb_handle_management.obj
 0001:0002b750       _sf_debug_object_is_eml_function 1002c750 f   sfc_debugmsvc80:sfdb_handle_management.obj
 0001:0002b7b0       _sf_debug_hm_initialize_ids_in_machine 1002c7b0 f   sfc_debugmsvc80:sfdb_handle_management.obj
 0001:0002b900       _sf_debug_hm_initialize_ids_in_chart 1002c900 f   sfc_debugmsvc80:sfdb_handle_management.obj
 0001:0002b9f0       _sf_debug_hm_initialize_chart 1002c9f0 f   sfc_debugmsvc80:sfdb_handle_management.obj
 0001:0002c0b0       _sf_debug_hm_terminate     1002d0b0 f   sfc_debugmsvc80:sfdb_handle_management.obj
 0001:0002c110       _sf_debug_hm_initialize_machine 1002d110 f   sfc_debugmsvc80:sfdb_handle_management.obj
 0001:0002c7e0       _sf_debug_ss_initialize    1002d7e0 f   sfc_debugmsvc80:sfdb_symbol_scope.obj
 0001:0002c800       _sf_debug_ss_terminate     1002d800 f   sfc_debugmsvc80:sfdb_symbol_scope.obj
 0001:0002c880       _sf_debug_ss_push_symbol_scope 1002d880 f   sfc_debugmsvc80:sfdb_symbol_scope.obj
 0001:0002c940       _sf_debug_ss_push_symbol_scope_eml 1002d940 f   sfc_debugmsvc80:sfdb_symbol_scope.obj
 0001:0002c990       _sf_debug_ss_pop_symbol_scope 1002d990 f   sfc_debugmsvc80:sfdb_symbol_scope.obj
 0001:0002ca30       _sf_debug_ss_add_symbol    1002da30 f   sfc_debugmsvc80:sfdb_symbol_scope.obj
 0001:0002cb20       _sf_debug_ss_add_symbol_eml 1002db20 f   sfc_debugmsvc80:sfdb_symbol_scope.obj
 0001:0002d430       _sf_debug_ss_set_data_value 1002e430 f   sfc_debugmsvc80:sfdb_symbol_scope.obj
 0001:0002d780       _getInstanceNumber         1002e780 f   sfc_debugmsvc80:sfdb_symbol_scope.obj
 0001:0002d850       _sf_debug_ss_watch_data    1002e850 f   sfc_debugmsvc80:sfdb_symbol_scope.obj
 0001:0002d940       _sf_debug_ss_assign_data   1002e940 f   sfc_debugmsvc80:sfdb_symbol_scope.obj
 0001:0002e1e0       _get_data_entry_name       1002f1e0 f   sfc_debugmsvc80:sfdb_symbol_scope.obj
 0001:0002e230       _sf_debug_ss_whos          1002f230 f   sfc_debugmsvc80:sfdb_symbol_scope.obj
 0001:0002e6e0       _sf_debug_cc_initialize_chart 1002f6e0 f   sfc_debugmsvc80:sfdb_coverage.obj
 0001:0002f040       _sf_debug_cc_initialize_instance 10030040 f   sfc_debugmsvc80:sfdb_coverage.obj
 0001:0002fc70       _sf_debug_cc_terminate     10030c70 f   sfc_debugmsvc80:sfdb_coverage.obj
 0001:0002fd40       _sf_debug_cc_set_transition_maps 10030d40 f   sfc_debugmsvc80:sfdb_coverage.obj
 0001:0002fe40       _sf_debug_cc_set_state_maps 10030e40 f   sfc_debugmsvc80:sfdb_coverage.obj
 0001:0002ff10       _sf_debug_cc_set_transition_weights 10030f10 f   sfc_debugmsvc80:sfdb_coverage.obj
 0001:00030140       _sf_debug_cc_set_state_weights 10031140 f   sfc_debugmsvc80:sfdb_coverage.obj
 0001:00030370       _sf_debug_cc_mark_transition_guard 10031370 f   sfc_debugmsvc80:sfdb_coverage.obj
 0001:000303f0       _sf_debug_cc_mark_transition_trigger 100313f0 f   sfc_debugmsvc80:sfdb_coverage.obj
 0001:00030470       _sf_debug_cc_mark_transition_decision 10031470 f   sfc_debugmsvc80:sfdb_coverage.obj
 0001:000304d0       _sf_debug_cc_mark_transition_condition_action 100314d0 f   sfc_debugmsvc80:sfdb_coverage.obj
 0001:00030520       _sf_debug_cc_mark_transition_transition_action 10031520 f   sfc_debugmsvc80:sfdb_coverage.obj
 0001:00030570       _sf_debug_cc_mark_state_entry 10031570 f   sfc_debugmsvc80:sfdb_coverage.obj
 0001:000305c0       _sf_debug_cc_mark_state_during 100315c0 f   sfc_debugmsvc80:sfdb_coverage.obj
 0001:00030610       _sf_debug_cc_mark_state_exit 10031610 f   sfc_debugmsvc80:sfdb_coverage.obj
 0001:00030660       _sf_debug_bm_clear_script_breakpoints 10031660 f   sfc_debugmsvc80:sfdb_breakpoints.obj
 0001:000306a0       _sf_debug_bm_set_script_breakpoint 100316a0 f   sfc_debugmsvc80:sfdb_breakpoints.obj
 0001:00030710       _sf_debug_bm_clear_single_script_breakpoint 10031710 f   sfc_debugmsvc80:sfdb_breakpoints.obj
 0001:00030780       _sf_debug_bm_query_script_breakpoint 10031780 f   sfc_debugmsvc80:sfdb_breakpoints.obj
 0001:000307d0       _sf_debug_bm_initialize_scripts 100317d0 f   sfc_debugmsvc80:sfdb_breakpoints.obj
 0001:00030d70       _sf_debug_bm_terminate     10031d70 f   sfc_debugmsvc80:sfdb_breakpoints.obj
 0001:00031020       _sf_debug_bm_remove_all_breakpoints_in_machine 10032020 f   sfc_debugmsvc80:sfdb_breakpoints.obj
 0001:00031070       _sf_debug_bm_remove_all_breakpoints_in_chart 10032070 f   sfc_debugmsvc80:sfdb_breakpoints.obj
 0001:000311a0       _sf_debug_bm_initialize_global_breakpoints 100321a0 f   sfc_debugmsvc80:sfdb_breakpoints.obj
 0001:00031350       _sf_debug_bm_set_breakpoint 10032350 f   sfc_debugmsvc80:sfdb_breakpoints.obj
 0001:000318b0       _sf_debug_bm_set_eml_breakpoint 100328b0 f   sfc_debugmsvc80:sfdb_breakpoints.obj
 0001:00031930       _sf_debug_bm_initialize_machine_breakpoint_map 10032930 f   sfc_debugmsvc80:sfdb_breakpoints.obj
 0001:00031cd0       _sf_debug_bm_is_a_breakpoint 10032cd0 f   sfc_debugmsvc80:sfdb_breakpoints.obj
 0001:000321b0       _sf_debug_bm_get_all_breakpoints_in_machine 100331b0 f   sfc_debugmsvc80:sfdb_breakpoints.obj
 0001:00032450       _sf_debug_bm_get_all_breakpoints_in_chart 10033450 f   sfc_debugmsvc80:sfdb_breakpoints.obj
 0001:00032e80       _sf_debug_bm_initialize_machine 10033e80 f   sfc_debugmsvc80:sfdb_breakpoints.obj
 0001:00032f20       _sf_debug_bm_initialize_chart 10033f20 f   sfc_debugmsvc80:sfdb_breakpoints.obj
 0001:000332a0       _sf_debug_sc_terminate     100342a0 f   sfc_debugmsvc80:sfdb_state_consistency.obj
 0001:00033520       _sf_debug_sc_is_chart_consistent 10034520 f   sfc_debugmsvc80:sfdb_state_consistency.obj
 0001:00033700       _sf_debug_sc_get_consistency_error_info 10034700 f   sfc_debugmsvc80:sfdb_state_consistency.obj
 0001:00033a70       _sf_debug_tm_terminate     10034a70 f   sfc_debugmsvc80:sfdb_call_stack.obj
 0001:00033b10       _sf_debug_tm_push_chart_instance 10034b10 f   sfc_debugmsvc80:sfdb_call_stack.obj
 0001:00033c30       _sf_debug_tm_pop_chart_instance 10034c30 f   sfc_debugmsvc80:sfdb_call_stack.obj
 0001:00033c90       _sf_debug_tm_push_trace_node 10034c90 f   sfc_debugmsvc80:sfdb_call_stack.obj
 0001:00033da0       _sf_debug_tm_pop_trace_node 10034da0 f   sfc_debugmsvc80:sfdb_call_stack.obj
 0001:00033e20       _sf_debug_tm_get_current_global_trace_index 10034e20 f   sfc_debugmsvc80:sfdb_call_stack.obj
 0001:00033e40       _sf_debug_tm_get_current_local_trace_index 10034e40 f   sfc_debugmsvc80:sfdb_call_stack.obj
 0001:00033e70       _sf_debug_tm_set_cycle_detected_flag 10034e70 f   sfc_debugmsvc80:sfdb_call_stack.obj
 0001:00033ec0       _sf_debug_tm_set_cycle_started_flag 10034ec0 f   sfc_debugmsvc80:sfdb_call_stack.obj
 0001:00033f10       _sf_debug_tm_get_chart_number_from_stack 10034f10 f   sfc_debugmsvc80:sfdb_call_stack.obj
 0001:000340b0       _sf_debug_tm_browse_trace  100350b0 f   sfc_debugmsvc80:sfdb_call_stack.obj
 0001:00034320       _sf_debug_cd_initialize_instance 10035320 f   sfc_debugmsvc80:sfdb_cycle_detection.obj
 0001:00034550       _sf_debug_cd_mark_processed_transition_in_instance 10035550 f   sfc_debugmsvc80:sfdb_cycle_detection.obj
 0001:000345d0       _sf_debug_cd_checksum_push 100355d0 f   sfc_debugmsvc80:sfdb_cycle_detection.obj
 0001:000348d0       _sf_debug_cd_checksum_pop  100358d0 f   sfc_debugmsvc80:sfdb_cycle_detection.obj
 0001:00034930       _sf_debug_cd_turn_off_cycle_detection 10035930 f   sfc_debugmsvc80:sfdb_cycle_detection.obj
 0001:00034970       _sf_debug_cd_terminate     10035970 f   sfc_debugmsvc80:sfdb_cycle_detection.obj
 0001:00034b40       _md5_initialize_state      10035b40 f   sfc_debugmsvc80:ckmd5.obj
 0001:000353d0       _md5_update_state          100363d0 f   sfc_debugmsvc80:ckmd5.obj
 0001:000353f0       _md5_get_hash              100363f0 f   sfc_debugmsvc80:ckmd5.obj
 0001:00035410       _md5_get_hash_for_a_single_string 10036410 f   sfc_debugmsvc80:ckmd5.obj
 0001:0003547a       _mxGetPr                   1003647a f   libmx:libmx.dll
 0001:00035480       _mxCreateDoubleScalar      10036480 f   libmx:libmx.dll
 0001:00035486       _mxCreateDoubleMatrix_730  10036486 f   libmx:libmx.dll
 0001:0003548c       _mxSetField_730            1003648c f   libmx:libmx.dll
 0001:00035492       _mxCreateString            10036492 f   libmx:libmx.dll
 0001:00035498       _mxCreateStructMatrix_730  10036498 f   libmx:libmx.dll
 0001:0003549e       _mxCreateCellMatrix_730    1003649e f   libmx:libmx.dll
 0001:000354a4       _mxDestroyArray            100364a4 f   libmx:libmx.dll
 0001:000354aa       _mxDuplicateArray          100364aa f   libmx:libmx.dll
 0001:000354b0       _mxGetNaN                  100364b0 f   libmx:libmx.dll
 0001:000354b6       _mxGetString_730           100364b6 f   libmx:libmx.dll
 0001:000354bc       _mxIsChar                  100364bc f   libmx:libmx.dll
 0001:000354c2       _mxGetClassID              100364c2 f   libmx:libmx.dll
 0001:000354c8       _mxIsNumeric               100364c8 f   libmx:libmx.dll
 0001:000354ce       _mxIsComplex               100364ce f   libmx:libmx.dll
 0001:000354d4       _mxGetN                    100364d4 f   libmx:libmx.dll
 0001:000354da       _mxGetM                    100364da f   libmx:libmx.dll
 0001:000354e0       _mxCalloc                  100364e0 f   libmx:libmx.dll
 0001:000354e6       _mxGetScalar               100364e6 f   libmx:libmx.dll
 0001:000354ec       _mxIsLogical               100364ec f   libmx:libmx.dll
 0001:000354f2       _mxCreateDoubleMatrix_700  100364f2 f   libmx:libmx.dll
 0001:000354f8       _mxFree                    100364f8 f   libmx:libmx.dll
 0001:000354fe       _mxArrayToString           100364fe f   libmx:libmx.dll
 0001:00035504       _mxCreateCellMatrix_700    10036504 f   libmx:libmx.dll
 0001:0003550a       _mxSetCell_700             1003650a f   libmx:libmx.dll
 0001:00035510       _mxGetCell_700             10036510 f   libmx:libmx.dll
 0001:00035516       _mxGetClassName            10036516 f   libmx:libmx.dll
 0001:0003551c       _mxSetField_700            1003651c f   libmx:libmx.dll
 0001:00035522       _mxAddField                10036522 f   libmx:libmx.dll
 0001:00035528       _mxGetField_700            10036528 f   libmx:libmx.dll
 0001:0003552e       _mxGetNumberOfElements     1003652e f   libmx:libmx.dll
 0001:00035534       _mxIsStruct                10036534 f   libmx:libmx.dll
 0001:0003553a       _mxIsA                     1003653a f   libmx:libmx.dll
 0001:00035540       _mxIsClass                 10036540 f   libmx:libmx.dll
 0001:00035546       _mxGetLogicals             10036546 f   libmx:libmx.dll
 0001:0003554c       _mxIsSparse                1003654c f   libmx:libmx.dll
 0001:00035552       _mxSetFieldByNumber_700    10036552 f   libmx:libmx.dll
 0001:00035558       _mxGetFieldByNumber_700    10036558 f   libmx:libmx.dll
 0001:0003555e       _mxGetFieldNameByNumber    1003655e f   libmx:libmx.dll
 0001:00035564       _mxGetNumberOfFields       10036564 f   libmx:libmx.dll
 0001:0003556a       _mxCreateStructMatrix_700  1003656a f   libmx:libmx.dll
 0001:00035570       _mxGetFieldNumber          10036570 f   libmx:libmx.dll
 0001:00035576       _mxIsNaN                   10036576 f   libmx:libmx.dll
 0001:0003557c       _mxIsEmpty                 1003657c f   libmx:libmx.dll
 0001:00035582       _mxGetData                 10036582 f   libmx:libmx.dll
 0001:00035588       _mxGetImagData             10036588 f   libmx:libmx.dll
 0001:0003558e       _mxArrayClassIDName        1003658e f   libmx:libmx.dll
 0001:00035594       _mxCreateNumericMatrix_700 10036594 f   libmx:libmx.dll
 0001:0003559a       _mxCreateStructArray_700   1003659a f   libmx:libmx.dll
 0001:000355a0       _mxCalcSingleSubscript_700 100365a0 f   libmx:libmx.dll
 0001:000355a6       _mxGetDimensions_700       100365a6 f   libmx:libmx.dll
 0001:000355ac       _mxGetNumberOfDimensions_700 100365ac f   libmx:libmx.dll
 0001:000355b2       _mxCreateNumericArray_700  100365b2 f   libmx:libmx.dll
 0001:000355b8       _mxGetElementSize          100365b8 f   libmx:libmx.dll
 0001:000355be       _mxCreateStringFromNChars_700 100365be f   libmx:libmx.dll
 0001:000355c4       _mxGetString_700           100365c4 f   libmx:libmx.dll
 0001:000355ca       _mxIsLogicalScalarTrue     100365ca f   libmx:libmx.dll
 0001:000355d0       _mxCreateLogicalScalar     100365d0 f   libmx:libmx.dll
 0001:000355d6       _mexUnlock                 100365d6 f   libmex:libmex.dll
 0001:000355dc       _mexIsLocked               100365dc f   libmex:libmex.dll
 0001:000355e2       _mexWarnMsgTxt             100365e2 f   libmex:libmex.dll
 0001:000355e8       _mexCallMATLAB             100365e8 f   libmex:libmex.dll
 0001:000355ee       _mexErrMsgTxt              100365ee f   libmex:libmex.dll
 0001:000355f4       _mexMakeArrayPersistent    100365f4 f   libmex:libmex.dll
 0001:000355fa       _mexSetTrapFlag            100365fa f   libmex:libmex.dll
 0001:00035600       _mexPutVariable            10036600 f   libmex:libmex.dll
 0001:00035606       _mexGetVariable            10036606 f   libmex:libmex.dll
 0001:0003560c       _mexLock                   1003660c f   libmex:libmex.dll
 0001:00035612       _mexMakeMemoryPersistent   10036612 f   libmex:libmex.dll
 0001:00035618       _mexFunctionName           10036618 f   libmex:libmex.dll
 0001:0003561e       _ssRegisterDataTypeFxpFSlopeFixExpBias 1003661e f   libfixedpoint:libfixedpoint.dll
 0001:00035624       _ssRegisterDataTypeFxpScaledDouble 10036624 f   libfixedpoint:libfixedpoint.dll
 0001:0003562a       _utMalloc                  1003662a f   libut:libut.dll
 0001:00035630       _utFree                    10036630 f   libut:libut.dll
 0001:00035636       _utVSNprintf               10036636 f   libut:libut.dll
 0001:0003563c       _utCPUtime                 1003663c f   libut:libut.dll
 0001:00035642       _utCalloc                  10036642 f   libut:libut.dll
 0001:00035648       _utRealloc                 10036648 f   libut:libut.dll
 0001:0003564e       _muDoubleScalarIsNaN       1003664e f   libmwmathutil:libmwmathutil.dll
 0001:00035654       _muDoubleScalarMin         10036654 f   libmwmathutil:libmwmathutil.dll
 0001:0003565a       _muDoubleScalarMax         1003665a f   libmwmathutil:libmwmathutil.dll
 0001:00035660       _muDoubleScalarAbs         10036660 f   libmwmathutil:libmwmathutil.dll
 0001:00035666       _muDoubleScalarFloor       10036666 f   libmwmathutil:libmwmathutil.dll
 0001:0003566c       _muDoubleScalarIsInf       1003666c f   libmwmathutil:libmwmathutil.dll
 0001:00035672       _muDoubleScalarPower       10036672 f   libmwmathutil:libmwmathutil.dll
 0001:00035678       _emlrtCreateRootTLS        10036678 f   libemlrt:libemlrt.dll
 0001:0003567e       _emlrtDestroyRootTLS       1003667e f   libemlrt:libemlrt.dll
 0001:00035684       _emlrtCheckBuiltInR2012b   10036684 f   libemlrt:libemlrt.dll
 0001:0003568a       _emlrtCheckVsBuiltInR2012b 1003668a f   libemlrt:libemlrt.dll
 0001:00035690       _emlrtCheckEnumR2012b      10036690 f   libemlrt:libemlrt.dll
 0001:00035696       _emlrtCreateEnumR2012b     10036696 f   libemlrt:libemlrt.dll
 0001:0003569c       _emlrtGetEnumElementR2009a 1003669c f   libemlrt:libemlrt.dll
 0001:000356a2       _emlrtCreateReference      100366a2 f   libemlrt:libemlrt.dll
 0001:000356a8       _emlrtImportVsFiArrayR2009b 100366a8 f   libemlrt:libemlrt.dll
 0001:000356ae       _emlrtNameCapturePostProcessR2012a 100366ae f   libemlrt:libemlrt.dll
 0001:000356b4       _emlrtExtractMessageId     100366b4 f   libemlrt:libemlrt.dll
 0001:000356ba       _emlrtTranslateMessageIDtoLCPstring 100366ba f   libemlrt:libemlrt.dll
 0001:000356c0       _emlrtForLoopVectorIsValidR2011b 100366c0 f   libemlrt:libemlrt.dll
 0001:000356c6       _emlrtTranslateUTF16MessagetoLCPstring 100366c6 f   libemlrt:libemlrt.dll
 0001:000356cc       _emlrtGetEnumUnderlyingArrayR2009a 100366cc f   libemlrt:libemlrt.dll
 0001:000356d2       _emlrtIsEnumR2009a         100366d2 f   libemlrt:libemlrt.dll
 0001:000356d8       _strlen                    100366d8 f   MSVCRT:MSVCR100.dll
 0001:000356de       @__security_check_cookie@4 100366de f   MSVCRT:secchk.obj
 0001:000356f0       __chkstk                   100366f0 f   MSVCRT:chkstk.obj
 0001:000356f0       __alloca_probe             100366f0     MSVCRT:chkstk.obj
 0001:0003571c       _memset                    1003671c f   MSVCRT:MSVCR100.dll
 0001:00035730       __ftol2_sse                10036730 f   MSVCRT:ftol2.obj
 0001:00035739       __ftol2_pentium4           10036739 f   MSVCRT:ftol2.obj
 0001:0003574c       __ftol2_sse_excpt          1003674c f   MSVCRT:ftol2.obj
 0001:00035766       __ftol2                    10036766 f   MSVCRT:ftol2.obj
 0001:000357dc       _strcmp                    100367dc f   MSVCRT:MSVCR100.dll
 0001:000357e2       _free                      100367e2 f   MSVCRT:MSVCR100.dll
 0001:000357e8       _sprintf                   100367e8 f   MSVCRT:MSVCR100.dll
 0001:000357ee       _malloc                    100367ee f   MSVCRT:MSVCR100.dll
 0001:000357f4       _strcat                    100367f4 f   MSVCRT:MSVCR100.dll
 0001:000357fa       _memcpy                    100367fa f   MSVCRT:MSVCR100.dll
 0001:00035800       _NtCurrentTeb              10036800 f i MSVCRT:crtdll.obj
 0001:00035855       __CRT_INIT@12              10036855 f   MSVCRT:crtdll.obj
 0001:00035b75       __DllMainCRTStartup@12     10036b75 f   MSVCRT:crtdll.obj
 0001:00035b98       _strncpy                   10036b98 f   MSVCRT:MSVCR100.dll
 0001:00035b9e       _longjmp                   10036b9e f   MSVCRT:MSVCR100.dll
 0001:00035ba4       _strncmp                   10036ba4 f   MSVCRT:MSVCR100.dll
 0001:00035baa       _ceil                      10036baa f   MSVCRT:MSVCR100.dll
 0001:00035bb0       _strrchr                   10036bb0 f   MSVCRT:MSVCR100.dll
 0001:00035bb6       __setjmp3                  10036bb6 f   MSVCRT:MSVCR100.dll
 0001:00035bbc       _ldexp                     10036bbc f   MSVCRT:MSVCR100.dll
 0001:00035bc2       ___report_gsfailure        10036bc2 f   MSVCRT:gs_report.obj
 0001:00035cc8       ___sse2_available_init     10036cc8 f   MSVCRT:cpu_disp.obj
 0001:00035cd8       ___clean_type_info_names   10036cd8 f   MSVCRT:tncleanup.obj
 0001:00035ce4       __onexit                   10036ce4 f   MSVCRT:atonexit.obj
 0001:00035d85       _atexit                    10036d85 f   MSVCRT:atonexit.obj
 0001:00035d9c       __RTC_Initialize           10036d9c f   MSVCRT:_initsect_.obj
 0001:00035dc2       __RTC_Terminate            10036dc2 f   MSVCRT:_initsect_.obj
 0001:00035de8       __malloc_crt               10036de8 f   MSVCRT:MSVCR100.dll
 0001:00035dee       __encoded_null             10036dee f   MSVCRT:MSVCR100.dll
 0001:00035e00       __ValidateImageBase        10036e00 f   MSVCRT:pesect.obj
 0001:00035e40       __FindPESection            10036e40 f   MSVCRT:pesect.obj
 0001:00035e90       __IsNonwritableInCurrentImage 10036e90 f   MSVCRT:pesect.obj
 0001:00035f4c       __initterm                 10036f4c f   MSVCRT:MSVCR100.dll
 0001:00035f52       __initterm_e               10036f52 f   MSVCRT:MSVCR100.dll
 0001:00035f58       __amsg_exit                10036f58 f   MSVCRT:MSVCR100.dll
 0001:00035f5e       ___CppXcptFilter           10036f5e f   MSVCRT:MSVCR100.dll
 0001:00035f64       _DllMain@12                10036f64 f   MSVCRT:dllmain.obj
 0001:00035f90       __SEH_prolog4              10036f90 f   MSVCRT:sehprolg4.obj
 0001:00035fd5       __SEH_epilog4              10036fd5 f   MSVCRT:sehprolg4.obj
 0001:00035fe9       __except_handler4          10036fe9 f   MSVCRT:chandler4gs.obj
 0001:0003600e       ___security_init_cookie    1003700e f   MSVCRT:gs_support.obj
 0001:000360aa       __crt_debugger_hook        100370aa f   MSVCRT:MSVCR100.dll
 0001:000360b0       ___clean_type_info_names_internal 100370b0 f   MSVCRT:MSVCR100.dll
 0001:000360b6       __unlock                   100370b6 f   MSVCRT:MSVCR100.dll
 0001:000360bc       ___dllonexit               100370bc f   MSVCRT:MSVCR100.dll
 0001:000360c2       __lock                     100370c2 f   MSVCRT:MSVCR100.dll
 0001:000360c8       __except_handler4_common   100370c8 f   MSVCRT:MSVCR100.dll
 0001:000360ce       _EncodePointer@4           100370ce f   kernel32:KERNEL32.dll
 0001:000360d4       _DecodePointer@4           100370d4 f   kernel32:KERNEL32.dll
 0001:000360da       _InterlockedExchange@8     100370da f   kernel32:KERNEL32.dll
 0001:000360e0       _Sleep@4                   100370e0 f   kernel32:KERNEL32.dll
 0001:000360e6       _InterlockedCompareExchange@12 100370e6 f   kernel32:KERNEL32.dll
 0001:000360ec       _TerminateProcess@8        100370ec f   kernel32:KERNEL32.dll
 0001:000360f2       _GetCurrentProcess@0       100370f2 f   kernel32:KERNEL32.dll
 0001:000360f8       _UnhandledExceptionFilter@4 100370f8 f   kernel32:KERNEL32.dll
 0001:000360fe       _SetUnhandledExceptionFilter@4 100370fe f   kernel32:KERNEL32.dll
 0001:00036104       _IsDebuggerPresent@0       10037104 f   kernel32:KERNEL32.dll
 0001:0003610a       _IsProcessorFeaturePresent@4 1003710a f   kernel32:KERNEL32.dll
 0001:00036110       _DisableThreadLibraryCalls@4 10037110 f   kernel32:KERNEL32.dll
 0001:00036116       _QueryPerformanceCounter@4 10037116 f   kernel32:KERNEL32.dll
 0001:0003611c       _GetTickCount@0            1003711c f   kernel32:KERNEL32.dll
 0001:00036122       _GetCurrentThreadId@0      10037122 f   kernel32:KERNEL32.dll
 0001:00036128       _GetCurrentProcessId@0     10037128 f   kernel32:KERNEL32.dll
 0001:0003612e       _GetSystemTimeAsFileTime@4 1003712e f   kernel32:KERNEL32.dll
 0002:00000000       __imp__IsDebuggerPresent@0 10038000     kernel32:KERNEL32.dll
 0002:00000004       __imp__SetUnhandledExceptionFilter@4 10038004     kernel32:KERNEL32.dll
 0002:00000008       __imp__UnhandledExceptionFilter@4 10038008     kernel32:KERNEL32.dll
 0002:0000000c       __imp__GetCurrentProcess@0 1003800c     kernel32:KERNEL32.dll
 0002:00000010       __imp__TerminateProcess@8  10038010     kernel32:KERNEL32.dll
 0002:00000014       __imp__InterlockedCompareExchange@12 10038014     kernel32:KERNEL32.dll
 0002:00000018       __imp__Sleep@4             10038018     kernel32:KERNEL32.dll
 0002:0000001c       __imp__InterlockedExchange@8 1003801c     kernel32:KERNEL32.dll
 0002:00000020       __imp__DecodePointer@4     10038020     kernel32:KERNEL32.dll
 0002:00000024       __imp__EncodePointer@4     10038024     kernel32:KERNEL32.dll
 0002:00000028       __imp__DisableThreadLibraryCalls@4 10038028     kernel32:KERNEL32.dll
 0002:0000002c       __imp__QueryPerformanceCounter@4 1003802c     kernel32:KERNEL32.dll
 0002:00000030       __imp__GetTickCount@0      10038030     kernel32:KERNEL32.dll
 0002:00000034       __imp__GetCurrentThreadId@0 10038034     kernel32:KERNEL32.dll
 0002:00000038       __imp__GetCurrentProcessId@0 10038038     kernel32:KERNEL32.dll
 0002:0000003c       __imp__GetSystemTimeAsFileTime@4 1003803c     kernel32:KERNEL32.dll
 0002:00000040       __imp__IsProcessorFeaturePresent@4 10038040     kernel32:KERNEL32.dll
 0002:00000044       \177KERNEL32_NULL_THUNK_DATA 10038044     kernel32:KERNEL32.dll
 0002:00000048       __imp__ldexp               10038048     MSVCRT:MSVCR100.dll
 0002:0000004c       __imp___except_handler4_common 1003804c     MSVCRT:MSVCR100.dll
 0002:00000050       __imp___onexit             10038050     MSVCRT:MSVCR100.dll
 0002:00000054       __imp___lock               10038054     MSVCRT:MSVCR100.dll
 0002:00000058       __imp____dllonexit         10038058     MSVCRT:MSVCR100.dll
 0002:0000005c       __imp___unlock             1003805c     MSVCRT:MSVCR100.dll
 0002:00000060       __imp____clean_type_info_names_internal 10038060     MSVCRT:MSVCR100.dll
 0002:00000064       __imp___crt_debugger_hook  10038064     MSVCRT:MSVCR100.dll
 0002:00000068       __imp____CppXcptFilter     10038068     MSVCRT:MSVCR100.dll
 0002:0000006c       __imp___amsg_exit          1003806c     MSVCRT:MSVCR100.dll
 0002:00000070       __imp___initterm_e         10038070     MSVCRT:MSVCR100.dll
 0002:00000074       __imp___initterm           10038074     MSVCRT:MSVCR100.dll
 0002:00000078       __imp___encoded_null       10038078     MSVCRT:MSVCR100.dll
 0002:0000007c       __imp___malloc_crt         1003807c     MSVCRT:MSVCR100.dll
 0002:00000080       __imp__strlen              10038080     MSVCRT:MSVCR100.dll
 0002:00000084       __imp___setjmp3            10038084     MSVCRT:MSVCR100.dll
 0002:00000088       __imp__strrchr             10038088     MSVCRT:MSVCR100.dll
 0002:0000008c       __imp__ceil                1003808c     MSVCRT:MSVCR100.dll
 0002:00000090       __imp__strncmp             10038090     MSVCRT:MSVCR100.dll
 0002:00000094       __imp__longjmp             10038094     MSVCRT:MSVCR100.dll
 0002:00000098       __imp__strncpy             10038098     MSVCRT:MSVCR100.dll
 0002:0000009c       __imp__memcpy              1003809c     MSVCRT:MSVCR100.dll
 0002:000000a0       __imp__strcat              100380a0     MSVCRT:MSVCR100.dll
 0002:000000a4       __imp__malloc              100380a4     MSVCRT:MSVCR100.dll
 0002:000000a8       __imp__sprintf             100380a8     MSVCRT:MSVCR100.dll
 0002:000000ac       __imp__free                100380ac     MSVCRT:MSVCR100.dll
 0002:000000b0       __imp__strcmp              100380b0     MSVCRT:MSVCR100.dll
 0002:000000b4       __imp__memset              100380b4     MSVCRT:MSVCR100.dll
 0002:000000b8       \177MSVCR100_NULL_THUNK_DATA 100380b8     MSVCRT:MSVCR100.dll
 0002:000000bc       __imp__emlrtIsEnumR2009a   100380bc     libemlrt:libemlrt.dll
 0002:000000c0       __imp__emlrtCreateRootTLS  100380c0     libemlrt:libemlrt.dll
 0002:000000c4       __imp__emlrtGetEnumUnderlyingArrayR2009a 100380c4     libemlrt:libemlrt.dll
 0002:000000c8       __imp__emlrtTranslateUTF16MessagetoLCPstring 100380c8     libemlrt:libemlrt.dll
 0002:000000cc       __imp__emlrtForLoopVectorIsValidR2011b 100380cc     libemlrt:libemlrt.dll
 0002:000000d0       __imp__emlrtTranslateMessageIDtoLCPstring 100380d0     libemlrt:libemlrt.dll
 0002:000000d4       __imp__emlrtExtractMessageId 100380d4     libemlrt:libemlrt.dll
 0002:000000d8       __imp__emlrtNameCapturePostProcessR2012a 100380d8     libemlrt:libemlrt.dll
 0002:000000dc       __imp__emlrtImportVsFiArrayR2009b 100380dc     libemlrt:libemlrt.dll
 0002:000000e0       __imp__emlrtCreateReference 100380e0     libemlrt:libemlrt.dll
 0002:000000e4       __imp__emlrtGetEnumElementR2009a 100380e4     libemlrt:libemlrt.dll
 0002:000000e8       __imp__emlrtDestroyRootTLS 100380e8     libemlrt:libemlrt.dll
 0002:000000ec       __imp__emlrtCheckBuiltInR2012b 100380ec     libemlrt:libemlrt.dll
 0002:000000f0       __imp__emlrtCheckVsBuiltInR2012b 100380f0     libemlrt:libemlrt.dll
 0002:000000f4       __imp__emlrtCheckEnumR2012b 100380f4     libemlrt:libemlrt.dll
 0002:000000f8       __imp__emlrtCreateEnumR2012b 100380f8     libemlrt:libemlrt.dll
 0002:000000fc       \177libemlrt_NULL_THUNK_DATA 100380fc     libemlrt:libemlrt.dll
 0002:00000100       __imp__ssRegisterDataTypeFxpFSlopeFixExpBias 10038100     libfixedpoint:libfixedpoint.dll
 0002:00000104       __imp__ssRegisterDataTypeFxpScaledDouble 10038104     libfixedpoint:libfixedpoint.dll
 0002:00000108       \177libfixedpoint_NULL_THUNK_DATA 10038108     libfixedpoint:libfixedpoint.dll
 0002:0000010c       __imp__mexGetVariable      1003810c     libmex:libmex.dll
 0002:00000110       __imp__mexLock             10038110     libmex:libmex.dll
 0002:00000114       __imp__mexMakeMemoryPersistent 10038114     libmex:libmex.dll
 0002:00000118       __imp__mexFunctionName     10038118     libmex:libmex.dll
 0002:0000011c       __imp__mexPutVariable      1003811c     libmex:libmex.dll
 0002:00000120       __imp__mexErrMsgTxt        10038120     libmex:libmex.dll
 0002:00000124       __imp__mexSetTrapFlag      10038124     libmex:libmex.dll
 0002:00000128       __imp__mexCallMATLAB       10038128     libmex:libmex.dll
 0002:0000012c       __imp__mexWarnMsgTxt       1003812c     libmex:libmex.dll
 0002:00000130       __imp__mexIsLocked         10038130     libmex:libmex.dll
 0002:00000134       __imp__mexUnlock           10038134     libmex:libmex.dll
 0002:00000138       __imp__mexMakeArrayPersistent 10038138     libmex:libmex.dll
 0002:0000013c       \177libmex_NULL_THUNK_DATA 1003813c     libmex:libmex.dll
 0002:00000140       __imp__muDoubleScalarPower 10038140     libmwmathutil:libmwmathutil.dll
 0002:00000144       __imp__muDoubleScalarIsNaN 10038144     libmwmathutil:libmwmathutil.dll
 0002:00000148       __imp__muDoubleScalarMin   10038148     libmwmathutil:libmwmathutil.dll
 0002:0000014c       __imp__muDoubleScalarMax   1003814c     libmwmathutil:libmwmathutil.dll
 0002:00000150       __imp__muDoubleScalarAbs   10038150     libmwmathutil:libmwmathutil.dll
[...]
 0001:00012950       _sfrtGenSizeString         10013950 f   sfc_mexmsvc80:sfc_mex.obj
 0001:00012980       _sfIsProperVector          10013980 f   sfc_mexmsvc80:sfc_mex.obj
 0001:000129b0       _sfIsRowVector             100139b0 f   sfc_mexmsvc80:sfc_mex.obj
 0001:00012ae0       _sf_ExtractMessageId       10013ae0 f   sfc_mexmsvc80:sfc_mex.obj
 0001:00012d30       _sf_mex_err                10013d30 f   sfc_mexmsvc80:sfc_mex.obj
 0001:00012dc0       _sf_error_dimension_out_of_bound 10013dc0 f   sfc_mexmsvc80:sfc_mex.obj
 0001:00012e60       _sf_mex_check_and_set_actual_dimensions 10013e60 f   sfc_mexmsvc80:sfc_mex.obj
 0001:00012fe0       _sf_mex_check_complex      10013fe0 f   sfc_mexmsvc80:sfc_mex.obj
 0001:00013050       _sf_mex_check_sparse       10014050 f   sfc_mexmsvc80:sfc_mex.obj
 0001:00013090       _sf_mex_check_numerictype  10014090 f   sfc_mexmsvc80:sfc_mex.obj
 0001:00013120       _sf_mex_check_fimath       10014120 f   sfc_mexmsvc80:sfc_mex.obj
 0001:00013820       _size_mismatch_error       10014820 f   sfc_mexmsvc80:sfc_mex.obj
 0001:00014080       _check_array_dimensions    10015080 f   sfc_mexmsvc80:sfc_mex.obj
 0001:000140d0       _check_input_mxarray       100150d0 f   sfc_mexmsvc80:sfc_mex.obj
 0001:00014770       _sf_numeric_value_to_double 10015770 f   sfc_mexmsvc80:sfc_mex.obj
 0001:000147b0       _ml_generic_out_of_bounds_check 100157b0 f   sfc_mexmsvc80:sfc_mex.obj
 0001:00014940       _ml_get_element_value_from_array 10015940 f   sfc_mexmsvc80:sfc_mex.obj
 0001:00014e10       __ml_generic_castability_check 10015e10 f   sfc_mexmsvc80:sfc_mex.obj
 0001:000156a0       _ml_generic_castability_check 100166a0 f   sfc_mexmsvc80:sfc_mex.obj
 0001:00015700       _ml_check_mx_array_for_single_castability 10016700 f   sfc_mexmsvc80:sfc_mex.obj
 0001:00015770       _ml_check_mx_array_for_logical_castability 10016770 f   sfc_mexmsvc80:sfc_mex.obj
 0001:000157d0       _ml_check_mx_array_for_int8_castability 100167d0 f   sfc_mexmsvc80:sfc_mex.obj
 0001:00015860       _ml_check_mx_array_for_uint8_castability 10016860 f   sfc_mexmsvc80:sfc_mex.obj
 0001:000158d0       _ml_check_mx_array_for_int16_castability 100168d0 f   sfc_mexmsvc80:sfc_mex.obj
 0001:00015940       _ml_check_mx_array_for_uint16_castability 10016940 f   sfc_mexmsvc80:sfc_mex.obj
 0001:000159b0       _ml_check_mx_array_for_int32_castability 100169b0 f   sfc_mexmsvc80:sfc_mex.obj
 0001:00015a20       _ml_check_mx_array_for_uint32_castability 10016a20 f   sfc_mexmsvc80:sfc_mex.obj
 0001:00015a90       _ml_check_mx_array_for_castability 10016a90 f   sfc_mexmsvc80:sfc_mex.obj
 0001:00016120       _set_data_value            10017120 f   sfc_mexmsvc80:sfc_mex.obj
 0001:000165f0       _get_data_value            100175f0 f   sfc_mexmsvc80:sfc_mex.obj
 0001:000166f0       _get_next_element_address  100176f0 f   sfc_mexmsvc80:sfc_mex.obj
 0001:00016790       _sf_normalize_index        10017790 f   sfc_mexmsvc80:sfc_mex.obj
 0001:00016a20       _ml_array_index_bound_check 10017a20 f   sfc_mexmsvc80:sfc_mex.obj
 0001:00017310       _mx_value                  10018310 f   sfc_mexmsvc80:sfc_mex.obj
 0001:00017360       _sf_create_numeric_array   10018360 f   sfc_mexmsvc80:sfc_mex.obj
 0001:000173e0       _sf_mex_assign_to_mx_array 100183e0 f   sfc_mexmsvc80:sfc_mex.obj
 0001:00017640       _assign_from_mx_array      10018640 f   sfc_mexmsvc80:sfc_mex.obj
 0001:00017e00       _sf_mex_import_v           10018e00 f   sfc_mexmsvc80:sfc_mex.obj
 0001:000182c0       _get_machine_and_chart_file_number 100192c0 f   sfc_mexmsvc80:sfc_sf.obj
 0001:00018380       _get_sfun_block_specialization 10019380 f   sfc_mexmsvc80:sfc_sf.obj
 0001:00018400       _call_sf_machine_global_method_dispatcher 10019400 f   sfc_mexmsvc80:sfc_sf.obj
 0001:000185c0       _mdl_zeroCrossings_processing 100195c0 f   sfc_mexmsvc80:sfc_sf.obj
 0001:00018670       _mdl_derivatives_processing 10019670 f   sfc_mexmsvc80:sfc_sf.obj
 0001:000188f0       _mdl_outputs_continuous_legacy 100198f0 f   sfc_mexmsvc80:sfc_sf.obj
 0001:00018970       _mdl_outputs_processing    10019970 f   sfc_mexmsvc80:sfc_sf.obj
 0001:00018ba0       _mdl_enable_processing     10019ba0 f   sfc_mexmsvc80:sfc_sf.obj
 0001:00018c50       _mdl_disable_processing    10019c50 f   sfc_mexmsvc80:sfc_sf.obj
 0001:000197c0       _sf_call_output_fcn_enable_disable 1001a7c0 f   sfc_mexmsvc80:sfc_sf.obj
 0001:000199e0       _set_dwork_information_from_mx_array 1001a9e0 f   sfc_mexmsvc80:sfc_sf.obj
 0001:0001a380       _ptr2mxStruct              1001b380 f   sfc_mexmsvc80:sfc_sf.obj
 0001:0001a5a0       _SNPRINTF_WRAPPER          1001b5a0 f   sfc_debugmsvc80:sfcdebug.obj
 0001:0001a5e0       _sf_debug_chart_instance_initialized 1001b5e0 f   sfc_debugmsvc80:sfcdebug.obj
 0001:0001a760       _sfrtAddSize               1001b760 f   sfc_debugmsvc80:sfcdebug.obj
 0001:0001a810       _sfrtGenSizeString         1001b810 f   sfc_debugmsvc80:sfcdebug.obj
 0001:0001acc0       _fill_single_message_info  1001bcc0 f   sfc_debugmsvc80:sfcdebug.obj
 0001:0001ae20       _sf_debug_sim_status_listener 1001be20 f   sfc_debugmsvc80:sfcdebug.obj
 0001:0001b2f0       _sf_debug_form_mask_bits   1001c2f0 f   sfc_debugmsvc80:sfcdebug.obj
 0001:0001b330       _sf_debug_form_sf_data_type_offsets 1001c330 f   sfc_debugmsvc80:sfcdebug.obj
 0001:0001b3c0       _sf_debug_free_all         1001c3c0 f   sfc_debugmsvc80:sfcdebug.obj
 0001:0001b560       _sf_debug_append_debugger_context 1001c560 f   sfc_debugmsvc80:sfcdebug.obj
 0001:0001b8c0       _local_strdup              1001c8c0 f   sfc_debugmsvc80:sfcdebug.obj
 0001:0001c5c0       _sf_debug_em_terminate     1001d5c0 f   sfc_debugmsvc80:sfcdebug.obj
 0001:0001c600       _sf_debug_push_eml_function 1001d600 f   sfc_debugmsvc80:sfcdebug.obj
 0001:0001c690       _sf_debug_pop_eml_function 1001d690 f   sfc_debugmsvc80:sfcdebug.obj
 0001:0001cf60       _sf_debug_get_machine_number_from_id_or_name 1001df60 f   sfc_debugmsvc80:sfcdebug.obj
 0001:0001d0c0       _sf_debug_get_chart_number_from_id 1001e0c0 f   sfc_debugmsvc80:sfcdebug.obj
 0001:0001dad0       _sf_debug_transfer_control_to_debugger_GUI 1001ead0 f   sfc_debugmsvc80:sfcdebug.obj
 0001:0001e920       _sf_debug_scripts_rehash   1001f920 f   sfc_debugmsvc80:sfcdebug.obj
 0001:0001ead0       _sf_debug_get_script_line_count 1001fad0 f   sfc_debugmsvc80:sfcdebug.obj
 0001:0001f180       _cv_eml_state_cvId         10020180 f   sfc_debugmsvc80:sfcdebug.obj
 0001:0001f1d0       _cv_eml_trans_cvId         100201d0 f   sfc_debugmsvc80:sfcdebug.obj
 0001:00020040       _sf_debug_data_array_bounds_error 10021040 f   sfc_debugmsvc80:sfcdebug.obj
 0001:00020350       _eml_debug_runtime_error_doclink 10021350 f   sfc_debugmsvc80:sfcdebug.obj
 0001:00020480       _sf_debug_runtime_error    10021480 f   sfc_debugmsvc80:sfcdebug.obj
 0001:000204d0       _sf_debug_matlab_error     100214d0 f   sfc_debugmsvc80:sfcdebug.obj
 0001:00020aa0       _sf_debug_data_value_error 10021aa0 f   sfc_debugmsvc80:sfcdebug.obj
 0001:000210d0       _sf_debug_data_loss_error  100220d0 f   sfc_debugmsvc80:sfcdebug.obj
 0001:00021c40       _call_cv_range_check       10022c40 f   sfc_debugmsvc80:sfcdebug.obj
 0001:000221e0       _sf_debug_invoke_cycle_detection_code 100231e0 f   sfc_debugmsvc80:sfcdebug.obj
 0001:00022b60       _sf_reset_debug_info_struct 10023b60 f   sfc_debugmsvc80:sfcdebug.obj
 0001:000231c0       _cv_script_cvId            100241c0 f   sfc_debugmsvc80:sfcdebug.obj
 0001:00023c20       _sfc_api_chart_visible     10024c20 f   sfc_debugmsvc80:sfc_api.obj
 0001:00023ce0       _sfc_api_active_instance   10024ce0 f   sfc_debugmsvc80:sfc_api.obj
 0001:00023d80       _sfc_api_machine_load      10024d80 f   sfc_debugmsvc80:sfc_api.obj
 0001:00023e90       _sfc_api_debugger_alive    10024e90 f   sfc_debugmsvc80:sfc_api.obj
 0001:00023eb0       _sfc_api_go                10024eb0 f   sfc_debugmsvc80:sfc_api.obj
 0001:00023ed0       _sfc_api_step_over         10024ed0 f   sfc_debugmsvc80:sfc_api.obj
 0001:00023ef0       _sfc_api_step_out          10024ef0 f   sfc_debugmsvc80:sfc_api.obj
 0001:00023f10       _sfc_api_resume            10024f10 f   sfc_debugmsvc80:sfc_api.obj
 0001:00023f30       _sfc_api_break             10024f30 f   sfc_debugmsvc80:sfc_api.obj
 0001:00023f50       _sfc_api_stop_debugging    10024f50 f   sfc_debugmsvc80:sfc_api.obj
 0001:00023fa0       _sfc_api_is_cycle_detected 10024fa0 f   sfc_debugmsvc80:sfc_api.obj
 0001:00023ff0       _sfc_api_is_array_bounds_detected 10024ff0 f   sfc_debugmsvc80:sfc_api.obj
 0001:00024040       _sfc_api_set_disable_all_breakpoints 10025040 f   sfc_debugmsvc80:sfc_api.obj
 0001:000240d0       _sfc_api_disable_all_breakpoints_and_go 100250d0 f   sfc_debugmsvc80:sfc_api.obj
 0001:000240f0       _sfc_api_close             100250f0 f   sfc_debugmsvc80:sfc_api.obj
 0001:00024110       _sfc_api_browse_data       10025110 f   sfc_debugmsvc80:sfc_api.obj
 0001:00024190       _sfc_api_watch_data        10025190 f   sfc_debugmsvc80:sfc_api.obj
 0001:00024290       _sfc_api_extract_message_post_receive_info 10025290 f   sfc_debugmsvc80:sfc_api.obj
 0001:000242b0       _sfc_api_assign_data       100252b0 f   sfc_debugmsvc80:sfc_api.obj
 0001:00024330       _sfc_api_whos              10025330 f   sfc_debugmsvc80:sfc_api.obj
 0001:000243c0       _sfc_api_get_consistency_info 100253c0 f   sfc_debugmsvc80:sfc_api.obj
 0001:000243e0       _sfc_api_browse_trace      100253e0 f   sfc_debugmsvc80:sfc_api.obj
 0001:00024400       _sfc_api_break_on_chart_entry 10025400 f   sfc_debugmsvc80:sfc_api.obj
 0001:00024440       _sfc_api_break_on_event_broadcast 10025440 f   sfc_debugmsvc80:sfc_api.obj
 0001:00024480       _sfc_api_break_on_state_entry 10025480 f   sfc_debugmsvc80:sfc_api.obj
 0001:000244c0       _sfc_api_set_watch         100254c0 f   sfc_debugmsvc80:sfc_api.obj
 0001:000245a0       _sfc_api_set_breakpoints   100255a0 f   sfc_debugmsvc80:sfc_api.obj
 0001:00024680       _sfc_api_set_eml_breakpoints 10025680 f   sfc_debugmsvc80:sfc_api.obj
 0001:00024730       _sfc_api_set_script_breakpoints 10025730 f   sfc_debugmsvc80:sfc_api.obj
 0001:000247a0       _sfc_api_add_script_breakpoints 100257a0 f   sfc_debugmsvc80:sfc_api.obj
 0001:00024810       _sfc_api_clear_script_breakpoints 10025810 f   sfc_debugmsvc80:sfc_api.obj
 0001:00024880       _sfc_api_query_script_breakpoints 10025880 f   sfc_debugmsvc80:sfc_api.obj
 0001:000248f0       _sfc_api_get_script_id     100258f0 f   sfc_debugmsvc80:sfc_api.obj
 0001:00024990       _sfc_api_get_active_states 10025990 f   sfc_debugmsvc80:sfc_api.obj
 0001:00024a00       _sfc_api_break_between_times 10025a00 f   sfc_debugmsvc80:sfc_api.obj
 0001:00024a60       _sfc_api_get_instance_handle 10025a60 f   sfc_debugmsvc80:sfc_api.obj
 0001:00024b40       _sfc_api_set_animation     10025b40 f   sfc_debugmsvc80:sfc_api.obj
 0001:00024ba0       _sfc_api_select_chart      10025ba0 f   sfc_debugmsvc80:sfc_api.obj
 0001:00024c30       _sfc_api_select_charts     10025c30 f   sfc_debugmsvc80:sfc_api.obj
 0001:00024c60       _sfc_api_cycle_detection_check 10025c60 f   sfc_debugmsvc80:sfc_api.obj
 0001:00024cc0       _sfc_api_data_range_check  10025cc0 f   sfc_debugmsvc80:sfc_api.obj
 0001:00024d20       _sfc_api_transition_conflict_check 10025d20 f   sfc_debugmsvc80:sfc_api.obj
 0001:00024d80       _sfc_api_state_consistency_check 10025d80 f   sfc_debugmsvc80:sfc_api.obj
 0001:00024de0       _sfc_api_set_instance_cv_ids 10025de0 f   sfc_debugmsvc80:sfc_api.obj
 0001:00024f10       _sfc_api_set_script_cv_ids 10025f10 f   sfc_debugmsvc80:sfc_api.obj
 0001:00024fe0       _sfc_api_get_current_machine_id 10025fe0 f   sfc_debugmsvc80:sfc_api.obj
 0001:00025020       _sfc_api_get_current_machine_number 10026020 f   sfc_debugmsvc80:sfc_api.obj
 0001:00025060       _sfc_api_get_current_chart_number 10026060 f   sfc_debugmsvc80:sfc_api.obj
 0001:000250a0       _sfc_api_get_current_instance_number 100260a0 f   sfc_debugmsvc80:sfc_api.obj
 0001:000250e0       _sfc_api_get_current_instance_handle 100260e0 f   sfc_debugmsvc80:sfc_api.obj
 0001:00025100       _sfc_api_get_current_is_minor_time_step 10026100 f   sfc_debugmsvc80:sfc_api.obj
 0001:00025140       _sfc_api_get_current_machine_name 10026140 f   sfc_debugmsvc80:sfc_api.obj
 0001:00025160       _sfc_api_get_current_chart_id 10026160 f   sfc_debugmsvc80:sfc_api.obj
 0001:000251a0       _sfc_api_get_current_object_type 100261a0 f   sfc_debugmsvc80:sfc_api.obj
 0001:000251e0       _sfc_api_get_current_event_type 100261e0 f   sfc_debugmsvc80:sfc_api.obj
 0001:00025220       _sfc_api_get_current_object_id 10026220 f   sfc_debugmsvc80:sfc_api.obj
 0001:00025260       _sfc_get_current_active_event_type 10026260 f   sfc_debugmsvc80:sfc_api.obj
 0001:000252a0       _sfc_api_get_current_active_event_id 100262a0 f   sfc_debugmsvc80:sfc_api.obj
 0001:000252e0       _sfc_api_get_current_simulation_time 100262e0 f   sfc_debugmsvc80:sfc_api.obj
 0001:00025300       _sfc_get_current_tag_type  10026300 f   sfc_debugmsvc80:sfc_api.obj
 0001:00025340       _sfc_get_current_coverage_percentage 10026340 f   sfc_debugmsvc80:sfc_api.obj
 0001:00025360       _sfc_get_current_statement_context 10026360 f   sfc_debugmsvc80:sfc_api.obj
 0001:00025380       _sfc_get_current_optional_integer 10026380 f   sfc_debugmsvc80:sfc_api.obj
 0001:000253b0       _sfc_get_current_statement_info 100263b0 f   sfc_debugmsvc80:sfc_api.obj
 0001:00025450       _sfc_api_get               10026450 f   sfc_debugmsvc80:sfc_api.obj
 0001:00025ea0       _sf_debug_sm_fill_state_activity_data 10026ea0 f   sfc_debugmsvc80:sfdb_animation.obj
 0001:00028170       _void_ptr_stack_vector_free_total 10029170 f   sfc_debugmsvc80:sfdb_data_browse.obj
 0001:000281d0       _sf_debug_st_terminate_machine 100291d0 f   sfc_debugmsvc80:sfdb_data_browse.obj
 0001:00028200       _sf_debug_st_terminate_instance 10029200 f   sfc_debugmsvc80:sfdb_data_browse.obj
 0001:00028380       _push_on_to_void_ptr_stack 10029380 f   sfc_debugmsvc80:sfdb_data_browse.obj
 0001:000284b0       _pop_from_void_ptr_stack   100294b0 f   sfc_debugmsvc80:sfdb_data_browse.obj
 0001:000285b0       _sf_debug_st_get_data_value 100295b0 f   sfc_debugmsvc80:sfdb_data_browse.obj
 0001:00028a50       _mx_value                  10029a50 f   sfc_debugmsvc80:sfdb_data_browse.obj
 0001:00028a80       _sf_debug_st_fill_data_struct 10029a80 f   sfc_debugmsvc80:sfdb_data_browse.obj
 0001:00028d50       _data_type_format_strings  10029d50 f   sfc_debugmsvc80:sfdb_data_browse.obj
 0001:00028dc0       _sf_debug_st_fill_data     10029dc0 f   sfc_debugmsvc80:sfdb_data_browse.obj
 0001:000297c0       _sf_debug_hm_get_simulink_handle 1002a7c0 f   sfc_debugmsvc80:sfdb_handle_management.obj
 0001:0002a140       _sf_debug_hm_initialize_globals 1002b140 f   sfc_debugmsvc80:sfdb_handle_management.obj
 0001:0002a230       _sf_debug_hm_get_machine_debug_flag 1002b230 f   sfc_debugmsvc80:sfdb_handle_management.obj
 0001:0002a380       _sf_debug_hm_get_machine_id 1002b380 f   sfc_debugmsvc80:sfdb_handle_management.obj
 0001:0002a490       _sf_debug_hm_get_chart_id  1002b490 f   sfc_debugmsvc80:sfdb_handle_management.obj
 0001:0002a600       _sf_debug_hm_register_executing_SFunction 1002b600 f   sfc_debugmsvc80:sfdb_handle_management.obj
 0001:0002a900       _sf_debug_hm_form_object_boolean_properties 1002b900 f   sfc_debugmsvc80:sfdb_handle_management.obj
 0001:0002ab70       _sf_debug_hm_form_object_properties 1002bb70 f   sfc_debugmsvc80:sfdb_handle_management.obj
 0001:0002ad70       _sf_debug_hm_terminate_charts 1002bd70 f   sfc_debugmsvc80:sfdb_handle_management.obj
 0001:0002b390       _sf_debug_hm_terminate_machines 1002c390 f   sfc_debugmsvc80:sfdb_handle_management.obj
 0001:0002cbb0       _sf_debug_ss_copy_dimension 1002dbb0 f   sfc_debugmsvc80:sfdb_symbol_scope.obj
 0001:0002cc20       _sf_debug_ss_get_number_elements 1002dc20 f   sfc_debugmsvc80:sfdb_symbol_scope.obj
 0001:0002cc40       _sf_debug_ss_fill_data_struct 1002dc40 f   sfc_debugmsvc80:sfdb_symbol_scope.obj
 0001:0002ce30       _sf_debug_ss_reset_data_info 1002de30 f   sfc_debugmsvc80:sfdb_symbol_scope.obj
 0001:0002ce80       _sf_debug_fill_data_info_by_symbol_scope_entry 1002de80 f   sfc_debugmsvc80:sfdb_symbol_scope.obj
 0001:0002cf30       _sf_debug_fill_data_info_by_data_vector 1002df30 f   sfc_debugmsvc80:sfdb_symbol_scope.obj
 0001:0002d0f0       _get_data_info_helper      1002e0f0 f   sfc_debugmsvc80:sfdb_symbol_scope.obj
 0001:0002d170       _sf_debug_ss_get_data_info 1002e170 f   sfc_debugmsvc80:sfdb_symbol_scope.obj
 0001:0002d320       _sf_debug_select_mex_function 1002e320 f   sfc_debugmsvc80:sfdb_symbol_scope.obj
 0001:0002d350       _sf_debug_is_dyn_matrix_initialized 1002e350 f   sfc_debugmsvc80:sfdb_symbol_scope.obj
 0001:0002d370       _sf_debug_ss_set_data_value_try 1002e370 f   sfc_debugmsvc80:sfdb_symbol_scope.obj
 0001:0002d4a0       _sf_debug_ss_get_data_value 1002e4a0 f   sfc_debugmsvc80:sfdb_symbol_scope.obj
 0001:0002d9d0       _sf_debug_ss_data_bytes_string 1002e9d0 f   sfc_debugmsvc80:sfdb_symbol_scope.obj
 0001:0002da40       _sf_debug_ss_data_class_string 1002ea40 f   sfc_debugmsvc80:sfdb_symbol_scope.obj
 0001:0002dd90       _sf_debug_ss_data_size_string 1002ed90 f   sfc_debugmsvc80:sfdb_symbol_scope.obj
 0001:0002de50       _sf_debug_ss_data_create_data_info_struct 1002ee50 f   sfc_debugmsvc80:sfdb_symbol_scope.obj
 0001:0002e0b0       _sf_debug_ss_data_create_name_value_pair 1002f0b0 f   sfc_debugmsvc80:sfdb_symbol_scope.obj
 0001:0002e110       _sf_debug_ss_data_get_whos_info 1002f110 f   sfc_debugmsvc80:sfdb_symbol_scope.obj
 0001:0002e140       _same_named_data_in_data_array 1002f140 f   sfc_debugmsvc80:sfdb_symbol_scope.obj
 0001:0002f5d0       _sf_debug_cc_terminate_chart 100305d0 f   sfc_debugmsvc80:sfdb_coverage.obj
 0001:0002f8e0       _sf_debug_cc_terminate_instance 100308e0 f   sfc_debugmsvc80:sfdb_coverage.obj
 0001:00030310       _sf_debug_cc_mark_object_if_needed 10031310 f   sfc_debugmsvc80:sfdb_coverage.obj
 0001:00030a90       _sf_debug_bm_initialize_eml 10031a90 f   sfc_debugmsvc80:sfdb_breakpoints.obj
 0001:00031a60       _sf_debug_bm_map_debug_tag_to_breakpoint_tag 10032a60 f   sfc_debugmsvc80:sfdb_breakpoints.obj
 0001:00031b00       _sf_debug_bm_is_a_eml_breakpoint_impl 10032b00 f   sfc_debugmsvc80:sfdb_breakpoints.obj
 0001:00033160       _sf_debug_sc_push_on_error_stack 10034160 f   sfc_debugmsvc80:sfdb_state_consistency.obj
 0001:00033260       _sf_debug_sc_reset_error_stack 10034260 f   sfc_debugmsvc80:sfdb_state_consistency.obj
 0001:000333b0       _sf_debug_sc_is_state_inconsistent 100343b0 f   sfc_debugmsvc80:sfdb_state_consistency.obj
 0001:000335d0       _sf_debug_sc_fill_consistency_info 100345d0 f   sfc_debugmsvc80:sfdb_state_consistency.obj
 0001:00033a60       _void_assertion_fcn        10034a60 f   sfc_debugmsvc80:sfdb_call_stack.obj
 0001:00033f40       _sf_debug_tm_fill_local_trace 10034f40 f   sfc_debugmsvc80:sfdb_call_stack.obj
 0001:000343c0       _sf_debug_cd_terminate_instance 100353c0 f   sfc_debugmsvc80:sfdb_cycle_detection.obj
 0001:00034420       _sf_debug_cd_free_checksum_stack 10035420 f   sfc_debugmsvc80:sfdb_cycle_detection.obj
 0001:00034450       _sf_debug_cd_reset_pack_strings 10035450 f   sfc_debugmsvc80:sfdb_cycle_detection.obj
 0001:00034a90       _md5file_clear             10035a90 f   sfc_debugmsvc80:ckmd5.obj
 0001:00034ac0       _Encode                    10035ac0 f   sfc_debugmsvc80:ckmd5.obj
 0001:00034b00       _Decode                    10035b00 f   sfc_debugmsvc80:ckmd5.obj
 0001:00034b80       _MD5Transform              10035b80 f   sfc_debugmsvc80:ckmd5.obj
 0001:00035240       _md5file_addn              10036240 f   sfc_debugmsvc80:ckmd5.obj
 0001:000352f0       _md5file_hash              100362f0 f   sfc_debugmsvc80:ckmd5.obj
 0001:00035807       _pre_c_init                10036807 f   MSVCRT:crtdll.obj
 0001:00035a5f       ___DllMainCRTStartup       10036a5f f   MSVCRT:crtdll.obj
